<html>
<body>
<pre>
<h1>µVision Build Log</h1>
<h2>Tool Versions:</h2>
IDE-Version: ¦ÌVision V5.25.1.0
Copyright (C) 2018 ARM Ltd and ARM Germany GmbH. All rights reserved.
License Information: Microsoft, Microsoft, LIC=S5IEV-PT8B5-MQS0F-6RY0Y-5LI26-0GCQV
 
Tool Versions:
Toolchain:       MDK-ARM Professional  Version: 5.25.1.0
Toolchain Path:  C:\Keil_v5\ARM\ARMCC\Bin
C Compiler:      Armcc.exe V5.06 update 6 (build 750)
Assembler:       Armasm.exe V5.06 update 6 (build 750)
Linker/Locator:  ArmLink.exe V5.06 update 6 (build 750)
Library Manager: ArmAr.exe V5.06 update 6 (build 750)
Hex Converter:   FromElf.exe V5.06 update 6 (build 750)
CPU DLL:         SARMCM3.DLL V5.25.1.0
Dialog DLL:      DCM.DLL V1.17.0.0
Target DLL:      Segger\JL2CM3.dll V2.99.28.0
Dialog DLL:      TCM.DLL V1.34.0.0
 
<h2>Project:</h2>
C:\Users\Administrator\Desktop\VoiceGateway-V4.5\Project\NetBroadcast.uvproj
Project File Date:  09/17/2018

<h2>Output:</h2>
*** Using Compiler 'V5.06 update 6 (build 750)', folder: 'C:\Keil_v5\ARM\ARMCC\Bin'
Rebuild target 'NetBroadcast'
compiling Udp.c...
compiling main.c...
compiling Public.c...
compiling VoicePro.c...
compiling Config.c...
compiling CPU.c...
compiling Can.c...
compiling CanPro.c...
compiling NetPro.c...
compiling FmInit.c...
compiling W5500.C...
compiling IPD_ZJM.c...
compiling DeviceManger.c...
compiling PekingPower.c...
compiling SD2068.c...
compiling Uart.c...
assembling startup_stm32f10x_hd.s...
compiling Switcher.c...
compiling stm32f10x_lib.c...
compiling sys.c...
linking...
Program Size: Code=33532 RO-data=336 RW-data=28 ZI-data=30068  
FromELF: creating hex file...
"..\Output\NetBroadcast.axf" - 0 Error(s), 0 Warning(s).
Build Time Elapsed:  00:00:01
</pre>
</body>
</html>
