ARM Linker, 4.1 [Build 894] [Standard]

==============================================================================

Section Cross References

    netpro.o(.text) refers to public.o(.text) for CalCrc16
    netpro.o(.text) refers to w5500.o(.text) for SendSocketData
    netpro.o(.text) refers to config.o(.text) for WriteConfig
    netpro.o(.text) refers to w5500.o(.bss) for Net
    netpro.o(.text) refers to netpro.o(.data) for Sys
    netpro.o(.text) refers to voicepro.o(.bss) for Voice
    netpro.o(.text) refers to config.o(.bss) for ConfigBuf
    netpro.o(.text) refers to public.o(.data) for SYS_TICK
    netpro.o(.text) refers to main.o(.data) for LedRunTime
    main.o(.text) refers to public.o(.text) for MsTickDiff
    main.o(.text) refers to cpu.o(.text) for CpuInit
    main.o(.text) refers to config.o(.text) for ReadConfig
    main.o(.text) refers to voicepro.o(.text) for VoicePro
    main.o(.text) refers to netpro.o(.text) for NetPro
    main.o(.text) refers to public.o(.data) for SYS_TICK
    main.o(.text) refers to main.o(.data) for LedTick
    public.o(.text) refers to public.o(.data) for SYS_TICK
    config.o(.text) refers to fminit.o(.text) for FramReadBurstByte
    config.o(.text) refers to public.o(.text) for CRC16Check
    config.o(.text) refers to config.o(.bss) for ConfigBuf
    config.o(.text) refers to netpro.o(.data) for Sys
    config.o(.text) refers to w5500.o(.bss) for Net
    voicepro.o(.text) refers to public.o(.text) for MsTickDiff
    voicepro.o(.text) refers to w5500.o(.text) for SendSocketData
    voicepro.o(.text) refers to voicepro.o(.bss) for Voice
    voicepro.o(.text) refers to w5500.o(.bss) for Net
    voicepro.o(.text) refers to public.o(.data) for SYS_TICK
    voicepro.o(.text) refers to cpu.o(.data) for Timer125MsFlag
    voicepro.o(.text) refers to voicepro.o(.data) for sendCnt
    cpu.o(.text) refers to sys.o(.text) for Stm32_Clock_Init
    cpu.o(.text) refers to fminit.o(.text) for FmInit
    cpu.o(.text) refers to uart.o(.text) for Dma1Init
    cpu.o(.text) refers to public.o(.data) for SYS_TICK
    cpu.o(.text) refers to voicepro.o(.bss) for Voice
    cpu.o(.text) refers to cpu.o(.data) for Timer125MsFlag
    w5500.o(.text) refers to public.o(.text) for MsTickDiff
    w5500.o(.text) refers to sys.o(.text) for Ex_NVIC_Config
    w5500.o(.text) refers to public.o(.data) for SYS_TICK
    w5500.o(.text) refers to w5500.o(.bss) for Net
    uart.o(.text) refers to fflt_clz.o(x$fpl$ffltu) for __aeabi_ui2f
    uart.o(.text) refers to fdiv.o(x$fpl$fdiv) for __aeabi_fdiv
    uart.o(.text) refers to ffixu.o(x$fpl$ffixu) for __aeabi_f2uiz
    uart.o(.text) refers to faddsub_clz.o(x$fpl$frsb) for __aeabi_frsub
    uart.o(.text) refers to fmul.o(x$fpl$fmul) for __aeabi_fmul
    uart.o(.text) refers to sys.o(.text) for MY_NVIC_Init
    uart.o(.text) refers to public.o(.text) for MsTickDiff
    uart.o(.text) refers to public.o(.data) for SYS_TICK
    uart.o(.text) refers to voicepro.o(.bss) for Voice
    fminit.o(.text) refers to public.o(.text) for delay_us
    sys.o(.text) refers to sys.o(.emb_text) for WFI_SET
    startup_stm32f10x_hd.o(STACK) refers (Special) to heapauxi.o(.text) for __use_two_region_memory
    startup_stm32f10x_hd.o(HEAP) refers (Special) to heapauxi.o(.text) for __use_two_region_memory
    startup_stm32f10x_hd.o(RESET) refers (Special) to heapauxi.o(.text) for __use_two_region_memory
    startup_stm32f10x_hd.o(RESET) refers to startup_stm32f10x_hd.o(STACK) for __initial_sp
    startup_stm32f10x_hd.o(RESET) refers to startup_stm32f10x_hd.o(.text) for Reset_Handler
    startup_stm32f10x_hd.o(RESET) refers to uart.o(.text) for DMA1_Channel4_IRQHandler
    startup_stm32f10x_hd.o(RESET) refers to w5500.o(.text) for EXTI9_5_IRQHandler
    startup_stm32f10x_hd.o(RESET) refers to cpu.o(.text) for TIM2_IRQHandler
    startup_stm32f10x_hd.o(.text) refers (Special) to heapauxi.o(.text) for __use_two_region_memory
    startup_stm32f10x_hd.o(.text) refers to __main.o(!!!main) for __main
    startup_stm32f10x_hd.o(.text) refers to startup_stm32f10x_hd.o(HEAP) for Heap_Mem
    startup_stm32f10x_hd.o(.text) refers to startup_stm32f10x_hd.o(STACK) for Stack_Mem
    __main.o(!!!main) refers to rtentry.o(.ARM.Collect$$rtentry$$00000000) for __rt_entry
    faddsub_clz.o(x$fpl$fadd) refers (Special) to usenofp.o(x$fpl$usenofp) for __I$use$fp
    faddsub_clz.o(x$fpl$fadd) refers to faddsub_clz.o(x$fpl$fsub) for _fsub1
    faddsub_clz.o(x$fpl$fadd) refers to fretinf.o(x$fpl$fretinf) for __fpl_fretinf
    faddsub_clz.o(x$fpl$fadd) refers to fnaninf.o(x$fpl$fnaninf) for __fpl_fnaninf
    faddsub_clz.o(x$fpl$frsb) refers (Special) to usenofp.o(x$fpl$usenofp) for __I$use$fp
    faddsub_clz.o(x$fpl$frsb) refers to faddsub_clz.o(x$fpl$fadd) for _fadd1
    faddsub_clz.o(x$fpl$frsb) refers to faddsub_clz.o(x$fpl$fsub) for _fsub1
    faddsub_clz.o(x$fpl$fsub) refers (Special) to usenofp.o(x$fpl$usenofp) for __I$use$fp
    faddsub_clz.o(x$fpl$fsub) refers to faddsub_clz.o(x$fpl$fadd) for _fadd1
    faddsub_clz.o(x$fpl$fsub) refers to fnaninf.o(x$fpl$fnaninf) for __fpl_fnaninf
    fdiv.o(x$fpl$frdiv) refers (Special) to usenofp.o(x$fpl$usenofp) for __I$use$fp
    fdiv.o(x$fpl$frdiv) refers to fdiv.o(x$fpl$fdiv) for _fdiv1
    fdiv.o(x$fpl$fdiv) refers (Special) to usenofp.o(x$fpl$usenofp) for __I$use$fp
    fdiv.o(x$fpl$fdiv) refers to fretinf.o(x$fpl$fretinf) for __fpl_fretinf
    fdiv.o(x$fpl$fdiv) refers to fnaninf.o(x$fpl$fnaninf) for __fpl_fnaninf
    ffixu.o(x$fpl$ffixu) refers (Special) to usenofp.o(x$fpl$usenofp) for __I$use$fp
    ffixu.o(x$fpl$ffixu) refers to fnaninf.o(x$fpl$fnaninf) for __fpl_fnaninf
    ffixu.o(x$fpl$ffixur) refers (Special) to usenofp.o(x$fpl$usenofp) for __I$use$fp
    ffixu.o(x$fpl$ffixur) refers to fnaninf.o(x$fpl$fnaninf) for __fpl_fnaninf
    fflt_clz.o(x$fpl$ffltu) refers (Special) to usenofp.o(x$fpl$usenofp) for __I$use$fp
    fflt_clz.o(x$fpl$fflt) refers (Special) to usenofp.o(x$fpl$usenofp) for __I$use$fp
    fflt_clz.o(x$fpl$ffltn) refers (Special) to usenofp.o(x$fpl$usenofp) for __I$use$fp
    fmul.o(x$fpl$fmul) refers (Special) to usenofp.o(x$fpl$usenofp) for __I$use$fp
    fmul.o(x$fpl$fmul) refers to fretinf.o(x$fpl$fretinf) for __fpl_fretinf
    fmul.o(x$fpl$fmul) refers to fnaninf.o(x$fpl$fnaninf) for __fpl_fnaninf
    rtentry.o(.ARM.Collect$$rtentry$$00000000) refers (Special) to rtentry2.o(.ARM.Collect$$rtentry$$0000000A) for __rt_entry_li
    rtentry.o(.ARM.Collect$$rtentry$$00000000) refers (Special) to rtentry2.o(.ARM.Collect$$rtentry$$0000000D) for __rt_entry_main
    rtentry.o(.ARM.Collect$$rtentry$$00000000) refers (Special) to rtentry2.o(.ARM.Collect$$rtentry$$0000000C) for __rt_entry_postli_1
    rtentry.o(.ARM.Collect$$rtentry$$00000000) refers (Special) to rtentry2.o(.ARM.Collect$$rtentry$$00000009) for __rt_entry_postsh_1
    rtentry.o(.ARM.Collect$$rtentry$$00000000) refers (Special) to rtentry2.o(.ARM.Collect$$rtentry$$00000002) for __rt_entry_presh_1
    rtentry.o(.ARM.Collect$$rtentry$$00000000) refers (Special) to rtentry4.o(.ARM.Collect$$rtentry$$00000004) for __rt_entry_sh
    fnaninf.o(x$fpl$fnaninf) refers (Special) to usenofp.o(x$fpl$usenofp) for __I$use$fp
    fretinf.o(x$fpl$fretinf) refers (Special) to usenofp.o(x$fpl$usenofp) for __I$use$fp
    rtentry2.o(.ARM.Collect$$rtentry$$00000008) refers to boardinit2.o(.text) for _platform_post_stackheap_init
    rtentry2.o(.ARM.Collect$$rtentry$$0000000A) refers to libinit.o(.ARM.Collect$$libinit$$00000000) for __rt_lib_init
    rtentry2.o(.ARM.Collect$$rtentry$$0000000B) refers to boardinit3.o(.text) for _platform_post_lib_init
    rtentry2.o(.ARM.Collect$$rtentry$$0000000D) refers to main.o(.text) for main
    rtentry2.o(.ARM.Collect$$rtentry$$0000000D) refers to exit.o(.text) for exit
    rtentry2.o(.ARM.exidx) refers to rtentry2.o(.ARM.Collect$$rtentry$$00000001) for .ARM.Collect$$rtentry$$00000001
    rtentry2.o(.ARM.exidx) refers to rtentry2.o(.ARM.Collect$$rtentry$$00000008) for .ARM.Collect$$rtentry$$00000008
    rtentry2.o(.ARM.exidx) refers to rtentry2.o(.ARM.Collect$$rtentry$$0000000A) for .ARM.Collect$$rtentry$$0000000A
    rtentry2.o(.ARM.exidx) refers to rtentry2.o(.ARM.Collect$$rtentry$$0000000B) for .ARM.Collect$$rtentry$$0000000B
    rtentry2.o(.ARM.exidx) refers to rtentry2.o(.ARM.Collect$$rtentry$$0000000D) for .ARM.Collect$$rtentry$$0000000D
    rtentry4.o(.ARM.Collect$$rtentry$$00000004) refers to sys_stackheap_outer.o(.text) for __user_setup_stackheap
    rtentry4.o(.ARM.exidx) refers to rtentry4.o(.ARM.Collect$$rtentry$$00000004) for .ARM.Collect$$rtentry$$00000004
    sys_stackheap_outer.o(.text) refers to libspace.o(.text) for __user_perproc_libspace
    sys_stackheap_outer.o(.text) refers to startup_stm32f10x_hd.o(.text) for __user_initial_stackheap
    exit.o(.text) refers to rtexit.o(.ARM.Collect$$rtexit$$00000000) for __rt_exit
    libinit.o(.ARM.Collect$$libinit$$00000000) refers (Special) to libinit2.o(.ARM.Collect$$libinit$$0000002A) for __rt_lib_init_alloca_1
    libinit.o(.ARM.Collect$$libinit$$00000000) refers (Special) to libinit2.o(.ARM.Collect$$libinit$$00000028) for __rt_lib_init_argv_1
    libinit.o(.ARM.Collect$$libinit$$00000000) refers (Special) to libinit2.o(.ARM.Collect$$libinit$$00000017) for __rt_lib_init_atexit_1
    libinit.o(.ARM.Collect$$libinit$$00000000) refers (Special) to libinit2.o(.ARM.Collect$$libinit$$0000001D) for __rt_lib_init_clock_1
    libinit.o(.ARM.Collect$$libinit$$00000000) refers (Special) to libinit2.o(.ARM.Collect$$libinit$$0000002E) for __rt_lib_init_cpp_1
    libinit.o(.ARM.Collect$$libinit$$00000000) refers (Special) to libinit2.o(.ARM.Collect$$libinit$$0000002C) for __rt_lib_init_exceptions_1
    libinit.o(.ARM.Collect$$libinit$$00000000) refers (Special) to libinit2.o(.ARM.Collect$$libinit$$0000001B) for __rt_lib_init_fp_trap_1
    libinit.o(.ARM.Collect$$libinit$$00000000) refers (Special) to libinit2.o(.ARM.Collect$$libinit$$0000001F) for __rt_lib_init_getenv_1
    libinit.o(.ARM.Collect$$libinit$$00000000) refers (Special) to libinit2.o(.ARM.Collect$$libinit$$00000006) for __rt_lib_init_heap_1
    libinit.o(.ARM.Collect$$libinit$$00000000) refers (Special) to libinit2.o(.ARM.Collect$$libinit$$0000000D) for __rt_lib_init_lc_collate_1
    libinit.o(.ARM.Collect$$libinit$$00000000) refers (Special) to libinit2.o(.ARM.Collect$$libinit$$0000000F) for __rt_lib_init_lc_ctype_1
    libinit.o(.ARM.Collect$$libinit$$00000000) refers (Special) to libinit2.o(.ARM.Collect$$libinit$$00000011) for __rt_lib_init_lc_monetary_1
    libinit.o(.ARM.Collect$$libinit$$00000000) refers (Special) to libinit2.o(.ARM.Collect$$libinit$$00000013) for __rt_lib_init_lc_numeric_1
    libinit.o(.ARM.Collect$$libinit$$00000000) refers (Special) to libinit2.o(.ARM.Collect$$libinit$$00000015) for __rt_lib_init_lc_time_1
    libinit.o(.ARM.Collect$$libinit$$00000000) refers (Special) to libinit2.o(.ARM.Collect$$libinit$$0000000A) for __rt_lib_init_rand_1
    libinit.o(.ARM.Collect$$libinit$$00000000) refers (Special) to libinit2.o(.ARM.Collect$$libinit$$0000002F) for __rt_lib_init_return
    libinit.o(.ARM.Collect$$libinit$$00000000) refers (Special) to libinit2.o(.ARM.Collect$$libinit$$00000019) for __rt_lib_init_signal_1
    libinit.o(.ARM.Collect$$libinit$$00000000) refers (Special) to libinit2.o(.ARM.Collect$$libinit$$00000021) for __rt_lib_init_stdio_1
    libinit.o(.ARM.Collect$$libinit$$00000000) refers (Special) to libinit2.o(.ARM.Collect$$libinit$$00000008) for __rt_lib_init_user_alloc_1
    libinit.o(.ARM.Collect$$libinit$$00000000) refers to fpinit.o(x$fpl$fpinit) for _fp_init
    libspace.o(.text) refers to libspace.o(.bss) for __libspace_start
    rtexit.o(.ARM.Collect$$rtexit$$00000000) refers (Special) to rtexit2.o(.ARM.Collect$$rtexit$$00000004) for __rt_exit_exit
    rtexit.o(.ARM.Collect$$rtexit$$00000000) refers (Special) to rtexit2.o(.ARM.Collect$$rtexit$$00000003) for __rt_exit_ls
    rtexit.o(.ARM.Collect$$rtexit$$00000000) refers (Special) to rtexit2.o(.ARM.Collect$$rtexit$$00000002) for __rt_exit_prels_1
    rtexit.o(.ARM.exidx) refers (Special) to rtexit2.o(.ARM.Collect$$rtexit$$00000004) for __rt_exit_exit
    rtexit.o(.ARM.exidx) refers (Special) to rtexit2.o(.ARM.Collect$$rtexit$$00000003) for __rt_exit_ls
    rtexit.o(.ARM.exidx) refers (Special) to rtexit2.o(.ARM.Collect$$rtexit$$00000002) for __rt_exit_prels_1
    rtexit.o(.ARM.exidx) refers to rtexit.o(.ARM.Collect$$rtexit$$00000000) for .ARM.Collect$$rtexit$$00000000
    libinit2.o(.ARM.Collect$$libinit$$0000000C) refers to libinit2.o(.ARM.Collect$$libinit$$0000000B) for .ARM.Collect$$libinit$$0000000B
    libinit2.o(.ARM.Collect$$libinit$$0000000E) refers to libinit2.o(.ARM.Collect$$libinit$$0000000B) for .ARM.Collect$$libinit$$0000000B
    libinit2.o(.ARM.Collect$$libinit$$00000010) refers to libinit2.o(.ARM.Collect$$libinit$$0000000B) for .ARM.Collect$$libinit$$0000000B
    libinit2.o(.ARM.Collect$$libinit$$00000012) refers to libinit2.o(.ARM.Collect$$libinit$$0000000B) for .ARM.Collect$$libinit$$0000000B
    libinit2.o(.ARM.Collect$$libinit$$00000014) refers to libinit2.o(.ARM.Collect$$libinit$$0000000B) for .ARM.Collect$$libinit$$0000000B
    libinit2.o(.ARM.Collect$$libinit$$00000022) refers to argv_veneer.o(.emb_text) for __ARM_argv_veneer
    libinit2.o(.ARM.Collect$$libinit$$00000023) refers to argv_veneer.o(.emb_text) for __ARM_argv_veneer
    fpinit.o(x$fpl$fpinit) refers to rt_fp_status_addr_intlibspace.o(.text) for __rt_fp_status_addr
    rtexit2.o(.ARM.Collect$$rtexit$$00000003) refers to libshutdown.o(.ARM.Collect$$libshutdown$$00000000) for __rt_lib_shutdown
    rtexit2.o(.ARM.Collect$$rtexit$$00000004) refers to sys_exit.o(.text) for _sys_exit
    rtexit2.o(.ARM.exidx) refers to rtexit2.o(.ARM.Collect$$rtexit$$00000001) for .ARM.Collect$$rtexit$$00000001
    rtexit2.o(.ARM.exidx) refers to rtexit2.o(.ARM.Collect$$rtexit$$00000003) for .ARM.Collect$$rtexit$$00000003
    rtexit2.o(.ARM.exidx) refers to rtexit2.o(.ARM.Collect$$rtexit$$00000004) for .ARM.Collect$$rtexit$$00000004
    rt_fp_status_addr.o(.text) refers to rt_fp_status_addr.o(.bss) for __rt_fp_status_addr_data
    rt_fp_status_addr_intlibspace.o(.text) refers to libspace.o(.bss) for __libspace_start
    argv_veneer.o(.emb_text) refers to no_argv.o(.text) for __ARM_get_argv
    sys_exit.o(.text) refers (Special) to use_no_semi.o(.text) for __I$use$semihosting
    sys_exit.o(.text) refers (Special) to indicate_semi.o(.text) for __semihosting_library_function
    _get_argv_nomalloc.o(.text) refers (Special) to hrguard.o(.text) for __heap_region$guard
    _get_argv_nomalloc.o(.text) refers to defsig_rtmem_outer.o(.text) for __rt_SIGRTMEM
    _get_argv_nomalloc.o(.text) refers to sys_command.o(.text) for _sys_command_string
    libshutdown.o(.ARM.Collect$$libshutdown$$00000000) refers (Special) to libshutdown2.o(.ARM.Collect$$libshutdown$$00000006) for __rt_lib_shutdown_fp_trap_1
    libshutdown.o(.ARM.Collect$$libshutdown$$00000000) refers (Special) to libshutdown2.o(.ARM.Collect$$libshutdown$$0000000E) for __rt_lib_shutdown_heap_1
    libshutdown.o(.ARM.Collect$$libshutdown$$00000000) refers (Special) to libshutdown2.o(.ARM.Collect$$libshutdown$$0000000F) for __rt_lib_shutdown_return
    libshutdown.o(.ARM.Collect$$libshutdown$$00000000) refers (Special) to libshutdown2.o(.ARM.Collect$$libshutdown$$00000009) for __rt_lib_shutdown_signal_1
    libshutdown.o(.ARM.Collect$$libshutdown$$00000000) refers (Special) to libshutdown2.o(.ARM.Collect$$libshutdown$$00000003) for __rt_lib_shutdown_stdio_1
    libshutdown.o(.ARM.Collect$$libshutdown$$00000000) refers (Special) to libshutdown2.o(.ARM.Collect$$libshutdown$$0000000B) for __rt_lib_shutdown_user_alloc_1
    sys_command.o(.text) refers (Special) to use_no_semi.o(.text) for __I$use$semihosting
    sys_command.o(.text) refers (Special) to indicate_semi.o(.text) for __semihosting_library_function
    defsig_rtmem_outer.o(.text) refers to defsig_rtmem_inner.o(.text) for __rt_SIGRTMEM_inner
    defsig_rtmem_outer.o(.text) refers to defsig_exit.o(.text) for __sig_exit
    defsig_rtmem_formal.o(.text) refers to rt_raise.o(.text) for __rt_raise
    rt_raise.o(.text) refers to __raise.o(.text) for __raise
    rt_raise.o(.text) refers to sys_exit.o(.text) for _sys_exit
    defsig_exit.o(.text) refers to sys_exit.o(.text) for _sys_exit
    defsig_rtmem_inner.o(.text) refers to defsig_general.o(.text) for __default_signal_display
    __raise.o(.text) refers to defsig.o(CL$$defsig) for __default_signal_handler
    defsig_general.o(.text) refers to sys_wrch.o(.text) for _ttywrch
    sys_wrch.o(.text) refers (Special) to use_no_semi.o(.text) for __I$use$semihosting
    sys_wrch.o(.text) refers (Special) to indicate_semi.o(.text) for __semihosting_library_function
    defsig.o(CL$$defsig) refers to defsig_rtmem_inner.o(.text) for __rt_SIGRTMEM_inner
    defsig_abrt_inner.o(.text) refers to defsig_general.o(.text) for __default_signal_display
    defsig_fpe_inner.o(.text) refers to defsig_general.o(.text) for __default_signal_display
    defsig_rtred_inner.o(.text) refers to defsig_general.o(.text) for __default_signal_display
    defsig_stak_inner.o(.text) refers to defsig_general.o(.text) for __default_signal_display
    defsig_pvfn_inner.o(.text) refers to defsig_general.o(.text) for __default_signal_display
    defsig_cppl_inner.o(.text) refers to defsig_general.o(.text) for __default_signal_display
    defsig_segv_inner.o(.text) refers to defsig_general.o(.text) for __default_signal_display
    defsig_other.o(.text) refers to defsig_general.o(.text) for __default_signal_display


==============================================================================

Image Symbol Table

    Local Symbols

    Symbol Name                              Value     Ov Type        Size  Object(Section)

    ../../angel/boardlib.s                   0x00000000   Number         0  boardinit3.o ABSOLUTE
    ../../angel/boardlib.s                   0x00000000   Number         0  boardinit2.o ABSOLUTE
    ../../angel/boardlib.s                   0x00000000   Number         0  boardinit1.o ABSOLUTE
    ../../angel/boardlib.s                   0x00000000   Number         0  boardshut.o ABSOLUTE
    ../../angel/handlers.s                   0x00000000   Number         0  __scatter_zi.o ABSOLUTE
    ../../angel/handlers.s                   0x00000000   Number         0  __scatter_copy.o ABSOLUTE
    ../../angel/kernel.s                     0x00000000   Number         0  rtexit.o ABSOLUTE
    ../../angel/kernel.s                     0x00000000   Number         0  rtentry.o ABSOLUTE
    ../../angel/kernel.s                     0x00000000   Number         0  rtentry4.o ABSOLUTE
    ../../angel/kernel.s                     0x00000000   Number         0  rtexit2.o ABSOLUTE
    ../../angel/kernel.s                     0x00000000   Number         0  rtentry2.o ABSOLUTE
    ../../angel/rt.s                         0x00000000   Number         0  rt_raise.o ABSOLUTE
    ../../angel/rt.s                         0x00000000   Number         0  rt_fp_status_addr_intlibspace.o ABSOLUTE
    ../../angel/rt.s                         0x00000000   Number         0  rt_fp_status_addr.o ABSOLUTE
    ../../angel/scatter.s                    0x00000000   Number         0  __scatter.o ABSOLUTE
    ../../angel/startup.s                    0x00000000   Number         0  __main.o ABSOLUTE
    ../../angel/sys.s                        0x00000000   Number         0  indicate_semi.o ABSOLUTE
    ../../angel/sys.s                        0x00000000   Number         0  use_no_semi.o ABSOLUTE
    ../../angel/sys.s                        0x00000000   Number         0  sys_stackheap_outer.o ABSOLUTE
    ../../angel/sys.s                        0x00000000   Number         0  libspace.o ABSOLUTE
    ../../angel/sysapp.c                     0x00000000   Number         0  sys_wrch.o ABSOLUTE
    ../../angel/sysapp.c                     0x00000000   Number         0  sys_exit.o ABSOLUTE
    ../../angel/sysapp.c                     0x00000000   Number         0  sys_command.o ABSOLUTE
    ../../armsys.c                           0x00000000   Number         0  argv_veneer.o ABSOLUTE
    ../../armsys.c                           0x00000000   Number         0  argv_veneer.o ABSOLUTE
    ../../armsys.c                           0x00000000   Number         0  no_argv.o ABSOLUTE
    ../../armsys.c                           0x00000000   Number         0  _get_argv_nomalloc.o ABSOLUTE
    ../../faddsub.s                          0x00000000   Number         0  faddsub_clz.o ABSOLUTE
    ../../fdiv.s                             0x00000000   Number         0  fdiv.o ABSOLUTE
    ../../ffixu.s                            0x00000000   Number         0  ffixu.o ABSOLUTE
    ../../fflt.s                             0x00000000   Number         0  fflt_clz.o ABSOLUTE
    ../../fmul.s                             0x00000000   Number         0  fmul.o ABSOLUTE
    ../../fnaninf.s                          0x00000000   Number         0  fnaninf.o ABSOLUTE
    ../../fpinit.s                           0x00000000   Number         0  fpinit.o ABSOLUTE
    ../../fretinf.s                          0x00000000   Number         0  fretinf.o ABSOLUTE
    ../../heapalloc.c                        0x00000000   Number         0  hrguard.o ABSOLUTE
    ../../heapaux.c                          0x00000000   Number         0  heapauxi.o ABSOLUTE
    ../../libinit.s                          0x00000000   Number         0  libshutdown.o ABSOLUTE
    ../../libinit.s                          0x00000000   Number         0  libinit.o ABSOLUTE
    ../../libinit.s                          0x00000000   Number         0  libinit2.o ABSOLUTE
    ../../libinit.s                          0x00000000   Number         0  libshutdown2.o ABSOLUTE
    ../../signal.c                           0x00000000   Number         0  defsig_cppl_inner.o ABSOLUTE
    ../../signal.c                           0x00000000   Number         0  defsig_pvfn_inner.o ABSOLUTE
    ../../signal.c                           0x00000000   Number         0  defsig_rtmem_outer.o ABSOLUTE
    ../../signal.c                           0x00000000   Number         0  defsig_rtmem_formal.o ABSOLUTE
    ../../signal.c                           0x00000000   Number         0  defsig_abrt_inner.o ABSOLUTE
    ../../signal.c                           0x00000000   Number         0  defsig_rtred_inner.o ABSOLUTE
    ../../signal.c                           0x00000000   Number         0  defsig_fpe_inner.o ABSOLUTE
    ../../signal.c                           0x00000000   Number         0  defsig_exit.o ABSOLUTE
    ../../signal.c                           0x00000000   Number         0  defsig_stak_inner.o ABSOLUTE
    ../../signal.c                           0x00000000   Number         0  defsig_segv_inner.o ABSOLUTE
    ../../signal.c                           0x00000000   Number         0  defsig_other.o ABSOLUTE
    ../../signal.c                           0x00000000   Number         0  defsig_rtmem_inner.o ABSOLUTE
    ../../signal.c                           0x00000000   Number         0  __raise.o ABSOLUTE
    ../../signal.c                           0x00000000   Number         0  defsig_general.o ABSOLUTE
    ../../signal.s                           0x00000000   Number         0  defsig.o ABSOLUTE
    ../../stdlib.c                           0x00000000   Number         0  exit.o ABSOLUTE
    ../../usenofp.s                          0x00000000   Number         0  usenofp.o ABSOLUTE
    ..\App\Config.c                          0x00000000   Number         0  config.o ABSOLUTE
    ..\App\NetPro.c                          0x00000000   Number         0  netpro.o ABSOLUTE
    ..\App\Public.c                          0x00000000   Number         0  public.o ABSOLUTE
    ..\App\VoicePro.c                        0x00000000   Number         0  voicepro.o ABSOLUTE
    ..\App\main.c                            0x00000000   Number         0  main.o ABSOLUTE
    ..\Hardware\CPU.c                        0x00000000   Number         0  cpu.o ABSOLUTE
    ..\Hardware\FmInit.c                     0x00000000   Number         0  fminit.o ABSOLUTE
    ..\Hardware\Uart.c                       0x00000000   Number         0  uart.o ABSOLUTE
    ..\Hardware\W5500.C                      0x00000000   Number         0  w5500.o ABSOLUTE
    ..\Lib\startup_stm32f10x_hd.s            0x00000000   Number         0  startup_stm32f10x_hd.o ABSOLUTE
    ..\Lib\sys.c                             0x00000000   Number         0  sys.o ABSOLUTE
    ..\\Lib\\sys.c                           0x00000000   Number         0  sys.o ABSOLUTE
    dc.s                                     0x00000000   Number         0  dc.o ABSOLUTE
    RESET                                    0x08010000   Section      304  startup_stm32f10x_hd.o(RESET)
    !!!main                                  0x08010130   Section        8  __main.o(!!!main)
    !!!scatter                               0x08010138   Section       52  __scatter.o(!!!scatter)
    !!handler_copy                           0x0801016c   Section       26  __scatter_copy.o(!!handler_copy)
    !!handler_zi                             0x08010188   Section       28  __scatter_zi.o(!!handler_zi)
    .ARM.Collect$$libinit$$00000000          0x080101a4   Section        6  libinit.o(.ARM.Collect$$libinit$$00000000)
    .ARM.Collect$$libinit$$00000006          0x080101aa   Section        0  libinit2.o(.ARM.Collect$$libinit$$00000006)
    .ARM.Collect$$libinit$$00000008          0x080101aa   Section        0  libinit2.o(.ARM.Collect$$libinit$$00000008)
    .ARM.Collect$$libinit$$0000000A          0x080101aa   Section        0  libinit2.o(.ARM.Collect$$libinit$$0000000A)
    .ARM.Collect$$libinit$$0000000D          0x080101aa   Section        0  libinit2.o(.ARM.Collect$$libinit$$0000000D)
    .ARM.Collect$$libinit$$0000000F          0x080101aa   Section        0  libinit2.o(.ARM.Collect$$libinit$$0000000F)
    .ARM.Collect$$libinit$$00000011          0x080101aa   Section        0  libinit2.o(.ARM.Collect$$libinit$$00000011)
    .ARM.Collect$$libinit$$00000013          0x080101aa   Section        0  libinit2.o(.ARM.Collect$$libinit$$00000013)
    .ARM.Collect$$libinit$$00000015          0x080101aa   Section        0  libinit2.o(.ARM.Collect$$libinit$$00000015)
    .ARM.Collect$$libinit$$00000017          0x080101aa   Section        0  libinit2.o(.ARM.Collect$$libinit$$00000017)
    .ARM.Collect$$libinit$$00000019          0x080101aa   Section        0  libinit2.o(.ARM.Collect$$libinit$$00000019)
    .ARM.Collect$$libinit$$0000001B          0x080101aa   Section        0  libinit2.o(.ARM.Collect$$libinit$$0000001B)
    .ARM.Collect$$libinit$$0000001D          0x080101aa   Section        0  libinit2.o(.ARM.Collect$$libinit$$0000001D)
    .ARM.Collect$$libinit$$0000001F          0x080101aa   Section        0  libinit2.o(.ARM.Collect$$libinit$$0000001F)
    .ARM.Collect$$libinit$$00000021          0x080101aa   Section        0  libinit2.o(.ARM.Collect$$libinit$$00000021)
    .ARM.Collect$$libinit$$00000028          0x080101aa   Section        0  libinit2.o(.ARM.Collect$$libinit$$00000028)
    .ARM.Collect$$libinit$$0000002A          0x080101aa   Section        0  libinit2.o(.ARM.Collect$$libinit$$0000002A)
    .ARM.Collect$$libinit$$0000002C          0x080101aa   Section        0  libinit2.o(.ARM.Collect$$libinit$$0000002C)
    .ARM.Collect$$libinit$$0000002E          0x080101aa   Section        0  libinit2.o(.ARM.Collect$$libinit$$0000002E)
    .ARM.Collect$$libinit$$0000002F          0x080101aa   Section        2  libinit2.o(.ARM.Collect$$libinit$$0000002F)
    .ARM.Collect$$libshutdown$$00000000      0x080101ac   Section        2  libshutdown.o(.ARM.Collect$$libshutdown$$00000000)
    .ARM.Collect$$libshutdown$$00000003      0x080101ae   Section        0  libshutdown2.o(.ARM.Collect$$libshutdown$$00000003)
    .ARM.Collect$$libshutdown$$00000006      0x080101ae   Section        0  libshutdown2.o(.ARM.Collect$$libshutdown$$00000006)
    .ARM.Collect$$libshutdown$$00000009      0x080101ae   Section        0  libshutdown2.o(.ARM.Collect$$libshutdown$$00000009)
    .ARM.Collect$$libshutdown$$0000000B      0x080101ae   Section        0  libshutdown2.o(.ARM.Collect$$libshutdown$$0000000B)
    .ARM.Collect$$libshutdown$$0000000E      0x080101ae   Section        0  libshutdown2.o(.ARM.Collect$$libshutdown$$0000000E)
    .ARM.Collect$$libshutdown$$0000000F      0x080101ae   Section        2  libshutdown2.o(.ARM.Collect$$libshutdown$$0000000F)
    .ARM.Collect$$rtentry$$00000000          0x080101b0   Section        0  rtentry.o(.ARM.Collect$$rtentry$$00000000)
    .ARM.Collect$$rtentry$$00000002          0x080101b0   Section        0  rtentry2.o(.ARM.Collect$$rtentry$$00000002)
    .ARM.Collect$$rtentry$$00000004          0x080101b0   Section        6  rtentry4.o(.ARM.Collect$$rtentry$$00000004)
    .ARM.Collect$$rtentry$$00000009          0x080101b6   Section        0  rtentry2.o(.ARM.Collect$$rtentry$$00000009)
    .ARM.Collect$$rtentry$$0000000A          0x080101b6   Section        4  rtentry2.o(.ARM.Collect$$rtentry$$0000000A)
    .ARM.Collect$$rtentry$$0000000C          0x080101ba   Section        0  rtentry2.o(.ARM.Collect$$rtentry$$0000000C)
    .ARM.Collect$$rtentry$$0000000D          0x080101ba   Section        8  rtentry2.o(.ARM.Collect$$rtentry$$0000000D)
    .ARM.Collect$$rtexit$$00000000           0x080101c2   Section        2  rtexit.o(.ARM.Collect$$rtexit$$00000000)
    .ARM.Collect$$rtexit$$00000002           0x080101c4   Section        0  rtexit2.o(.ARM.Collect$$rtexit$$00000002)
    .ARM.Collect$$rtexit$$00000003           0x080101c4   Section        4  rtexit2.o(.ARM.Collect$$rtexit$$00000003)
    .ARM.Collect$$rtexit$$00000004           0x080101c8   Section        6  rtexit2.o(.ARM.Collect$$rtexit$$00000004)
    .emb_text                                0x080101d0   Section        2  sys.o(.emb_text)
    .text                                    0x080101d4   Section        0  netpro.o(.text)
    .text                                    0x08010b14   Section        0  main.o(.text)
    .text                                    0x08010c10   Section        0  public.o(.text)
    .text                                    0x08010d28   Section        0  config.o(.text)
    .text                                    0x08010ee0   Section        0  voicepro.o(.text)
    .text                                    0x0801118c   Section        0  cpu.o(.text)
    .text                                    0x08011344   Section        0  w5500.o(.text)
    .text                                    0x08011b80   Section        0  uart.o(.text)
    .text                                    0x08011e4c   Section        0  fminit.o(.text)
    .text                                    0x08012274   Section        0  sys.o(.text)
    .text                                    0x08012554   Section       56  startup_stm32f10x_hd.o(.text)
    .text                                    0x0801258c   Section        0  heapauxi.o(.text)
    .text                                    0x08012592   Section       74  sys_stackheap_outer.o(.text)
    .text                                    0x080125dc   Section        0  exit.o(.text)
    .text                                    0x080125e8   Section        8  libspace.o(.text)
    .text                                    0x080125f0   Section        8  rt_fp_status_addr_intlibspace.o(.text)
    .text                                    0x080125f8   Section        0  sys_exit.o(.text)
    .text                                    0x08012604   Section        2  use_no_semi.o(.text)
    .text                                    0x08012606   Section        0  indicate_semi.o(.text)
    x$fpl$fadd                               0x08012608   Section      196  faddsub_clz.o(x$fpl$fadd)
    _fadd1                                   0x08012617   Thumb Code     0  faddsub_clz.o(x$fpl$fadd)
    x$fpl$fdiv                               0x080126cc   Section      388  fdiv.o(x$fpl$fdiv)
    _fdiv1                                   0x080126cd   Thumb Code     0  fdiv.o(x$fpl$fdiv)
    x$fpl$ffixu                              0x08012850   Section       62  ffixu.o(x$fpl$ffixu)
    x$fpl$ffltu                              0x08012890   Section       38  fflt_clz.o(x$fpl$ffltu)
    x$fpl$fmul                               0x080128b8   Section      258  fmul.o(x$fpl$fmul)
    x$fpl$fnaninf                            0x080129ba   Section      140  fnaninf.o(x$fpl$fnaninf)
    x$fpl$fpinit                             0x08012a46   Section       14  fpinit.o(x$fpl$fpinit)
    x$fpl$fretinf                            0x08012a54   Section       10  fretinf.o(x$fpl$fretinf)
    x$fpl$frsb                               0x08012a5e   Section       20  faddsub_clz.o(x$fpl$frsb)
    x$fpl$fsub                               0x08012a74   Section      234  faddsub_clz.o(x$fpl$fsub)
    _fsub1                                   0x08012a83   Thumb Code     0  faddsub_clz.o(x$fpl$fsub)
    x$fpl$usenofp                            0x08012b5e   Section        0  usenofp.o(x$fpl$usenofp)
    .data                                    0x20000000   Section        8  netpro.o(.data)
    .data                                    0x20000008   Section        6  main.o(.data)
    .data                                    0x2000000e   Section        6  public.o(.data)
    .data                                    0x20000014   Section        2  voicepro.o(.data)
    .data                                    0x20000016   Section        1  cpu.o(.data)
    .bss                                     0x20000018   Section       10  config.o(.bss)
    .bss                                     0x20000022   Section    21022  voicepro.o(.bss)
    .bss                                     0x20005240   Section     1590  w5500.o(.bss)
    .bss                                     0x20005878   Section       96  libspace.o(.bss)
    HEAP                                     0x200058d8   Section      512  startup_stm32f10x_hd.o(HEAP)
    Heap_Mem                                 0x200058d8   Data         512  startup_stm32f10x_hd.o(HEAP)
    STACK                                    0x20005ad8   Section     1024  startup_stm32f10x_hd.o(STACK)
    Stack_Mem                                0x20005ad8   Data        1024  startup_stm32f10x_hd.o(STACK)
    __initial_sp                             0x20005ed8   Data           0  startup_stm32f10x_hd.o(STACK)

    Global Symbols

    Symbol Name                              Value     Ov Type        Size  Object(Section)

    BuildAttributes$$THM_ISAv4$P$D$K$B$S$PE$A:L22UL41UL21$X:L11$S22US41US21$IEEE1$IW$USESV6$~STKCKD$USESV7$~SHL$OSPACE$ROPI$EBA8$UX$STANDARDLIB$REQ8$PRES8$EABIv2 0x00000000   Number         0  anon$$obj.o ABSOLUTE
    __ARM_use_no_argv                        0x00000000   Number         0  main.o ABSOLUTE
    __ARM_exceptions_init                     - Undefined Weak Reference
    __alloca_initialize                       - Undefined Weak Reference
    __cpp_initialize__aeabi_                  - Undefined Weak Reference
    __cxa_finalize                            - Undefined Weak Reference
    __rt_locale                               - Undefined Weak Reference
    __sigvec_lookup                           - Undefined Weak Reference
    _atexit_init                              - Undefined Weak Reference
    _call_atexit_fns                          - Undefined Weak Reference
    _clock_init                               - Undefined Weak Reference
    _fp_trap_init                             - Undefined Weak Reference
    _fp_trap_shutdown                         - Undefined Weak Reference
    _get_lc_collate                           - Undefined Weak Reference
    _get_lc_ctype                             - Undefined Weak Reference
    _get_lc_monetary                          - Undefined Weak Reference
    _get_lc_numeric                           - Undefined Weak Reference
    _get_lc_time                              - Undefined Weak Reference
    _getenv_init                              - Undefined Weak Reference
    _handle_redirection                       - Undefined Weak Reference
    _init_alloc                               - Undefined Weak Reference
    _init_user_alloc                          - Undefined Weak Reference
    _initio                                   - Undefined Weak Reference
    _rand_init                                - Undefined Weak Reference
    _signal_finish                            - Undefined Weak Reference
    _signal_init                              - Undefined Weak Reference
    _terminate_alloc                          - Undefined Weak Reference
    _terminate_user_alloc                     - Undefined Weak Reference
    _terminateio                              - Undefined Weak Reference
    __Vectors_Size                           0x00000130   Number         0  startup_stm32f10x_hd.o ABSOLUTE
    __Vectors                                0x08010000   Data           4  startup_stm32f10x_hd.o(RESET)
    __Vectors_End                            0x08010130   Data           0  startup_stm32f10x_hd.o(RESET)
    __main                                   0x08010131   Thumb Code     8  __main.o(!!!main)
    __scatterload                            0x08010139   Thumb Code     0  __scatter.o(!!!scatter)
    __scatterload_rt2                        0x08010139   Thumb Code    44  __scatter.o(!!!scatter)
    __scatterload_rt2_thumb_only             0x08010139   Thumb Code     0  __scatter.o(!!!scatter)
    __scatterload_null                       0x08010147   Thumb Code     0  __scatter.o(!!!scatter)
    __scatterload_copy                       0x0801016d   Thumb Code    26  __scatter_copy.o(!!handler_copy)
    __scatterload_zeroinit                   0x08010189   Thumb Code    28  __scatter_zi.o(!!handler_zi)
    __rt_lib_init                            0x080101a5   Thumb Code     0  libinit.o(.ARM.Collect$$libinit$$00000000)
    __rt_lib_init_alloca_1                   0x080101ab   Thumb Code     0  libinit2.o(.ARM.Collect$$libinit$$0000002A)
    __rt_lib_init_argv_1                     0x080101ab   Thumb Code     0  libinit2.o(.ARM.Collect$$libinit$$00000028)
    __rt_lib_init_atexit_1                   0x080101ab   Thumb Code     0  libinit2.o(.ARM.Collect$$libinit$$00000017)
    __rt_lib_init_clock_1                    0x080101ab   Thumb Code     0  libinit2.o(.ARM.Collect$$libinit$$0000001D)
    __rt_lib_init_cpp_1                      0x080101ab   Thumb Code     0  libinit2.o(.ARM.Collect$$libinit$$0000002E)
    __rt_lib_init_exceptions_1               0x080101ab   Thumb Code     0  libinit2.o(.ARM.Collect$$libinit$$0000002C)
    __rt_lib_init_fp_trap_1                  0x080101ab   Thumb Code     0  libinit2.o(.ARM.Collect$$libinit$$0000001B)
    __rt_lib_init_getenv_1                   0x080101ab   Thumb Code     0  libinit2.o(.ARM.Collect$$libinit$$0000001F)
    __rt_lib_init_heap_1                     0x080101ab   Thumb Code     0  libinit2.o(.ARM.Collect$$libinit$$00000006)
    __rt_lib_init_lc_collate_1               0x080101ab   Thumb Code     0  libinit2.o(.ARM.Collect$$libinit$$0000000D)
    __rt_lib_init_lc_ctype_1                 0x080101ab   Thumb Code     0  libinit2.o(.ARM.Collect$$libinit$$0000000F)
    __rt_lib_init_lc_monetary_1              0x080101ab   Thumb Code     0  libinit2.o(.ARM.Collect$$libinit$$00000011)
    __rt_lib_init_lc_numeric_1               0x080101ab   Thumb Code     0  libinit2.o(.ARM.Collect$$libinit$$00000013)
    __rt_lib_init_lc_time_1                  0x080101ab   Thumb Code     0  libinit2.o(.ARM.Collect$$libinit$$00000015)
    __rt_lib_init_rand_1                     0x080101ab   Thumb Code     0  libinit2.o(.ARM.Collect$$libinit$$0000000A)
    __rt_lib_init_return                     0x080101ab   Thumb Code     0  libinit2.o(.ARM.Collect$$libinit$$0000002F)
    __rt_lib_init_signal_1                   0x080101ab   Thumb Code     0  libinit2.o(.ARM.Collect$$libinit$$00000019)
    __rt_lib_init_stdio_1                    0x080101ab   Thumb Code     0  libinit2.o(.ARM.Collect$$libinit$$00000021)
    __rt_lib_init_user_alloc_1               0x080101ab   Thumb Code     0  libinit2.o(.ARM.Collect$$libinit$$00000008)
    __rt_lib_shutdown                        0x080101ad   Thumb Code     0  libshutdown.o(.ARM.Collect$$libshutdown$$00000000)
    __rt_lib_shutdown_fp_trap_1              0x080101af   Thumb Code     0  libshutdown2.o(.ARM.Collect$$libshutdown$$00000006)
    __rt_lib_shutdown_heap_1                 0x080101af   Thumb Code     0  libshutdown2.o(.ARM.Collect$$libshutdown$$0000000E)
    __rt_lib_shutdown_return                 0x080101af   Thumb Code     0  libshutdown2.o(.ARM.Collect$$libshutdown$$0000000F)
    __rt_lib_shutdown_signal_1               0x080101af   Thumb Code     0  libshutdown2.o(.ARM.Collect$$libshutdown$$00000009)
    __rt_lib_shutdown_stdio_1                0x080101af   Thumb Code     0  libshutdown2.o(.ARM.Collect$$libshutdown$$00000003)
    __rt_lib_shutdown_user_alloc_1           0x080101af   Thumb Code     0  libshutdown2.o(.ARM.Collect$$libshutdown$$0000000B)
    __rt_entry                               0x080101b1   Thumb Code     0  rtentry.o(.ARM.Collect$$rtentry$$00000000)
    __rt_entry_presh_1                       0x080101b1   Thumb Code     0  rtentry2.o(.ARM.Collect$$rtentry$$00000002)
    __rt_entry_sh                            0x080101b1   Thumb Code     0  rtentry4.o(.ARM.Collect$$rtentry$$00000004)
    __rt_entry_li                            0x080101b7   Thumb Code     0  rtentry2.o(.ARM.Collect$$rtentry$$0000000A)
    __rt_entry_postsh_1                      0x080101b7   Thumb Code     0  rtentry2.o(.ARM.Collect$$rtentry$$00000009)
    __rt_entry_main                          0x080101bb   Thumb Code     0  rtentry2.o(.ARM.Collect$$rtentry$$0000000D)
    __rt_entry_postli_1                      0x080101bb   Thumb Code     0  rtentry2.o(.ARM.Collect$$rtentry$$0000000C)
    __rt_exit                                0x080101c3   Thumb Code     0  rtexit.o(.ARM.Collect$$rtexit$$00000000)
    __rt_exit_ls                             0x080101c5   Thumb Code     0  rtexit2.o(.ARM.Collect$$rtexit$$00000003)
    __rt_exit_prels_1                        0x080101c5   Thumb Code     0  rtexit2.o(.ARM.Collect$$rtexit$$00000002)
    __rt_exit_exit                           0x080101c9   Thumb Code     0  rtexit2.o(.ARM.Collect$$rtexit$$00000004)
    WFI_SET                                  0x080101d1   Thumb Code     2  sys.o(.emb_text)
    MakeFrameHeader                          0x080101d5   Thumb Code    48  netpro.o(.text)
    AnswerVoiceBufFree                       0x08010205   Thumb Code   210  netpro.o(.text)
    AnswerAck                                0x080102d7   Thumb Code   100  netpro.o(.text)
    AnswerSetIapIp                           0x0801033b   Thumb Code    62  netpro.o(.text)
    AnswerCheckMac                           0x08010379   Thumb Code   132  netpro.o(.text)
    AnswerSetMac                             0x080103fd   Thumb Code    62  netpro.o(.text)
    AnswerFactoryTime                        0x0801043b   Thumb Code   158  netpro.o(.text)
    AnswerSetResetTimes                      0x080104d9   Thumb Code    18  netpro.o(.text)
    AnswerSetIp                              0x080104eb   Thumb Code   132  netpro.o(.text)
    AnswerSoftVerb                           0x0801056f   Thumb Code   138  netpro.o(.text)
    AnswerBasePara                           0x080105f9   Thumb Code   258  netpro.o(.text)
    AnswerIpAddr                             0x080106fb   Thumb Code   198  netpro.o(.text)
    HandleCmd                                0x080107c1   Thumb Code   218  netpro.o(.text)
    HandleNetData                            0x0801089b   Thumb Code   152  netpro.o(.text)
    NetIntProcess                            0x08010933   Thumb Code   250  netpro.o(.text)
    NetPro                                   0x08010a2d   Thumb Code   216  netpro.o(.text)
    FlashRunLed                              0x08010b15   Thumb Code    72  main.o(.text)
    main                                     0x08010b5d   Thumb Code   158  main.o(.text)
    delay_us                                 0x08010c11   Thumb Code    24  public.o(.text)
    MsTickDiff                               0x08010c29   Thumb Code    36  public.o(.text)
    SecTickDiff                              0x08010c4d   Thumb Code    36  public.o(.text)
    CRC16                                    0x08010c71   Thumb Code    72  public.o(.text)
    CalCrc16                                 0x08010cb9   Thumb Code    38  public.o(.text)
    CRC16Check                               0x08010cdf   Thumb Code    60  public.o(.text)
    ConfigCheck                              0x08010d29   Thumb Code    34  config.o(.text)
    ReadDefaultResetTimes                    0x08010d4b   Thumb Code    36  config.o(.text)
    ReadDefaultMAC                           0x08010d6f   Thumb Code    66  config.o(.text)
    ReadDefaultGateWayIp                     0x08010db1   Thumb Code    24  config.o(.text)
    ReadDefaultIpAddr                        0x08010dc9   Thumb Code   126  config.o(.text)
    ReadConfig                               0x08010e47   Thumb Code    38  config.o(.text)
    WriteConfig                              0x08010e6d   Thumb Code    48  config.o(.text)
    ReadFactoryTime                          0x08010e9d   Thumb Code    26  config.o(.text)
    ReadDefaultAddr                          0x08010eb7   Thumb Code    30  config.o(.text)
    Compare                                  0x08010ee1   Thumb Code    24  voicepro.o(.text)
    VoicePro                                 0x08010ef9   Thumb Code   622  voicepro.o(.text)
    ClockInit                                0x0801118d   Thumb Code    10  cpu.o(.text)
    LedIoInit                                0x08011197   Thumb Code    36  cpu.o(.text)
    Timer2Init                               0x080111bb   Thumb Code    58  cpu.o(.text)
    Timer3Init                               0x080111f5   Thumb Code    82  cpu.o(.text)
    CpuInit                                  0x08011247   Thumb Code    54  cpu.o(.text)
    IWDG_Init                                0x0801127d   Thumb Code    28  cpu.o(.text)
    IWDG_Feed                                0x08011299   Thumb Code    10  cpu.o(.text)
    TIM3_IRQHandler                          0x080112a3   Thumb Code    40  cpu.o(.text)
    TIM2_IRQHandler                          0x080112cb   Thumb Code    88  cpu.o(.text)
    W5500Reset                               0x08011345   Thumb Code    44  w5500.o(.text)
    W5500IoInit                              0x08011371   Thumb Code   200  w5500.o(.text)
    SendByte                                 0x08011439   Thumb Code    46  w5500.o(.text)
    WriteSocket1Byte                         0x08011467   Thumb Code    74  w5500.o(.text)
    WriteReg1Byte                            0x080114b1   Thumb Code    64  w5500.o(.text)
    WriteReg2Byte                            0x080114f1   Thumb Code    70  w5500.o(.text)
    WriteBurstReg                            0x08011537   Thumb Code    78  w5500.o(.text)
    LoadNetParameters                        0x08011585   Thumb Code   180  w5500.o(.text)
    DetectGateway                            0x08011639   Thumb Code    80  w5500.o(.text)
    ReadSocket1Byte                          0x08011689   Thumb Code    74  w5500.o(.text)
    WriteSocket2Byte                         0x080116d3   Thumb Code   110  w5500.o(.text)
    Socket_Lisen                             0x08011741   Thumb Code    94  w5500.o(.text)
    Socket_Connect                           0x0801179f   Thumb Code    80  w5500.o(.text)
    ReadSocket2Byte                          0x080117ef   Thumb Code    78  w5500.o(.text)
    SendSocketData                           0x0801183d   Thumb Code   234  w5500.o(.text)
    ReadSocketData                           0x08011927   Thumb Code   258  w5500.o(.text)
    W5500Init                                0x08011a29   Thumb Code    12  w5500.o(.text)
    ReadReg1Byte                             0x08011a35   Thumb Code    58  w5500.o(.text)
    ReadReg2Byte                             0x08011a6f   Thumb Code    70  w5500.o(.text)
    ReadBurstReg                             0x08011ab5   Thumb Code    72  w5500.o(.text)
    WriteSocket4Byte                         0x08011afd   Thumb Code    92  w5500.o(.text)
    EXTI9_5_IRQHandler                       0x08011b59   Thumb Code    24  w5500.o(.text)
    UartInit                                 0x08011b81   Thumb Code   244  uart.o(.text)
    Dma1Init                                 0x08011c75   Thumb Code   138  uart.o(.text)
    Dma2Init                                 0x08011cff   Thumb Code   108  uart.o(.text)
    DMA1_Channel5_IRQHandler                 0x08011d6b   Thumb Code   116  uart.o(.text)
    DMA1_Channel4_IRQHandler                 0x08011ddf   Thumb Code    20  uart.o(.text)
    USART1_IRQHandler                        0x08011df3   Thumb Code    52  uart.o(.text)
    FmInit                                   0x08011e4d   Thumb Code    76  fminit.o(.text)
    FramStart                                0x08011e99   Thumb Code   114  fminit.o(.text)
    FramStop                                 0x08011f0b   Thumb Code   120  fminit.o(.text)
    FramAck                                  0x08011f83   Thumb Code   120  fminit.o(.text)
    FramNAck                                 0x08011ffb   Thumb Code   114  fminit.o(.text)
    FramSendByte                             0x0801206d   Thumb Code   154  fminit.o(.text)
    FramReadByte                             0x08012107   Thumb Code   126  fminit.o(.text)
    FramWriteBurstByte                       0x08012185   Thumb Code    98  fminit.o(.text)
    FramReadBurstByte                        0x080121e7   Thumb Code   136  fminit.o(.text)
    MY_NVIC_SetVectorTable                   0x08012275   Thumb Code    12  sys.o(.text)
    MY_NVIC_PriorityGroupConfig              0x08012281   Thumb Code    36  sys.o(.text)
    MY_NVIC_Init                             0x080122a5   Thumb Code   156  sys.o(.text)
    Ex_NVIC_Config                           0x08012341   Thumb Code   144  sys.o(.text)
    MYRCC_DeInit                             0x080123d1   Thumb Code    90  sys.o(.text)
    Sys_Standby                              0x0801242b   Thumb Code    68  sys.o(.text)
    Sys_Soft_Reset                           0x0801246f   Thumb Code    12  sys.o(.text)
    JTAG_Set                                 0x0801247b   Thumb Code    42  sys.o(.text)
    Stm32_Clock_Init                         0x080124a5   Thumb Code   122  sys.o(.text)
    Reset_Handler                            0x08012555   Thumb Code     4  startup_stm32f10x_hd.o(.text)
    NMI_Handler                              0x08012559   Thumb Code     2  startup_stm32f10x_hd.o(.text)
    HardFault_Handler                        0x0801255b   Thumb Code     2  startup_stm32f10x_hd.o(.text)
    MemManage_Handler                        0x0801255d   Thumb Code     2  startup_stm32f10x_hd.o(.text)
    BusFault_Handler                         0x0801255f   Thumb Code     2  startup_stm32f10x_hd.o(.text)
    UsageFault_Handler                       0x08012561   Thumb Code     2  startup_stm32f10x_hd.o(.text)
    SVC_Handler                              0x08012563   Thumb Code     2  startup_stm32f10x_hd.o(.text)
    DebugMon_Handler                         0x08012565   Thumb Code     2  startup_stm32f10x_hd.o(.text)
    PendSV_Handler                           0x08012567   Thumb Code     2  startup_stm32f10x_hd.o(.text)
    SysTick_Handler                          0x08012569   Thumb Code     2  startup_stm32f10x_hd.o(.text)
    ADC1_2_IRQHandler                        0x0801256b   Thumb Code     0  startup_stm32f10x_hd.o(.text)
    ADC3_IRQHandler                          0x0801256b   Thumb Code     0  startup_stm32f10x_hd.o(.text)
    CAN1_RX1_IRQHandler                      0x0801256b   Thumb Code     0  startup_stm32f10x_hd.o(.text)
    CAN1_SCE_IRQHandler                      0x0801256b   Thumb Code     0  startup_stm32f10x_hd.o(.text)
    DMA1_Channel1_IRQHandler                 0x0801256b   Thumb Code     0  startup_stm32f10x_hd.o(.text)
    DMA1_Channel2_IRQHandler                 0x0801256b   Thumb Code     0  startup_stm32f10x_hd.o(.text)
    DMA1_Channel3_IRQHandler                 0x0801256b   Thumb Code     0  startup_stm32f10x_hd.o(.text)
    DMA1_Channel6_IRQHandler                 0x0801256b   Thumb Code     0  startup_stm32f10x_hd.o(.text)
    DMA1_Channel7_IRQHandler                 0x0801256b   Thumb Code     0  startup_stm32f10x_hd.o(.text)
    DMA2_Channel1_IRQHandler                 0x0801256b   Thumb Code     0  startup_stm32f10x_hd.o(.text)
    DMA2_Channel2_IRQHandler                 0x0801256b   Thumb Code     0  startup_stm32f10x_hd.o(.text)
    DMA2_Channel3_IRQHandler                 0x0801256b   Thumb Code     0  startup_stm32f10x_hd.o(.text)
    DMA2_Channel4_5_IRQHandler               0x0801256b   Thumb Code     0  startup_stm32f10x_hd.o(.text)
    EXTI0_IRQHandler                         0x0801256b   Thumb Code     0  startup_stm32f10x_hd.o(.text)
    EXTI15_10_IRQHandler                     0x0801256b   Thumb Code     0  startup_stm32f10x_hd.o(.text)
    EXTI1_IRQHandler                         0x0801256b   Thumb Code     0  startup_stm32f10x_hd.o(.text)
    EXTI2_IRQHandler                         0x0801256b   Thumb Code     0  startup_stm32f10x_hd.o(.text)
    EXTI3_IRQHandler                         0x0801256b   Thumb Code     0  startup_stm32f10x_hd.o(.text)
    EXTI4_IRQHandler                         0x0801256b   Thumb Code     0  startup_stm32f10x_hd.o(.text)
    FLASH_IRQHandler                         0x0801256b   Thumb Code     0  startup_stm32f10x_hd.o(.text)
    FSMC_IRQHandler                          0x0801256b   Thumb Code     0  startup_stm32f10x_hd.o(.text)
    I2C1_ER_IRQHandler                       0x0801256b   Thumb Code     0  startup_stm32f10x_hd.o(.text)
    I2C1_EV_IRQHandler                       0x0801256b   Thumb Code     0  startup_stm32f10x_hd.o(.text)
    I2C2_ER_IRQHandler                       0x0801256b   Thumb Code     0  startup_stm32f10x_hd.o(.text)
    I2C2_EV_IRQHandler                       0x0801256b   Thumb Code     0  startup_stm32f10x_hd.o(.text)
    PVD_IRQHandler                           0x0801256b   Thumb Code     0  startup_stm32f10x_hd.o(.text)
    RCC_IRQHandler                           0x0801256b   Thumb Code     0  startup_stm32f10x_hd.o(.text)
    RTCAlarm_IRQHandler                      0x0801256b   Thumb Code     0  startup_stm32f10x_hd.o(.text)
    RTC_IRQHandler                           0x0801256b   Thumb Code     0  startup_stm32f10x_hd.o(.text)
    SDIO_IRQHandler                          0x0801256b   Thumb Code     0  startup_stm32f10x_hd.o(.text)
    SPI1_IRQHandler                          0x0801256b   Thumb Code     0  startup_stm32f10x_hd.o(.text)
    SPI2_IRQHandler                          0x0801256b   Thumb Code     0  startup_stm32f10x_hd.o(.text)
    SPI3_IRQHandler                          0x0801256b   Thumb Code     0  startup_stm32f10x_hd.o(.text)
    TAMPER_IRQHandler                        0x0801256b   Thumb Code     0  startup_stm32f10x_hd.o(.text)
    TIM1_BRK_IRQHandler                      0x0801256b   Thumb Code     0  startup_stm32f10x_hd.o(.text)
    TIM1_CC_IRQHandler                       0x0801256b   Thumb Code     0  startup_stm32f10x_hd.o(.text)
    TIM1_TRG_COM_IRQHandler                  0x0801256b   Thumb Code     0  startup_stm32f10x_hd.o(.text)
    TIM1_UP_IRQHandler                       0x0801256b   Thumb Code     0  startup_stm32f10x_hd.o(.text)
    TIM4_IRQHandler                          0x0801256b   Thumb Code     0  startup_stm32f10x_hd.o(.text)
    TIM5_IRQHandler                          0x0801256b   Thumb Code     0  startup_stm32f10x_hd.o(.text)
    TIM6_IRQHandler                          0x0801256b   Thumb Code     0  startup_stm32f10x_hd.o(.text)
    TIM7_IRQHandler                          0x0801256b   Thumb Code     0  startup_stm32f10x_hd.o(.text)
    TIM8_BRK_IRQHandler                      0x0801256b   Thumb Code     0  startup_stm32f10x_hd.o(.text)
    TIM8_CC_IRQHandler                       0x0801256b   Thumb Code     0  startup_stm32f10x_hd.o(.text)
    TIM8_TRG_COM_IRQHandler                  0x0801256b   Thumb Code     0  startup_stm32f10x_hd.o(.text)
    TIM8_UP_IRQHandler                       0x0801256b   Thumb Code     0  startup_stm32f10x_hd.o(.text)
    UART4_IRQHandler                         0x0801256b   Thumb Code     0  startup_stm32f10x_hd.o(.text)
    UART5_IRQHandler                         0x0801256b   Thumb Code     0  startup_stm32f10x_hd.o(.text)
    USART2_IRQHandler                        0x0801256b   Thumb Code     0  startup_stm32f10x_hd.o(.text)
    USART3_IRQHandler                        0x0801256b   Thumb Code     0  startup_stm32f10x_hd.o(.text)
    USBWakeUp_IRQHandler                     0x0801256b   Thumb Code     0  startup_stm32f10x_hd.o(.text)
    USB_HP_CAN1_TX_IRQHandler                0x0801256b   Thumb Code     0  startup_stm32f10x_hd.o(.text)
    USB_LP_CAN1_RX0_IRQHandler               0x0801256b   Thumb Code     0  startup_stm32f10x_hd.o(.text)
    WWDG_IRQHandler                          0x0801256b   Thumb Code     0  startup_stm32f10x_hd.o(.text)
    __user_initial_stackheap                 0x0801256d   Thumb Code     0  startup_stm32f10x_hd.o(.text)
    __use_two_region_memory                  0x0801258d   Thumb Code     2  heapauxi.o(.text)
    __rt_heap_escrow$2region                 0x0801258f   Thumb Code     2  heapauxi.o(.text)
    __rt_heap_expand$2region                 0x08012591   Thumb Code     2  heapauxi.o(.text)
    __user_setup_stackheap                   0x08012593   Thumb Code    74  sys_stackheap_outer.o(.text)
    exit                                     0x080125dd   Thumb Code    12  exit.o(.text)
    __user_libspace                          0x080125e9   Thumb Code     8  libspace.o(.text)
    __user_perproc_libspace                  0x080125e9   Thumb Code     0  libspace.o(.text)
    __user_perthread_libspace                0x080125e9   Thumb Code     0  libspace.o(.text)
    __rt_fp_status_addr                      0x080125f1   Thumb Code     8  rt_fp_status_addr_intlibspace.o(.text)
    _sys_exit                                0x080125f9   Thumb Code     8  sys_exit.o(.text)
    __I$use$semihosting                      0x08012605   Thumb Code     0  use_no_semi.o(.text)
    __use_no_semihosting_swi                 0x08012605   Thumb Code     2  use_no_semi.o(.text)
    __semihosting_library_function           0x08012607   Thumb Code     0  indicate_semi.o(.text)
    __aeabi_fadd                             0x08012609   Thumb Code     0  faddsub_clz.o(x$fpl$fadd)
    _fadd                                    0x08012609   Thumb Code   196  faddsub_clz.o(x$fpl$fadd)
    __aeabi_fdiv                             0x080126cd   Thumb Code     0  fdiv.o(x$fpl$fdiv)
    _fdiv                                    0x080126cd   Thumb Code   384  fdiv.o(x$fpl$fdiv)
    __aeabi_f2uiz                            0x08012851   Thumb Code     0  ffixu.o(x$fpl$ffixu)
    _ffixu                                   0x08012851   Thumb Code    62  ffixu.o(x$fpl$ffixu)
    __aeabi_ui2f                             0x08012891   Thumb Code     0  fflt_clz.o(x$fpl$ffltu)
    _ffltu                                   0x08012891   Thumb Code    38  fflt_clz.o(x$fpl$ffltu)
    __aeabi_fmul                             0x080128b9   Thumb Code     0  fmul.o(x$fpl$fmul)
    _fmul                                    0x080128b9   Thumb Code   258  fmul.o(x$fpl$fmul)
    __fpl_fnaninf                            0x080129bb   Thumb Code   140  fnaninf.o(x$fpl$fnaninf)
    _fp_init                                 0x08012a47   Thumb Code    14  fpinit.o(x$fpl$fpinit)
    __fplib_config_pureend_doubles           0x08012a53   Thumb Code     0  fpinit.o(x$fpl$fpinit)
    __fpl_fretinf                            0x08012a55   Thumb Code    10  fretinf.o(x$fpl$fretinf)
    __aeabi_frsub                            0x08012a5f   Thumb Code     0  faddsub_clz.o(x$fpl$frsb)
    _frsb                                    0x08012a5f   Thumb Code    20  faddsub_clz.o(x$fpl$frsb)
    __aeabi_fsub                             0x08012a75   Thumb Code     0  faddsub_clz.o(x$fpl$fsub)
    _fsub                                    0x08012a75   Thumb Code   234  faddsub_clz.o(x$fpl$fsub)
    __I$use$fp                               0x08012b5f   Thumb Code     0  usenofp.o(x$fpl$usenofp)
    Region$$Table$$Base                      0x08012b60   Number         0  anon$$obj.o(Region$$Table)
    Region$$Table$$Limit                     0x08012b80   Number         0  anon$$obj.o(Region$$Table)
    Sys                                      0x20000000   Data           8  netpro.o(.data)
    CurLevel                                 0x20000008   Data           1  main.o(.data)
    LedTick                                  0x2000000a   Data           2  main.o(.data)
    LedRunTime                               0x2000000c   Data           2  main.o(.data)
    Crc16                                    0x2000000e   Data           2  public.o(.data)
    SYS_TICK                                 0x20000010   Data           2  public.o(.data)
    SYS_TICK_1S                              0x20000012   Data           2  public.o(.data)
    sendCnt                                  0x20000014   Data           2  voicepro.o(.data)
    Timer125MsFlag                           0x20000016   Data           1  cpu.o(.data)
    ConfigBuf                                0x20000018   Data          10  config.o(.bss)
    Voice                                    0x20000022   Data       21022  voicepro.o(.bss)
    Net                                      0x20005240   Data        1590  w5500.o(.bss)
    __libspace_start                         0x20005878   Data          96  libspace.o(.bss)
    __temporary_stack_top$libspace           0x200058d8   Data           0  libspace.o(.bss)



==============================================================================

Memory Map of the image

  Image Entry point : 0x08010131

  Load Region LR_IROM1 (Base: 0x08010000, Size: 0x00002b98, Max: 0x00040000, ABSOLUTE)

    Execution Region ER_IROM1 (Base: 0x08010000, Size: 0x00002b80, Max: 0x00040000, ABSOLUTE)

    Base Addr    Size         Type   Attr      Idx    E Section Name        Object

    0x08010000   0x00000130   Data   RO          282    RESET               startup_stm32f10x_hd.o
    0x08010130   0x00000008   Code   RO          291  * !!!main             c_w.l(__main.o)
    0x08010138   0x00000034   Code   RO          475    !!!scatter          c_w.l(__scatter.o)
    0x0801016c   0x0000001a   Code   RO          477    !!handler_copy      c_w.l(__scatter_copy.o)
    0x08010186   0x00000002   PAD
    0x08010188   0x0000001c   Code   RO          479    !!handler_zi        c_w.l(__scatter_zi.o)
    0x080101a4   0x00000006   Code   RO          345    .ARM.Collect$$libinit$$00000000  c_w.l(libinit.o)
    0x080101aa   0x00000000   Code   RO          353    .ARM.Collect$$libinit$$00000006  c_w.l(libinit2.o)
    0x080101aa   0x00000000   Code   RO          355    .ARM.Collect$$libinit$$00000008  c_w.l(libinit2.o)
    0x080101aa   0x00000000   Code   RO          357    .ARM.Collect$$libinit$$0000000A  c_w.l(libinit2.o)
    0x080101aa   0x00000000   Code   RO          360    .ARM.Collect$$libinit$$0000000D  c_w.l(libinit2.o)
    0x080101aa   0x00000000   Code   RO          362    .ARM.Collect$$libinit$$0000000F  c_w.l(libinit2.o)
    0x080101aa   0x00000000   Code   RO          364    .ARM.Collect$$libinit$$00000011  c_w.l(libinit2.o)
    0x080101aa   0x00000000   Code   RO          366    .ARM.Collect$$libinit$$00000013  c_w.l(libinit2.o)
    0x080101aa   0x00000000   Code   RO          368    .ARM.Collect$$libinit$$00000015  c_w.l(libinit2.o)
    0x080101aa   0x00000000   Code   RO          370    .ARM.Collect$$libinit$$00000017  c_w.l(libinit2.o)
    0x080101aa   0x00000000   Code   RO          372    .ARM.Collect$$libinit$$00000019  c_w.l(libinit2.o)
    0x080101aa   0x00000000   Code   RO          374    .ARM.Collect$$libinit$$0000001B  c_w.l(libinit2.o)
    0x080101aa   0x00000000   Code   RO          376    .ARM.Collect$$libinit$$0000001D  c_w.l(libinit2.o)
    0x080101aa   0x00000000   Code   RO          378    .ARM.Collect$$libinit$$0000001F  c_w.l(libinit2.o)
    0x080101aa   0x00000000   Code   RO          380    .ARM.Collect$$libinit$$00000021  c_w.l(libinit2.o)
    0x080101aa   0x00000000   Code   RO          384    .ARM.Collect$$libinit$$00000028  c_w.l(libinit2.o)
    0x080101aa   0x00000000   Code   RO          386    .ARM.Collect$$libinit$$0000002A  c_w.l(libinit2.o)
    0x080101aa   0x00000000   Code   RO          388    .ARM.Collect$$libinit$$0000002C  c_w.l(libinit2.o)
    0x080101aa   0x00000000   Code   RO          390    .ARM.Collect$$libinit$$0000002E  c_w.l(libinit2.o)
    0x080101aa   0x00000002   Code   RO          391    .ARM.Collect$$libinit$$0000002F  c_w.l(libinit2.o)
    0x080101ac   0x00000002   Code   RO          416    .ARM.Collect$$libshutdown$$00000000  c_w.l(libshutdown.o)
    0x080101ae   0x00000000   Code   RO          430    .ARM.Collect$$libshutdown$$00000003  c_w.l(libshutdown2.o)
    0x080101ae   0x00000000   Code   RO          433    .ARM.Collect$$libshutdown$$00000006  c_w.l(libshutdown2.o)
    0x080101ae   0x00000000   Code   RO          436    .ARM.Collect$$libshutdown$$00000009  c_w.l(libshutdown2.o)
    0x080101ae   0x00000000   Code   RO          438    .ARM.Collect$$libshutdown$$0000000B  c_w.l(libshutdown2.o)
    0x080101ae   0x00000000   Code   RO          441    .ARM.Collect$$libshutdown$$0000000E  c_w.l(libshutdown2.o)
    0x080101ae   0x00000002   Code   RO          442    .ARM.Collect$$libshutdown$$0000000F  c_w.l(libshutdown2.o)
    0x080101b0   0x00000000   Code   RO          315    .ARM.Collect$$rtentry$$00000000  c_w.l(rtentry.o)
    0x080101b0   0x00000000   Code   RO          322    .ARM.Collect$$rtentry$$00000002  c_w.l(rtentry2.o)
    0x080101b0   0x00000006   Code   RO          334    .ARM.Collect$$rtentry$$00000004  c_w.l(rtentry4.o)
    0x080101b6   0x00000000   Code   RO          324    .ARM.Collect$$rtentry$$00000009  c_w.l(rtentry2.o)
    0x080101b6   0x00000004   Code   RO          325    .ARM.Collect$$rtentry$$0000000A  c_w.l(rtentry2.o)
    0x080101ba   0x00000000   Code   RO          327    .ARM.Collect$$rtentry$$0000000C  c_w.l(rtentry2.o)
    0x080101ba   0x00000008   Code   RO          328    .ARM.Collect$$rtentry$$0000000D  c_w.l(rtentry2.o)
    0x080101c2   0x00000002   Code   RO          349    .ARM.Collect$$rtexit$$00000000  c_w.l(rtexit.o)
    0x080101c4   0x00000000   Code   RO          395    .ARM.Collect$$rtexit$$00000002  c_w.l(rtexit2.o)
    0x080101c4   0x00000004   Code   RO          396    .ARM.Collect$$rtexit$$00000003  c_w.l(rtexit2.o)
    0x080101c8   0x00000006   Code   RO          397    .ARM.Collect$$rtexit$$00000004  c_w.l(rtexit2.o)
    0x080101ce   0x00000002   PAD
    0x080101d0   0x00000002   Code   RO          263    .emb_text           sys.o
    0x080101d2   0x00000002   PAD
    0x080101d4   0x00000940   Code   RO            1    .text               netpro.o
    0x08010b14   0x000000fc   Code   RO          124    .text               main.o
    0x08010c10   0x00000118   Code   RO          152    .text               public.o
    0x08010d28   0x000001b8   Code   RO          167    .text               config.o
    0x08010ee0   0x000002ac   Code   RO          186    .text               voicepro.o
    0x0801118c   0x000001b8   Code   RO          206    .text               cpu.o
    0x08011344   0x0000083c   Code   RO          222    .text               w5500.o
    0x08011b80   0x000002cc   Code   RO          238    .text               uart.o
    0x08011e4c   0x00000428   Code   RO          251    .text               fminit.o
    0x08012274   0x000002e0   Code   RO          264    .text               sys.o
    0x08012554   0x00000038   Code   RO          283    .text               startup_stm32f10x_hd.o
    0x0801258c   0x00000006   Code   RO          289    .text               c_w.l(heapauxi.o)
    0x08012592   0x0000004a   Code   RO          336    .text               c_w.l(sys_stackheap_outer.o)
    0x080125dc   0x0000000c   Code   RO          338    .text               c_w.l(exit.o)
    0x080125e8   0x00000008   Code   RO          346    .text               c_w.l(libspace.o)
    0x080125f0   0x00000008   Code   RO          404    .text               c_w.l(rt_fp_status_addr_intlibspace.o)
    0x080125f8   0x0000000c   Code   RO          408    .text               c_w.l(sys_exit.o)
    0x08012604   0x00000002   Code   RO          419    .text               c_w.l(use_no_semi.o)
    0x08012606   0x00000000   Code   RO          421    .text               c_w.l(indicate_semi.o)
    0x08012606   0x00000002   PAD
    0x08012608   0x000000c4   Code   RO          293    x$fpl$fadd          fz_ws.l(faddsub_clz.o)
    0x080126cc   0x00000184   Code   RO          300    x$fpl$fdiv          fz_ws.l(fdiv.o)
    0x08012850   0x0000003e   Code   RO          303    x$fpl$ffixu         fz_ws.l(ffixu.o)
    0x0801288e   0x00000002   PAD
    0x08012890   0x00000026   Code   RO          307    x$fpl$ffltu         fz_ws.l(fflt_clz.o)
    0x080128b6   0x00000002   PAD
    0x080128b8   0x00000102   Code   RO          313    x$fpl$fmul          fz_ws.l(fmul.o)
    0x080129ba   0x0000008c   Code   RO          316    x$fpl$fnaninf       fz_ws.l(fnaninf.o)
    0x08012a46   0x0000000e   Code   RO          392    x$fpl$fpinit        fz_ws.l(fpinit.o)
    0x08012a54   0x0000000a   Code   RO          318    x$fpl$fretinf       fz_ws.l(fretinf.o)
    0x08012a5e   0x00000014   Code   RO          294    x$fpl$frsb          fz_ws.l(faddsub_clz.o)
    0x08012a72   0x00000002   PAD
    0x08012a74   0x000000ea   Code   RO          295    x$fpl$fsub          fz_ws.l(faddsub_clz.o)
    0x08012b5e   0x00000000   Code   RO          320    x$fpl$usenofp       fz_ws.l(usenofp.o)
    0x08012b5e   0x00000002   PAD
    0x08012b60   0x00000020   Data   RO          473    Region$$Table       anon$$obj.o


    Execution Region RW_IRAM1 (Base: 0x20000000, Size: 0x00005ed8, Max: 0x0000c000, ABSOLUTE)

    Base Addr    Size         Type   Attr      Idx    E Section Name        Object

    0x20000000   0x00000008   Data   RW            2    .data               netpro.o
    0x20000008   0x00000006   Data   RW          125    .data               main.o
    0x2000000e   0x00000006   Data   RW          153    .data               public.o
    0x20000014   0x00000002   Data   RW          188    .data               voicepro.o
    0x20000016   0x00000001   Data   RW          207    .data               cpu.o
    0x20000017   0x00000001   PAD
    0x20000018   0x0000000a   Zero   RW          168    .bss                config.o
    0x20000022   0x0000521e   Zero   RW          187    .bss                voicepro.o
    0x20005240   0x00000636   Zero   RW          223    .bss                w5500.o
    0x20005876   0x00000002   PAD
    0x20005878   0x00000060   Zero   RW          347    .bss                c_w.l(libspace.o)
    0x200058d8   0x00000200   Zero   RW          281    HEAP                startup_stm32f10x_hd.o
    0x20005ad8   0x00000400   Zero   RW          280    STACK               startup_stm32f10x_hd.o


==============================================================================

Image component sizes


      Code (inc. data)   RO Data    RW Data    ZI Data      Debug   Object Name

       440         12          0          0         10       2372   config.o
       440         34          0          1          0       1825   cpu.o
      1064         18          0          0          0       2508   fminit.o
       252         22          0          6          0       1789   main.o
      2368         74          0          8          0      11544   netpro.o
       280         14          0          6          0       2097   public.o
        56         22        304          0       1536        732   startup_stm32f10x_hd.o
       738         54          0          0          0       2615   sys.o
       716         38          0          0          0       1597   uart.o
       684         38          0          2      21022       1259   voicepro.o
      2108         58          0          0       1590       6758   w5500.o

    ----------------------------------------------------------------------
      9148        384        336         24      24160      35096   Object Totals
         0          0         32          0          0          0   (incl. Generated)
         2          0          0          1          2          0   (incl. Padding)

    ----------------------------------------------------------------------

      Code (inc. data)   RO Data    RW Data    ZI Data      Debug   Library Member Name

         8          0          0          0          0         68   __main.o
        52          8          0          0          0          0   __scatter.o
        26          0          0          0          0          0   __scatter_copy.o
        28          0          0          0          0          0   __scatter_zi.o
        12          0          0          0          0         72   exit.o
         6          0          0          0          0        152   heapauxi.o
         0          0          0          0          0          0   indicate_semi.o
         6          0          0          0          0          0   libinit.o
         2          0          0          0          0          0   libinit2.o
         2          0          0          0          0          0   libshutdown.o
         2          0          0          0          0          0   libshutdown2.o
         8          4          0          0         96         68   libspace.o
         8          4          0          0          0         68   rt_fp_status_addr_intlibspace.o
         0          0          0          0          0          0   rtentry.o
        12          0          0          0          0          0   rtentry2.o
         6          0          0          0          0          0   rtentry4.o
         2          0          0          0          0          0   rtexit.o
        10          0          0          0          0          0   rtexit2.o
        12          4          0          0          0         68   sys_exit.o
        74          0          0          0          0         80   sys_stackheap_outer.o
         2          0          0          0          0         68   use_no_semi.o
       450          8          0          0          0        236   faddsub_clz.o
       388         76          0          0          0         96   fdiv.o
        62          4          0          0          0         84   ffixu.o
        38          0          0          0          0         68   fflt_clz.o
       258          4          0          0          0         84   fmul.o
       140          4          0          0          0         84   fnaninf.o
        14          0          0          0          0         76   fpinit.o
        10          0          0          0          0         68   fretinf.o
         0          0          0          0          0          0   usenofp.o

    ----------------------------------------------------------------------
      1652        116          0          0         96       1440   Library Totals
        14          0          0          0          0          0   (incl. Padding)

    ----------------------------------------------------------------------

      Code (inc. data)   RO Data    RW Data    ZI Data      Debug   Library Name

       278         20          0          0         96        644   c_w.l
      1360         96          0          0          0        796   fz_ws.l

    ----------------------------------------------------------------------
      1652        116          0          0         96       1440   Library Totals

    ----------------------------------------------------------------------

==============================================================================


      Code (inc. data)   RO Data    RW Data    ZI Data      Debug   

     10800        500        336         24      24256      34716   Grand Totals
     10800        500        336         24      24256      34716   ELF Image Totals
     10800        500        336         24          0          0   ROM Totals

==============================================================================

    Total RO  Size (Code + RO Data)                11136 (  10.88kB)
    Total RW  Size (RW Data + ZI Data)             24280 (  23.71kB)
    Total ROM Size (Code + RO Data + RW Data)      11160 (  10.90kB)

==============================================================================

