Component: ARM Compiler 5.06 update 6 (build 750) Tool: armlink [4d35ed]

==============================================================================

Section Cross References

    canpro.o(.text) refers to can.o(.text) for ReadRegCan
    canpro.o(.text) refers to public.o(.bss) for Sys
    canpro.o(.text) refers to config.o(.bss) for Excute
    canpro.o(.text) refers to netpro.o(.bss) for Power
    canpro.o(.text) refers to public.o(.text) for MakeFeimoCanId
    canpro.o(.text) refers to netpro.o(.text) for SendDebugData
    canpro.o(.text) refers to canpro.o(.bss) for Can
    canpro.o(.text) refers to devicemanger.o(.bss) for DeviceManger
    canpro.o(.text) refers to canpro.o(.data) for Ack
    canpro.o(.text) refers to public.o(.data) for SYS_TICK
    canpro.o(.text) refers to sd2068.o(.bss) for Time
    canpro.o(.text) refers to fminit.o(.text) for FramWriteBurstByte
    canpro.o(.text) refers to config.o(.text) for UpdateWptr
    canpro.o(.text) refers to switcher.o(.bss) for Switchers
    config.o(.text) refers to public.o(.text) for CalCrc16
    config.o(.text) refers to fminit.o(.text) for FramWriteBurstByte
    config.o(.text) refers to config.o(.bss) for ConfigBuf
    config.o(.text) refers to public.o(.bss) for Sys
    config.o(.text) refers to w5500.o(.bss) for Net
    config.o(.text) refers to public.o(.data) for SYS_TICK
    config.o(.text) refers to sd2068.o(.text) for ReadTime
    config.o(.text) refers to canpro.o(.text) for CheckPowerIndex
    config.o(.text) refers to netpro.o(.bss) for Power
    config.o(.text) refers to canpro.o(.bss) for Init
    main.o(.text) refers to public.o(.text) for MsTickDiff
    main.o(.text) refers to cpu.o(.text) for CpuInit
    main.o(.text) refers to config.o(.text) for ReadDefaultConfig
    main.o(.text) refers to devicemanger.o(.text) for DeviceMangerInit
    main.o(.text) refers to canpro.o(.text) for CanPro
    main.o(.text) refers to voicepro.o(.text) for VoicePro
    main.o(.text) refers to netpro.o(.text) for NetPro
    main.o(.text) refers to public.o(.data) for SYS_TICK
    main.o(.text) refers to main.o(.data) for LedTick
    main.o(.text) refers to public.o(.bss) for Sys
    main.o(.text) refers to devicemanger.o(.bss) for DeviceManger
    netpro.o(.text) refers to public.o(.text) for CalCrc16
    netpro.o(.text) refers to w5500.o(.text) for SendSocketData
    netpro.o(.text) refers to w5500.o(.bss) for Net
    netpro.o(.text) refers to public.o(.bss) for Sys
    netpro.o(.text) refers to voicepro.o(.bss) for Voice
    netpro.o(.text) refers to config.o(.bss) for Device
    netpro.o(.text) refers to devicemanger.o(.bss) for DeviceManger
    netpro.o(.text) refers to config.o(.text) for WriteConfig
    netpro.o(.text) refers to canpro.o(.text) for CheckPowerIndex
    netpro.o(.text) refers to netpro.o(.bss) for Power
    netpro.o(.text) refers to sd2068.o(.text) for WriteTime
    netpro.o(.text) refers to sd2068.o(.bss) for Time
    netpro.o(.text) refers to fminit.o(.text) for FramReadBurstByte
    netpro.o(.text) refers to cpu.o(.text) for IWDG_Feed
    netpro.o(.text) refers to udp.o(.text) for Socket_Udp
    netpro.o(.text) refers to public.o(.data) for SYS_TICK
    netpro.o(.text) refers to main.o(.data) for LedRunTime
    netpro.o(.text) refers to rt_memclr_w.o(.text) for __aeabi_memclr4
    netpro.o(.text) refers to canpro.o(.bss) for Init
    public.o(.text) refers to public.o(.data) for SYS_TICK
    voicepro.o(.text) refers to public.o(.text) for MsTickDiff
    voicepro.o(.text) refers to w5500.o(.text) for SendSocketData
    voicepro.o(.text) refers to netpro.o(.text) for SendDebugData
    voicepro.o(.text) refers to voicepro.o(.bss) for Voice
    voicepro.o(.text) refers to public.o(.data) for SYS_TICK
    voicepro.o(.text) refers to public.o(.bss) for Sys
    voicepro.o(.text) refers to cpu.o(.data) for Timer125MsFlag
    voicepro.o(.text) refers to w5500.o(.bss) for Net
    voicepro.o(.text) refers to voicepro.o(.data) for sendCnt
    voicepro.o(.text) refers to config.o(.bss) for Device
    udp.o(.text) refers to w5500.o(.text) for WriteSocket2Byte
    udp.o(.text) refers to public.o(.text) for MsTickDiff
    udp.o(.text) refers to public.o(.data) for SYS_TICK
    can.o(.text) refers to public.o(.text) for MsTickDiff
    can.o(.text) refers to canpro.o(.text) for HandleCanData
    can.o(.text) refers to public.o(.data) for SYS_TICK
    can.o(.text) refers to canpro.o(.bss) for Can
    cpu.o(.text) refers to sys.o(.text) for Stm32_Clock_Init
    cpu.o(.text) refers to fminit.o(.text) for FmInit
    cpu.o(.text) refers to sd2068.o(.text) for SD2068Init
    cpu.o(.text) refers to uart.o(.text) for Dma1Init
    cpu.o(.text) refers to public.o(.data) for SYS_TICK
    cpu.o(.text) refers to voicepro.o(.bss) for Voice
    cpu.o(.text) refers to cpu.o(.data) for Timer125MsFlag
    fminit.o(.text) refers to public.o(.text) for delay_us
    uart.o(.text) refers to fflt_clz.o(x$fpl$ffltu) for __aeabi_ui2f
[...]
    startup_stm32f10x_hd.o(.text) refers to __main.o(!!!main) for __main
    startup_stm32f10x_hd.o(.text) refers to startup_stm32f10x_hd.o(HEAP) for Heap_Mem
    startup_stm32f10x_hd.o(.text) refers to startup_stm32f10x_hd.o(STACK) for Stack_Mem
    __main.o(!!!main) refers to __rtentry.o(.ARM.Collect$$rtentry$$00000000) for __rt_entry
    faddsub_clz.o(x$fpl$fadd) refers (Special) to usenofp.o(x$fpl$usenofp) for __I$use$fp
    faddsub_clz.o(x$fpl$fadd) refers to faddsub_clz.o(x$fpl$fsub) for _fsub1
    faddsub_clz.o(x$fpl$fadd) refers to fretinf.o(x$fpl$fretinf) for __fpl_fretinf
    faddsub_clz.o(x$fpl$fadd) refers to fnaninf.o(x$fpl$fnaninf) for __fpl_fnaninf
    faddsub_clz.o(x$fpl$frsb) refers (Special) to usenofp.o(x$fpl$usenofp) for __I$use$fp
    faddsub_clz.o(x$fpl$frsb) refers to faddsub_clz.o(x$fpl$fadd) for _fadd1
    faddsub_clz.o(x$fpl$frsb) refers to faddsub_clz.o(x$fpl$fsub) for _fsub1
    faddsub_clz.o(x$fpl$fsub) refers (Special) to usenofp.o(x$fpl$usenofp) for __I$use$fp
    faddsub_clz.o(x$fpl$fsub) refers to faddsub_clz.o(x$fpl$fadd) for _fadd1
    faddsub_clz.o(x$fpl$fsub) refers to fnaninf.o(x$fpl$fnaninf) for __fpl_fnaninf
    fdiv.o(x$fpl$frdiv) refers (Special) to usenofp.o(x$fpl$usenofp) for __I$use$fp
    fdiv.o(x$fpl$frdiv) refers to fdiv.o(x$fpl$fdiv) for _fdiv1
    fdiv.o(x$fpl$fdiv) refers (Special) to usenofp.o(x$fpl$usenofp) for __I$use$fp
    fdiv.o(x$fpl$fdiv) refers to fretinf.o(x$fpl$fretinf) for __fpl_fretinf
    fdiv.o(x$fpl$fdiv) refers to fnaninf.o(x$fpl$fnaninf) for __fpl_fnaninf
    ffixu.o(x$fpl$ffixu) refers (Special) to usenofp.o(x$fpl$usenofp) for __I$use$fp
    ffixu.o(x$fpl$ffixu) refers to fnaninf.o(x$fpl$fnaninf) for __fpl_fnaninf
    ffixu.o(x$fpl$ffixur) refers (Special) to usenofp.o(x$fpl$usenofp) for __I$use$fp
    ffixu.o(x$fpl$ffixur) refers to fnaninf.o(x$fpl$fnaninf) for __fpl_fnaninf
    fflt_clz.o(x$fpl$ffltu) refers (Special) to usenofp.o(x$fpl$usenofp) for __I$use$fp
    fflt_clz.o(x$fpl$fflt) refers (Special) to usenofp.o(x$fpl$usenofp) for __I$use$fp
    fflt_clz.o(x$fpl$ffltn) refers (Special) to usenofp.o(x$fpl$usenofp) for __I$use$fp
    fmul.o(x$fpl$fmul) refers (Special) to usenofp.o(x$fpl$usenofp) for __I$use$fp
    fmul.o(x$fpl$fmul) refers to fretinf.o(x$fpl$fretinf) for __fpl_fretinf
    fmul.o(x$fpl$fmul) refers to fnaninf.o(x$fpl$fnaninf) for __fpl_fnaninf
    __rtentry.o(.ARM.Collect$$rtentry$$00000000) refers (Special) to __rtentry2.o(.ARM.Collect$$rtentry$$0000000A) for __rt_entry_li
    __rtentry.o(.ARM.Collect$$rtentry$$00000000) refers (Special) to __rtentry2.o(.ARM.Collect$$rtentry$$0000000D) for __rt_entry_main
    __rtentry.o(.ARM.Collect$$rtentry$$00000000) refers (Special) to __rtentry2.o(.ARM.Collect$$rtentry$$0000000C) for __rt_entry_postli_1
    __rtentry.o(.ARM.Collect$$rtentry$$00000000) refers (Special) to __rtentry2.o(.ARM.Collect$$rtentry$$00000009) for __rt_entry_postsh_1
    __rtentry.o(.ARM.Collect$$rtentry$$00000000) refers (Special) to __rtentry2.o(.ARM.Collect$$rtentry$$00000002) for __rt_entry_presh_1
    __rtentry.o(.ARM.Collect$$rtentry$$00000000) refers (Special) to __rtentry4.o(.ARM.Collect$$rtentry$$00000004) for __rt_entry_sh
    fnaninf.o(x$fpl$fnaninf) refers (Special) to usenofp.o(x$fpl$usenofp) for __I$use$fp
    fretinf.o(x$fpl$fretinf) refers (Special) to usenofp.o(x$fpl$usenofp) for __I$use$fp
    __rtentry2.o(.ARM.Collect$$rtentry$$00000008) refers to boardinit2.o(.text) for _platform_post_stackheap_init
    __rtentry2.o(.ARM.Collect$$rtentry$$0000000A) refers to libinit.o(.ARM.Collect$$libinit$$00000000) for __rt_lib_init
    __rtentry2.o(.ARM.Collect$$rtentry$$0000000B) refers to boardinit3.o(.text) for _platform_post_lib_init
    __rtentry2.o(.ARM.Collect$$rtentry$$0000000D) refers to main.o(.text) for main
    __rtentry2.o(.ARM.Collect$$rtentry$$0000000D) refers to exit.o(.text) for exit
    __rtentry2.o(.ARM.exidx) refers to __rtentry2.o(.ARM.Collect$$rtentry$$00000001) for .ARM.Collect$$rtentry$$00000001
    __rtentry2.o(.ARM.exidx) refers to __rtentry2.o(.ARM.Collect$$rtentry$$00000008) for .ARM.Collect$$rtentry$$00000008
    __rtentry2.o(.ARM.exidx) refers to __rtentry2.o(.ARM.Collect$$rtentry$$0000000A) for .ARM.Collect$$rtentry$$0000000A
    __rtentry2.o(.ARM.exidx) refers to __rtentry2.o(.ARM.Collect$$rtentry$$0000000B) for .ARM.Collect$$rtentry$$0000000B
    __rtentry2.o(.ARM.exidx) refers to __rtentry2.o(.ARM.Collect$$rtentry$$0000000D) for .ARM.Collect$$rtentry$$0000000D
    __rtentry4.o(.ARM.Collect$$rtentry$$00000004) refers to sys_stackheap_outer.o(.text) for __user_setup_stackheap
    __rtentry4.o(.ARM.exidx) refers to __rtentry4.o(.ARM.Collect$$rtentry$$00000004) for .ARM.Collect$$rtentry$$00000004
    sys_stackheap_outer.o(.text) refers to libspace.o(.text) for __user_perproc_libspace
    sys_stackheap_outer.o(.text) refers to startup_stm32f10x_hd.o(.text) for __user_initial_stackheap
    exit.o(.text) refers to rtexit.o(.ARM.Collect$$rtexit$$00000000) for __rt_exit
    libinit.o(.ARM.Collect$$libinit$$00000000) refers (Special) to libinit2.o(.ARM.Collect$$libinit$$0000002E) for __rt_lib_init_alloca_1
    libinit.o(.ARM.Collect$$libinit$$00000000) refers (Special) to libinit2.o(.ARM.Collect$$libinit$$0000002C) for __rt_lib_init_argv_1
    libinit.o(.ARM.Collect$$libinit$$00000000) refers (Special) to libinit2.o(.ARM.Collect$$libinit$$0000001B) for __rt_lib_init_atexit_1
    libinit.o(.ARM.Collect$$libinit$$00000000) refers (Special) to libinit2.o(.ARM.Collect$$libinit$$00000021) for __rt_lib_init_clock_1
    libinit.o(.ARM.Collect$$libinit$$00000000) refers (Special) to libinit2.o(.ARM.Collect$$libinit$$00000032) for __rt_lib_init_cpp_1
    libinit.o(.ARM.Collect$$libinit$$00000000) refers (Special) to libinit2.o(.ARM.Collect$$libinit$$00000030) for __rt_lib_init_exceptions_1
    libinit.o(.ARM.Collect$$libinit$$00000000) refers (Special) to libinit2.o(.ARM.Collect$$libinit$$00000002) for __rt_lib_init_fp_1
    libinit.o(.ARM.Collect$$libinit$$00000000) refers (Special) to libinit2.o(.ARM.Collect$$libinit$$0000001F) for __rt_lib_init_fp_trap_1
    libinit.o(.ARM.Collect$$libinit$$00000000) refers (Special) to libinit2.o(.ARM.Collect$$libinit$$00000023) for __rt_lib_init_getenv_1
    libinit.o(.ARM.Collect$$libinit$$00000000) refers (Special) to libinit2.o(.ARM.Collect$$libinit$$0000000A) for __rt_lib_init_heap_1
    libinit.o(.ARM.Collect$$libinit$$00000000) refers (Special) to libinit2.o(.ARM.Collect$$libinit$$00000011) for __rt_lib_init_lc_collate_1
    libinit.o(.ARM.Collect$$libinit$$00000000) refers (Special) to libinit2.o(.ARM.Collect$$libinit$$00000013) for __rt_lib_init_lc_ctype_1
    libinit.o(.ARM.Collect$$libinit$$00000000) refers (Special) to libinit2.o(.ARM.Collect$$libinit$$00000015) for __rt_lib_init_lc_monetary_1
    libinit.o(.ARM.Collect$$libinit$$00000000) refers (Special) to libinit2.o(.ARM.Collect$$libinit$$00000017) for __rt_lib_init_lc_numeric_1
    libinit.o(.ARM.Collect$$libinit$$00000000) refers (Special) to libinit2.o(.ARM.Collect$$libinit$$00000019) for __rt_lib_init_lc_time_1
    libinit.o(.ARM.Collect$$libinit$$00000000) refers (Special) to libinit2.o(.ARM.Collect$$libinit$$00000004) for __rt_lib_init_preinit_1
    libinit.o(.ARM.Collect$$libinit$$00000000) refers (Special) to libinit2.o(.ARM.Collect$$libinit$$0000000E) for __rt_lib_init_rand_1
    libinit.o(.ARM.Collect$$libinit$$00000000) refers (Special) to libinit2.o(.ARM.Collect$$libinit$$00000033) for __rt_lib_init_return
    libinit.o(.ARM.Collect$$libinit$$00000000) refers (Special) to libinit2.o(.ARM.Collect$$libinit$$0000001D) for __rt_lib_init_signal_1
    libinit.o(.ARM.Collect$$libinit$$00000000) refers (Special) to libinit2.o(.ARM.Collect$$libinit$$00000025) for __rt_lib_init_stdio_1
    libinit.o(.ARM.Collect$$libinit$$00000000) refers (Special) to libinit2.o(.ARM.Collect$$libinit$$0000000C) for __rt_lib_init_user_alloc_1
    libspace.o(.text) refers to libspace.o(.bss) for __libspace_start
    rtexit.o(.ARM.Collect$$rtexit$$00000000) refers (Special) to rtexit2.o(.ARM.Collect$$rtexit$$00000004) for __rt_exit_exit
    rtexit.o(.ARM.Collect$$rtexit$$00000000) refers (Special) to rtexit2.o(.ARM.Collect$$rtexit$$00000003) for __rt_exit_ls
    rtexit.o(.ARM.Collect$$rtexit$$00000000) refers (Special) to rtexit2.o(.ARM.Collect$$rtexit$$00000002) for __rt_exit_prels_1
    rtexit.o(.ARM.exidx) refers (Special) to rtexit2.o(.ARM.Collect$$rtexit$$00000004) for __rt_exit_exit
    rtexit.o(.ARM.exidx) refers (Special) to rtexit2.o(.ARM.Collect$$rtexit$$00000003) for __rt_exit_ls
    rtexit.o(.ARM.exidx) refers (Special) to rtexit2.o(.ARM.Collect$$rtexit$$00000002) for __rt_exit_prels_1
    rtexit.o(.ARM.exidx) refers to rtexit.o(.ARM.Collect$$rtexit$$00000000) for .ARM.Collect$$rtexit$$00000000
    libinit2.o(.ARM.Collect$$libinit$$00000010) refers to libinit2.o(.ARM.Collect$$libinit$$0000000F) for .ARM.Collect$$libinit$$0000000F
    libinit2.o(.ARM.Collect$$libinit$$00000012) refers to libinit2.o(.ARM.Collect$$libinit$$0000000F) for .ARM.Collect$$libinit$$0000000F
    libinit2.o(.ARM.Collect$$libinit$$00000014) refers to libinit2.o(.ARM.Collect$$libinit$$0000000F) for .ARM.Collect$$libinit$$0000000F
    libinit2.o(.ARM.Collect$$libinit$$00000016) refers to libinit2.o(.ARM.Collect$$libinit$$0000000F) for .ARM.Collect$$libinit$$0000000F
    libinit2.o(.ARM.Collect$$libinit$$00000018) refers to libinit2.o(.ARM.Collect$$libinit$$0000000F) for .ARM.Collect$$libinit$$0000000F
    libinit2.o(.ARM.Collect$$libinit$$00000026) refers to argv_veneer.o(.emb_text) for __ARM_argv_veneer
    libinit2.o(.ARM.Collect$$libinit$$00000027) refers to argv_veneer.o(.emb_text) for __ARM_argv_veneer
    rtexit2.o(.ARM.Collect$$rtexit$$00000003) refers to libshutdown.o(.ARM.Collect$$libshutdown$$00000000) for __rt_lib_shutdown
    rtexit2.o(.ARM.Collect$$rtexit$$00000004) refers to sys_exit.o(.text) for _sys_exit
    rtexit2.o(.ARM.exidx) refers to rtexit2.o(.ARM.Collect$$rtexit$$00000001) for .ARM.Collect$$rtexit$$00000001
    rtexit2.o(.ARM.exidx) refers to rtexit2.o(.ARM.Collect$$rtexit$$00000003) for .ARM.Collect$$rtexit$$00000003
    rtexit2.o(.ARM.exidx) refers to rtexit2.o(.ARM.Collect$$rtexit$$00000004) for .ARM.Collect$$rtexit$$00000004
    argv_veneer.o(.emb_text) refers to no_argv.o(.text) for __ARM_get_argv
    sys_exit.o(.text) refers (Special) to use_no_semi.o(.text) for __I$use$semihosting
    sys_exit.o(.text) refers (Special) to indicate_semi.o(.text) for __semihosting_library_function
    _get_argv_nomalloc.o(.text) refers (Special) to hrguard.o(.text) for __heap_region$guard
    _get_argv_nomalloc.o(.text) refers to defsig_rtmem_outer.o(.text) for __rt_SIGRTMEM
    _get_argv_nomalloc.o(.text) refers to sys_command.o(.text) for _sys_command_string
    libshutdown.o(.ARM.Collect$$libshutdown$$00000000) refers (Special) to libshutdown2.o(.ARM.Collect$$libshutdown$$00000002) for __rt_lib_shutdown_cpp_1
    libshutdown.o(.ARM.Collect$$libshutdown$$00000000) refers (Special) to libshutdown2.o(.ARM.Collect$$libshutdown$$00000007) for __rt_lib_shutdown_fp_trap_1
    libshutdown.o(.ARM.Collect$$libshutdown$$00000000) refers (Special) to libshutdown2.o(.ARM.Collect$$libshutdown$$0000000F) for __rt_lib_shutdown_heap_1
    libshutdown.o(.ARM.Collect$$libshutdown$$00000000) refers (Special) to libshutdown2.o(.ARM.Collect$$libshutdown$$00000010) for __rt_lib_shutdown_return
    libshutdown.o(.ARM.Collect$$libshutdown$$00000000) refers (Special) to libshutdown2.o(.ARM.Collect$$libshutdown$$0000000A) for __rt_lib_shutdown_signal_1
    libshutdown.o(.ARM.Collect$$libshutdown$$00000000) refers (Special) to libshutdown2.o(.ARM.Collect$$libshutdown$$00000004) for __rt_lib_shutdown_stdio_1
    libshutdown.o(.ARM.Collect$$libshutdown$$00000000) refers (Special) to libshutdown2.o(.ARM.Collect$$libshutdown$$0000000C) for __rt_lib_shutdown_user_alloc_1
    sys_command.o(.text) refers (Special) to use_no_semi.o(.text) for __I$use$semihosting
    sys_command.o(.text) refers (Special) to indicate_semi.o(.text) for __semihosting_library_function
    defsig_rtmem_outer.o(.text) refers to defsig_rtmem_inner.o(.text) for __rt_SIGRTMEM_inner
    defsig_rtmem_outer.o(.text) refers to defsig_exit.o(.text) for __sig_exit
    defsig_rtmem_formal.o(.text) refers to rt_raise.o(.text) for __rt_raise
    rt_raise.o(.text) refers to __raise.o(.text) for __raise
    rt_raise.o(.text) refers to sys_exit.o(.text) for _sys_exit
    defsig_exit.o(.text) refers to sys_exit.o(.text) for _sys_exit
    defsig_rtmem_inner.o(.text) refers to defsig_general.o(.text) for __default_signal_display
    __raise.o(.text) refers to defsig.o(CL$$defsig) for __default_signal_handler
    defsig_general.o(.text) refers to sys_wrch.o(.text) for _ttywrch
    sys_wrch.o(.text) refers (Special) to use_no_semi.o(.text) for __I$use$semihosting
    sys_wrch.o(.text) refers (Special) to indicate_semi.o(.text) for __semihosting_library_function
    defsig.o(CL$$defsig) refers to defsig_rtmem_inner.o(.text) for __rt_SIGRTMEM_inner
    defsig_abrt_inner.o(.text) refers to defsig_general.o(.text) for __default_signal_display
    defsig_fpe_inner.o(.text) refers to defsig_general.o(.text) for __default_signal_display
    defsig_rtred_inner.o(.text) refers to defsig_general.o(.text) for __default_signal_display
    defsig_stak_inner.o(.text) refers to defsig_general.o(.text) for __default_signal_display
    defsig_pvfn_inner.o(.text) refers to defsig_general.o(.text) for __default_signal_display
    defsig_cppl_inner.o(.text) refers to defsig_general.o(.text) for __default_signal_display
    defsig_segv_inner.o(.text) refers to defsig_general.o(.text) for __default_signal_display
    defsig_other.o(.text) refers to defsig_general.o(.text) for __default_signal_display


==============================================================================

Removing Unused input sections from the image.

    Removing can.o(.bss), (20 bytes).
    Removing switcher.o(.data), (8 bytes).

2 unused section(s) (total 28 bytes) removed from the image.

==============================================================================

Image Symbol Table

    Local Symbols

    Symbol Name                              Value     Ov Type        Size  Object(Section)

    ../clib/angel/boardlib.s                 0x00000000   Number         0  boardinit2.o ABSOLUTE
    ../clib/angel/boardlib.s                 0x00000000   Number         0  boardinit1.o ABSOLUTE
    ../clib/angel/boardlib.s                 0x00000000   Number         0  boardshut.o ABSOLUTE
    ../clib/angel/boardlib.s                 0x00000000   Number         0  boardinit3.o ABSOLUTE
    ../clib/angel/handlers.s                 0x00000000   Number         0  __scatter_zi.o ABSOLUTE
    ../clib/angel/handlers.s                 0x00000000   Number         0  __scatter_copy.o ABSOLUTE
    ../clib/angel/kernel.s                   0x00000000   Number         0  __rtentry.o ABSOLUTE
    ../clib/angel/kernel.s                   0x00000000   Number         0  rtexit.o ABSOLUTE
    ../clib/angel/kernel.s                   0x00000000   Number         0  rtexit2.o ABSOLUTE
    ../clib/angel/kernel.s                   0x00000000   Number         0  __rtentry4.o ABSOLUTE
    ../clib/angel/kernel.s                   0x00000000   Number         0  __rtentry2.o ABSOLUTE
    ../clib/angel/rt.s                       0x00000000   Number         0  rt_raise.o ABSOLUTE
    ../clib/angel/scatter.s                  0x00000000   Number         0  __scatter.o ABSOLUTE
    ../clib/angel/startup.s                  0x00000000   Number         0  __main.o ABSOLUTE
    ../clib/angel/sys.s                      0x00000000   Number         0  libspace.o ABSOLUTE
    ../clib/angel/sys.s                      0x00000000   Number         0  sys_stackheap_outer.o ABSOLUTE
    ../clib/angel/sys.s                      0x00000000   Number         0  indicate_semi.o ABSOLUTE
    ../clib/angel/sys.s                      0x00000000   Number         0  use_no_semi.o ABSOLUTE
    ../clib/angel/sysapp.c                   0x00000000   Number         0  sys_exit.o ABSOLUTE
    ../clib/angel/sysapp.c                   0x00000000   Number         0  sys_command.o ABSOLUTE
    ../clib/angel/sysapp.c                   0x00000000   Number         0  sys_wrch.o ABSOLUTE
    ../clib/armsys.c                         0x00000000   Number         0  argv_veneer.o ABSOLUTE
    ../clib/armsys.c                         0x00000000   Number         0  argv_veneer.o ABSOLUTE
    ../clib/armsys.c                         0x00000000   Number         0  _get_argv_nomalloc.o ABSOLUTE
    ../clib/armsys.c                         0x00000000   Number         0  no_argv.o ABSOLUTE
    ../clib/heapalloc.c                      0x00000000   Number         0  hrguard.o ABSOLUTE
    ../clib/heapaux.c                        0x00000000   Number         0  heapauxi.o ABSOLUTE
    ../clib/libinit.s                        0x00000000   Number         0  libinit.o ABSOLUTE
    ../clib/libinit.s                        0x00000000   Number         0  libinit2.o ABSOLUTE
    ../clib/libinit.s                        0x00000000   Number         0  libshutdown.o ABSOLUTE
    ../clib/libinit.s                        0x00000000   Number         0  libshutdown2.o ABSOLUTE
    ../clib/memcpset.s                       0x00000000   Number         0  rt_memclr_w.o ABSOLUTE
    ../clib/signal.c                         0x00000000   Number         0  defsig_other.o ABSOLUTE
    ../clib/signal.c                         0x00000000   Number         0  defsig_segv_inner.o ABSOLUTE
    ../clib/signal.c                         0x00000000   Number         0  defsig_cppl_inner.o ABSOLUTE
    ../clib/signal.c                         0x00000000   Number         0  defsig_pvfn_inner.o ABSOLUTE
    ../clib/signal.c                         0x00000000   Number         0  defsig_stak_inner.o ABSOLUTE
    ../clib/signal.c                         0x00000000   Number         0  defsig_rtred_inner.o ABSOLUTE
    ../clib/signal.c                         0x00000000   Number         0  defsig_fpe_inner.o ABSOLUTE
    ../clib/signal.c                         0x00000000   Number         0  defsig_abrt_inner.o ABSOLUTE
    ../clib/signal.c                         0x00000000   Number         0  defsig_general.o ABSOLUTE
    ../clib/signal.c                         0x00000000   Number         0  defsig_rtmem_outer.o ABSOLUTE
    ../clib/signal.c                         0x00000000   Number         0  __raise.o ABSOLUTE
    ../clib/signal.c                         0x00000000   Number         0  defsig_rtmem_inner.o ABSOLUTE
    ../clib/signal.c                         0x00000000   Number         0  defsig_exit.o ABSOLUTE
    ../clib/signal.c                         0x00000000   Number         0  defsig_rtmem_formal.o ABSOLUTE
    ../clib/signal.s                         0x00000000   Number         0  defsig.o ABSOLUTE
    ../clib/stdlib.c                         0x00000000   Number         0  exit.o ABSOLUTE
    ../fplib/faddsub.s                       0x00000000   Number         0  faddsub_clz.o ABSOLUTE
    ../fplib/fdiv.s                          0x00000000   Number         0  fdiv.o ABSOLUTE
    ../fplib/ffixu.s                         0x00000000   Number         0  ffixu.o ABSOLUTE
    ../fplib/fflt.s                          0x00000000   Number         0  fflt_clz.o ABSOLUTE
    ../fplib/fmul.s                          0x00000000   Number         0  fmul.o ABSOLUTE
    ../fplib/fnaninf.s                       0x00000000   Number         0  fnaninf.o ABSOLUTE
    ../fplib/fpinit.s                        0x00000000   Number         0  fpinit.o ABSOLUTE
    ../fplib/fretinf.s                       0x00000000   Number         0  fretinf.o ABSOLUTE
    ../fplib/usenofp.s                       0x00000000   Number         0  usenofp.o ABSOLUTE
    ..\App\CanPro.c                          0x00000000   Number         0  canpro.o ABSOLUTE
    ..\App\Config.c                          0x00000000   Number         0  config.o ABSOLUTE
    ..\App\NetPro.c                          0x00000000   Number         0  netpro.o ABSOLUTE
    ..\App\Public.c                          0x00000000   Number         0  public.o ABSOLUTE
    ..\App\Udp.c                             0x00000000   Number         0  udp.o ABSOLUTE
    ..\App\VoicePro.c                        0x00000000   Number         0  voicepro.o ABSOLUTE
    ..\App\main.c                            0x00000000   Number         0  main.o ABSOLUTE
    ..\Device\DeviceManger.c                 0x00000000   Number         0  devicemanger.o ABSOLUTE
    ..\Device\IPD_ZJM.c                      0x00000000   Number         0  ipd_zjm.o ABSOLUTE
    ..\Device\PekingPower.c                  0x00000000   Number         0  pekingpower.o ABSOLUTE
    ..\Device\Switcher.c                     0x00000000   Number         0  switcher.o ABSOLUTE
    ..\Hardware\CPU.c                        0x00000000   Number         0  cpu.o ABSOLUTE
    ..\Hardware\Can.c                        0x00000000   Number         0  can.o ABSOLUTE
    ..\Hardware\FmInit.c                     0x00000000   Number         0  fminit.o ABSOLUTE
    ..\Hardware\SD2068.c                     0x00000000   Number         0  sd2068.o ABSOLUTE
    ..\Hardware\Uart.c                       0x00000000   Number         0  uart.o ABSOLUTE
    ..\Hardware\W5500.C                      0x00000000   Number         0  w5500.o ABSOLUTE
    ..\Lib\startup_stm32f10x_hd.s            0x00000000   Number         0  startup_stm32f10x_hd.o ABSOLUTE
    ..\Lib\stm32f10x_lib.c                   0x00000000   Number         0  stm32f10x_lib.o ABSOLUTE
    ..\Lib\sys.c                             0x00000000   Number         0  sys.o ABSOLUTE
    ..\\Lib\\sys.c                           0x00000000   Number         0  sys.o ABSOLUTE
    dc.s                                     0x00000000   Number         0  dc.o ABSOLUTE
    RESET                                    0x08000000   Section      304  startup_stm32f10x_hd.o(RESET)
    !!!main                                  0x08000130   Section        8  __main.o(!!!main)
    !!!scatter                               0x08000138   Section       52  __scatter.o(!!!scatter)
    !!handler_copy                           0x0800016c   Section       26  __scatter_copy.o(!!handler_copy)
    !!handler_zi                             0x08000188   Section       28  __scatter_zi.o(!!handler_zi)
    .ARM.Collect$$libinit$$00000000          0x080001a4   Section        2  libinit.o(.ARM.Collect$$libinit$$00000000)
    .ARM.Collect$$libinit$$00000002          0x080001a6   Section        0  libinit2.o(.ARM.Collect$$libinit$$00000002)
    .ARM.Collect$$libinit$$00000004          0x080001a6   Section        0  libinit2.o(.ARM.Collect$$libinit$$00000004)
    .ARM.Collect$$libinit$$0000000A          0x080001a6   Section        0  libinit2.o(.ARM.Collect$$libinit$$0000000A)
    .ARM.Collect$$libinit$$0000000C          0x080001a6   Section        0  libinit2.o(.ARM.Collect$$libinit$$0000000C)
    .ARM.Collect$$libinit$$0000000E          0x080001a6   Section        0  libinit2.o(.ARM.Collect$$libinit$$0000000E)
    .ARM.Collect$$libinit$$00000011          0x080001a6   Section        0  libinit2.o(.ARM.Collect$$libinit$$00000011)
    .ARM.Collect$$libinit$$00000013          0x080001a6   Section        0  libinit2.o(.ARM.Collect$$libinit$$00000013)
    .ARM.Collect$$libinit$$00000015          0x080001a6   Section        0  libinit2.o(.ARM.Collect$$libinit$$00000015)
    .ARM.Collect$$libinit$$00000017          0x080001a6   Section        0  libinit2.o(.ARM.Collect$$libinit$$00000017)
    .ARM.Collect$$libinit$$00000019          0x080001a6   Section        0  libinit2.o(.ARM.Collect$$libinit$$00000019)
    .ARM.Collect$$libinit$$0000001B          0x080001a6   Section        0  libinit2.o(.ARM.Collect$$libinit$$0000001B)
    .ARM.Collect$$libinit$$0000001D          0x080001a6   Section        0  libinit2.o(.ARM.Collect$$libinit$$0000001D)
    .ARM.Collect$$libinit$$0000001F          0x080001a6   Section        0  libinit2.o(.ARM.Collect$$libinit$$0000001F)
    .ARM.Collect$$libinit$$00000021          0x080001a6   Section        0  libinit2.o(.ARM.Collect$$libinit$$00000021)
    .ARM.Collect$$libinit$$00000023          0x080001a6   Section        0  libinit2.o(.ARM.Collect$$libinit$$00000023)
    .ARM.Collect$$libinit$$00000025          0x080001a6   Section        0  libinit2.o(.ARM.Collect$$libinit$$00000025)
    .ARM.Collect$$libinit$$0000002C          0x080001a6   Section        0  libinit2.o(.ARM.Collect$$libinit$$0000002C)
    .ARM.Collect$$libinit$$0000002E          0x080001a6   Section        0  libinit2.o(.ARM.Collect$$libinit$$0000002E)
    .ARM.Collect$$libinit$$00000030          0x080001a6   Section        0  libinit2.o(.ARM.Collect$$libinit$$00000030)
    .ARM.Collect$$libinit$$00000032          0x080001a6   Section        0  libinit2.o(.ARM.Collect$$libinit$$00000032)
    .ARM.Collect$$libinit$$00000033          0x080001a6   Section        2  libinit2.o(.ARM.Collect$$libinit$$00000033)
    .ARM.Collect$$libshutdown$$00000000      0x080001a8   Section        2  libshutdown.o(.ARM.Collect$$libshutdown$$00000000)
    .ARM.Collect$$libshutdown$$00000002      0x080001aa   Section        0  libshutdown2.o(.ARM.Collect$$libshutdown$$00000002)
    .ARM.Collect$$libshutdown$$00000004      0x080001aa   Section        0  libshutdown2.o(.ARM.Collect$$libshutdown$$00000004)
    .ARM.Collect$$libshutdown$$00000007      0x080001aa   Section        0  libshutdown2.o(.ARM.Collect$$libshutdown$$00000007)
    .ARM.Collect$$libshutdown$$0000000A      0x080001aa   Section        0  libshutdown2.o(.ARM.Collect$$libshutdown$$0000000A)
    .ARM.Collect$$libshutdown$$0000000C      0x080001aa   Section        0  libshutdown2.o(.ARM.Collect$$libshutdown$$0000000C)
    .ARM.Collect$$libshutdown$$0000000F      0x080001aa   Section        0  libshutdown2.o(.ARM.Collect$$libshutdown$$0000000F)
    .ARM.Collect$$libshutdown$$00000010      0x080001aa   Section        2  libshutdown2.o(.ARM.Collect$$libshutdown$$00000010)
    .ARM.Collect$$rtentry$$00000000          0x080001ac   Section        0  __rtentry.o(.ARM.Collect$$rtentry$$00000000)
    .ARM.Collect$$rtentry$$00000002          0x080001ac   Section        0  __rtentry2.o(.ARM.Collect$$rtentry$$00000002)
    .ARM.Collect$$rtentry$$00000004          0x080001ac   Section        6  __rtentry4.o(.ARM.Collect$$rtentry$$00000004)
    .ARM.Collect$$rtentry$$00000009          0x080001b2   Section        0  __rtentry2.o(.ARM.Collect$$rtentry$$00000009)
    .ARM.Collect$$rtentry$$0000000A          0x080001b2   Section        4  __rtentry2.o(.ARM.Collect$$rtentry$$0000000A)
    .ARM.Collect$$rtentry$$0000000C          0x080001b6   Section        0  __rtentry2.o(.ARM.Collect$$rtentry$$0000000C)
    .ARM.Collect$$rtentry$$0000000D          0x080001b6   Section        8  __rtentry2.o(.ARM.Collect$$rtentry$$0000000D)
    .ARM.Collect$$rtexit$$00000000           0x080001be   Section        2  rtexit.o(.ARM.Collect$$rtexit$$00000000)
    .ARM.Collect$$rtexit$$00000002           0x080001c0   Section        0  rtexit2.o(.ARM.Collect$$rtexit$$00000002)
    .ARM.Collect$$rtexit$$00000003           0x080001c0   Section        4  rtexit2.o(.ARM.Collect$$rtexit$$00000003)
    .ARM.Collect$$rtexit$$00000004           0x080001c4   Section        6  rtexit2.o(.ARM.Collect$$rtexit$$00000004)
    .emb_text                                0x080001cc   Section        2  sys.o(.emb_text)
    .text                                    0x080001d0   Section        0  canpro.o(.text)
    .text                                    0x080021e4   Section        0  config.o(.text)
    .text                                    0x08002d4c   Section        0  main.o(.text)
    .text                                    0x08002f08   Section        0  netpro.o(.text)
    .text                                    0x08004e50   Section        0  public.o(.text)
    .text                                    0x08005008   Section        0  voicepro.o(.text)
    .text                                    0x080055ec   Section        0  udp.o(.text)
    .text                                    0x08005644   Section        0  can.o(.text)
    .text                                    0x08005ed0   Section        0  cpu.o(.text)
    .text                                    0x08006118   Section        0  fminit.o(.text)
    .text                                    0x08006540   Section        0  uart.o(.text)
    .text                                    0x0800682c   Section        0  w5500.o(.text)
    .text                                    0x08007094   Section        0  sd2068.o(.text)
    .text                                    0x0800755c   Section        0  ipd_zjm.o(.text)
    .text                                    0x08007770   Section        0  pekingpower.o(.text)
    .text                                    0x080079dc   Section        0  devicemanger.o(.text)
    .text                                    0x08007a34   Section        0  switcher.o(.text)
    .text                                    0x08007b20   Section        0  sys.o(.text)
    .text                                    0x08007df4   Section       56  startup_stm32f10x_hd.o(.text)
    .text                                    0x08007e2c   Section       78  rt_memclr_w.o(.text)
    .text                                    0x08007e7a   Section        0  heapauxi.o(.text)
    .text                                    0x08007e80   Section       74  sys_stackheap_outer.o(.text)
    .text                                    0x08007eca   Section        0  exit.o(.text)
    .text                                    0x08007edc   Section        8  libspace.o(.text)
    .text                                    0x08007ee4   Section        0  sys_exit.o(.text)
    .text                                    0x08007ef0   Section        2  use_no_semi.o(.text)
    .text                                    0x08007ef2   Section        0  indicate_semi.o(.text)
    x$fpl$fadd                               0x08007ef4   Section      196  faddsub_clz.o(x$fpl$fadd)
    _fadd1                                   0x08007f03   Thumb Code     0  faddsub_clz.o(x$fpl$fadd)
    x$fpl$fdiv                               0x08007fb8   Section      388  fdiv.o(x$fpl$fdiv)
    _fdiv1                                   0x08007fb9   Thumb Code     0  fdiv.o(x$fpl$fdiv)
    x$fpl$ffixu                              0x0800813c   Section       62  ffixu.o(x$fpl$ffixu)
    x$fpl$ffltu                              0x0800817c   Section       38  fflt_clz.o(x$fpl$ffltu)
    x$fpl$fmul                               0x080081a4   Section      258  fmul.o(x$fpl$fmul)
    x$fpl$fnaninf                            0x080082a6   Section      140  fnaninf.o(x$fpl$fnaninf)
    x$fpl$fretinf                            0x08008332   Section       10  fretinf.o(x$fpl$fretinf)
    x$fpl$frsb                               0x0800833c   Section       20  faddsub_clz.o(x$fpl$frsb)
    x$fpl$fsub                               0x08008350   Section      234  faddsub_clz.o(x$fpl$fsub)
    _fsub1                                   0x0800835f   Thumb Code     0  faddsub_clz.o(x$fpl$fsub)
    x$fpl$usenofp                            0x0800843a   Section        0  usenofp.o(x$fpl$usenofp)
    .data                                    0x20000000   Section        6  canpro.o(.data)
    .data                                    0x20000006   Section       10  main.o(.data)
    .data                                    0x20000010   Section        6  public.o(.data)
    .data                                    0x20000016   Section        2  voicepro.o(.data)
    .data                                    0x20000018   Section        1  cpu.o(.data)
    .bss                                     0x2000001c   Section      284  canpro.o(.bss)
    .bss                                     0x20000138   Section     2602  config.o(.bss)
    .bss                                     0x20000b62   Section     1410  netpro.o(.bss)
    .bss                                     0x200010e4   Section       71  public.o(.bss)
    .bss                                     0x2000112c   Section    21038  voicepro.o(.bss)
    .bss                                     0x2000635a   Section     1546  w5500.o(.bss)
    .bss                                     0x20006964   Section       16  sd2068.o(.bss)
    .bss                                     0x20006974   Section      580  ipd_zjm.o(.bss)
    .bss                                     0x20006bb8   Section      820  pekingpower.o(.bss)
    .bss                                     0x20006eec   Section       36  devicemanger.o(.bss)
    .bss                                     0x20006f10   Section       32  switcher.o(.bss)
    .bss                                     0x20006f30   Section       96  libspace.o(.bss)
    HEAP                                     0x20006f90   Section      512  startup_stm32f10x_hd.o(HEAP)
    Heap_Mem                                 0x20006f90   Data         512  startup_stm32f10x_hd.o(HEAP)
    STACK                                    0x20007190   Section     1024  startup_stm32f10x_hd.o(STACK)
    Stack_Mem                                0x20007190   Data        1024  startup_stm32f10x_hd.o(STACK)
    __initial_sp                             0x20007590   Data           0  startup_stm32f10x_hd.o(STACK)

    Global Symbols

    Symbol Name                              Value     Ov Type        Size  Object(Section)

    BuildAttributes$$THM_ISAv4$P$D$K$B$S$PE$A:L22UL41UL21$X:L11$S22US41US21$IEEE1$IW$USESV6$~STKCKD$USESV7$~SHL$OSPACE$ROPI$EBA8$UX$STANDARDLIB$REQ8$PRES8$EABIv2 0x00000000   Number         0  anon$$obj.o ABSOLUTE
    __ARM_use_no_argv                        0x00000000   Number         0  main.o ABSOLUTE
    __ARM_exceptions_init                     - Undefined Weak Reference
    __alloca_initialize                       - Undefined Weak Reference
    __arm_preinit_                            - Undefined Weak Reference
    __cpp_initialize__aeabi_                  - Undefined Weak Reference
    __cxa_finalize                            - Undefined Weak Reference
    __rt_locale                               - Undefined Weak Reference
    __sigvec_lookup                           - Undefined Weak Reference
    _atexit_init                              - Undefined Weak Reference
    _call_atexit_fns                          - Undefined Weak Reference
    _clock_init                               - Undefined Weak Reference
    _fp_trap_init                             - Undefined Weak Reference
    _fp_trap_shutdown                         - Undefined Weak Reference
    _get_lc_collate                           - Undefined Weak Reference
    _get_lc_ctype                             - Undefined Weak Reference
    _get_lc_monetary                          - Undefined Weak Reference
    _get_lc_numeric                           - Undefined Weak Reference
    _get_lc_time                              - Undefined Weak Reference
    _getenv_init                              - Undefined Weak Reference
    _handle_redirection                       - Undefined Weak Reference
    _init_alloc                               - Undefined Weak Reference
    _init_user_alloc                          - Undefined Weak Reference
    _initio                                   - Undefined Weak Reference
    _rand_init                                - Undefined Weak Reference
    _signal_finish                            - Undefined Weak Reference
    _signal_init                              - Undefined Weak Reference
    _terminate_alloc                          - Undefined Weak Reference
    _terminate_user_alloc                     - Undefined Weak Reference
    _terminateio                              - Undefined Weak Reference
    __Vectors_Size                           0x00000130   Number         0  startup_stm32f10x_hd.o ABSOLUTE
    __Vectors                                0x08000000   Data           4  startup_stm32f10x_hd.o(RESET)
    __Vectors_End                            0x08000130   Data           0  startup_stm32f10x_hd.o(RESET)
    __main                                   0x08000131   Thumb Code     8  __main.o(!!!main)
    __scatterload                            0x08000139   Thumb Code     0  __scatter.o(!!!scatter)
    __scatterload_rt2                        0x08000139   Thumb Code    44  __scatter.o(!!!scatter)
    __scatterload_rt2_thumb_only             0x08000139   Thumb Code     0  __scatter.o(!!!scatter)
    __scatterload_null                       0x08000147   Thumb Code     0  __scatter.o(!!!scatter)
    __scatterload_copy                       0x0800016d   Thumb Code    26  __scatter_copy.o(!!handler_copy)
    __scatterload_zeroinit                   0x08000189   Thumb Code    28  __scatter_zi.o(!!handler_zi)
    __rt_lib_init                            0x080001a5   Thumb Code     0  libinit.o(.ARM.Collect$$libinit$$00000000)
    __rt_lib_init_alloca_1                   0x080001a7   Thumb Code     0  libinit2.o(.ARM.Collect$$libinit$$0000002E)
    __rt_lib_init_argv_1                     0x080001a7   Thumb Code     0  libinit2.o(.ARM.Collect$$libinit$$0000002C)
    __rt_lib_init_atexit_1                   0x080001a7   Thumb Code     0  libinit2.o(.ARM.Collect$$libinit$$0000001B)
    __rt_lib_init_clock_1                    0x080001a7   Thumb Code     0  libinit2.o(.ARM.Collect$$libinit$$00000021)
    __rt_lib_init_cpp_1                      0x080001a7   Thumb Code     0  libinit2.o(.ARM.Collect$$libinit$$00000032)
    __rt_lib_init_exceptions_1               0x080001a7   Thumb Code     0  libinit2.o(.ARM.Collect$$libinit$$00000030)
    __rt_lib_init_fp_1                       0x080001a7   Thumb Code     0  libinit2.o(.ARM.Collect$$libinit$$00000002)
    __rt_lib_init_fp_trap_1                  0x080001a7   Thumb Code     0  libinit2.o(.ARM.Collect$$libinit$$0000001F)
    __rt_lib_init_getenv_1                   0x080001a7   Thumb Code     0  libinit2.o(.ARM.Collect$$libinit$$00000023)
    __rt_lib_init_heap_1                     0x080001a7   Thumb Code     0  libinit2.o(.ARM.Collect$$libinit$$0000000A)
    __rt_lib_init_lc_collate_1               0x080001a7   Thumb Code     0  libinit2.o(.ARM.Collect$$libinit$$00000011)
    __rt_lib_init_lc_ctype_1                 0x080001a7   Thumb Code     0  libinit2.o(.ARM.Collect$$libinit$$00000013)
    __rt_lib_init_lc_monetary_1              0x080001a7   Thumb Code     0  libinit2.o(.ARM.Collect$$libinit$$00000015)
    __rt_lib_init_lc_numeric_1               0x080001a7   Thumb Code     0  libinit2.o(.ARM.Collect$$libinit$$00000017)
    __rt_lib_init_lc_time_1                  0x080001a7   Thumb Code     0  libinit2.o(.ARM.Collect$$libinit$$00000019)
    __rt_lib_init_preinit_1                  0x080001a7   Thumb Code     0  libinit2.o(.ARM.Collect$$libinit$$00000004)
    __rt_lib_init_rand_1                     0x080001a7   Thumb Code     0  libinit2.o(.ARM.Collect$$libinit$$0000000E)
    __rt_lib_init_return                     0x080001a7   Thumb Code     0  libinit2.o(.ARM.Collect$$libinit$$00000033)
    __rt_lib_init_signal_1                   0x080001a7   Thumb Code     0  libinit2.o(.ARM.Collect$$libinit$$0000001D)
    __rt_lib_init_stdio_1                    0x080001a7   Thumb Code     0  libinit2.o(.ARM.Collect$$libinit$$00000025)
    __rt_lib_init_user_alloc_1               0x080001a7   Thumb Code     0  libinit2.o(.ARM.Collect$$libinit$$0000000C)
    __rt_lib_shutdown                        0x080001a9   Thumb Code     0  libshutdown.o(.ARM.Collect$$libshutdown$$00000000)
    __rt_lib_shutdown_cpp_1                  0x080001ab   Thumb Code     0  libshutdown2.o(.ARM.Collect$$libshutdown$$00000002)
    __rt_lib_shutdown_fp_trap_1              0x080001ab   Thumb Code     0  libshutdown2.o(.ARM.Collect$$libshutdown$$00000007)
    __rt_lib_shutdown_heap_1                 0x080001ab   Thumb Code     0  libshutdown2.o(.ARM.Collect$$libshutdown$$0000000F)
    __rt_lib_shutdown_return                 0x080001ab   Thumb Code     0  libshutdown2.o(.ARM.Collect$$libshutdown$$00000010)
    __rt_lib_shutdown_signal_1               0x080001ab   Thumb Code     0  libshutdown2.o(.ARM.Collect$$libshutdown$$0000000A)
    __rt_lib_shutdown_stdio_1                0x080001ab   Thumb Code     0  libshutdown2.o(.ARM.Collect$$libshutdown$$00000004)
    __rt_lib_shutdown_user_alloc_1           0x080001ab   Thumb Code     0  libshutdown2.o(.ARM.Collect$$libshutdown$$0000000C)
    __rt_entry                               0x080001ad   Thumb Code     0  __rtentry.o(.ARM.Collect$$rtentry$$00000000)
    __rt_entry_presh_1                       0x080001ad   Thumb Code     0  __rtentry2.o(.ARM.Collect$$rtentry$$00000002)
    __rt_entry_sh                            0x080001ad   Thumb Code     0  __rtentry4.o(.ARM.Collect$$rtentry$$00000004)
    __rt_entry_li                            0x080001b3   Thumb Code     0  __rtentry2.o(.ARM.Collect$$rtentry$$0000000A)
    __rt_entry_postsh_1                      0x080001b3   Thumb Code     0  __rtentry2.o(.ARM.Collect$$rtentry$$00000009)
    __rt_entry_main                          0x080001b7   Thumb Code     0  __rtentry2.o(.ARM.Collect$$rtentry$$0000000D)
    __rt_entry_postli_1                      0x080001b7   Thumb Code     0  __rtentry2.o(.ARM.Collect$$rtentry$$0000000C)
    __rt_exit                                0x080001bf   Thumb Code     0  rtexit.o(.ARM.Collect$$rtexit$$00000000)
    __rt_exit_ls                             0x080001c1   Thumb Code     0  rtexit2.o(.ARM.Collect$$rtexit$$00000003)
    __rt_exit_prels_1                        0x080001c1   Thumb Code     0  rtexit2.o(.ARM.Collect$$rtexit$$00000002)
    __rt_exit_exit                           0x080001c5   Thumb Code     0  rtexit2.o(.ARM.Collect$$rtexit$$00000004)
    WFI_SET                                  0x080001cd   Thumb Code     2  sys.o(.emb_text)
    CheckTriggerStatus                       0x080001d1   Thumb Code    88  canpro.o(.text)
    CheckLianDongInfo                        0x08000229   Thumb Code   234  canpro.o(.text)
    CheckPowerIndex                          0x08000313   Thumb Code    38  canpro.o(.text)
    FilterPowerAddr                          0x08000339   Thumb Code    90  canpro.o(.text)
    MakeCanBusStatus                         0x08000393   Thumb Code    44  canpro.o(.text)
    CanBusBelong                             0x080003bf   Thumb Code    48  canpro.o(.text)
    CheckCanTxBufMcp2515                     0x080003ef   Thumb Code    68  canpro.o(.text)
    SendDataCAN23                            0x08000433   Thumb Code   176  canpro.o(.text)
    CheckCanTxBuf                            0x080004e3   Thumb Code    34  canpro.o(.text)
    SendDataCAN1                             0x08000505   Thumb Code   130  canpro.o(.text)
    CanSendData                              0x08000587   Thumb Code    86  canpro.o(.text)
    IpdControlDeal                           0x080005dd   Thumb Code   336  canpro.o(.text)
    MakeFramID                               0x0800072d   Thumb Code    18  canpro.o(.text)
    NetInfoToCanOrRs485                      0x0800073f   Thumb Code   120  canpro.o(.text)
    TimeChange                               0x080007b7   Thumb Code    60  canpro.o(.text)
    WriteSensorRecord                        0x080007f3   Thumb Code   622  canpro.o(.text)
    MakeSensorCanData                        0x08000a61   Thumb Code   182  canpro.o(.text)
    CheckCrc                                 0x08000b17   Thumb Code   244  canpro.o(.text)
    AckFunc                                  0x08000c0b   Thumb Code   110  canpro.o(.text)
    SyncTime                                 0x08000c79   Thumb Code   106  canpro.o(.text)
    CheckTime                                0x08000ce3   Thumb Code   116  canpro.o(.text)
    WritePowerRecord                         0x08000d57   Thumb Code   106  canpro.o(.text)
    SendBreak3_0                             0x08000dc1   Thumb Code   152  canpro.o(.text)
    SwitherCtrInfoDeal                       0x08000e59   Thumb Code   344  canpro.o(.text)
    SwitcherDataDeal                         0x08000fb1   Thumb Code   608  canpro.o(.text)
    HandleCanData                            0x08001211   Thumb Code  2318  canpro.o(.text)
    CanMcp2515RecFunc                        0x08001b1f   Thumb Code   424  canpro.o(.text)
    CanPro                                   0x08001cc7   Thumb Code   140  canpro.o(.text)
    CanSendInitInfo                          0x08001d53   Thumb Code   440  canpro.o(.text)
    SendLianDong                             0x08001f0b   Thumb Code   268  canpro.o(.text)
    MakeMASWirelessSensor                    0x08002017   Thumb Code   400  canpro.o(.text)
    ShiftTimeDiff                            0x080021a7   Thumb Code    34  canpro.o(.text)
    WriteConfig                              0x080021e5   Thumb Code    50  config.o(.text)
    ConfigCheck                              0x08002217   Thumb Code    34  config.o(.text)
    ReadFactoryTime                          0x08002239   Thumb Code    26  config.o(.text)
    ReadDefaultAddr                          0x08002253   Thumb Code     8  config.o(.text)
    ReadDefaultIpAddr                        0x0800225b   Thumb Code   128  config.o(.text)
    ReadDefaultGateWayIp                     0x080022db   Thumb Code    68  config.o(.text)
    ReadDefaultUdp                           0x0800231f   Thumb Code   108  config.o(.text)
    ReadDefaultMAC                           0x0800238b   Thumb Code   120  config.o(.text)
    ReadDefaultResetTimes                    0x08002403   Thumb Code    36  config.o(.text)
    ReadDefaultReadPtr                       0x08002427   Thumb Code    62  config.o(.text)
    ReadDefaultWritePtr                      0x08002465   Thumb Code    62  config.o(.text)
    ReadDefaultFilterTime                    0x080024a3   Thumb Code    60  config.o(.text)
    UpdateFilterTime                         0x080024df   Thumb Code    28  config.o(.text)
    ReadDefaultCrcCnt                        0x080024fb   Thumb Code    30  config.o(.text)
    UpdateRptr                               0x08002519   Thumb Code    28  config.o(.text)
    UpdateWptr                               0x08002535   Thumb Code    28  config.o(.text)
    ReadDefaultInitLen                       0x08002551   Thumb Code    60  config.o(.text)
    ReadDefaultInitCrc                       0x0800258d   Thumb Code    84  config.o(.text)
    UpdateDeviceInfo                         0x080025e1   Thumb Code   272  config.o(.text)
    UpdatePowerInfo                          0x080026f1   Thumb Code    36  config.o(.text)
    CalDeviceCrc                             0x08002715   Thumb Code   752  config.o(.text)
    ReadDeviceDefine                         0x08002a05   Thumb Code   138  config.o(.text)
    ReadDefaultInit                          0x08002a8f   Thumb Code   106  config.o(.text)
    ReadDefaultConfig                        0x08002af9   Thumb Code    82  config.o(.text)
    ReadInitInfo                             0x08002b4b   Thumb Code   440  config.o(.text)
    ReadRecord                               0x08002d03   Thumb Code    52  config.o(.text)
    FlashRunLed                              0x08002d4d   Thumb Code    72  main.o(.text)
    main                                     0x08002d95   Thumb Code   336  main.o(.text)
    MakeFrameHeader                          0x08002f09   Thumb Code    52  netpro.o(.text)
    AnswerWrongAck                           0x08002f3d   Thumb Code   110  netpro.o(.text)
    AnswerCycleSec                           0x08002fab   Thumb Code   402  netpro.o(.text)
    AnswerAck                                0x0800313d   Thumb Code   194  netpro.o(.text)
    AnswerErrorBitsInfo                      0x080031ff   Thumb Code   170  netpro.o(.text)
    AnswerGetIPDInfo                         0x080032a9   Thumb Code   220  netpro.o(.text)
    AnswerForBootLoader                      0x08003385   Thumb Code    62  netpro.o(.text)
    AnswerGetPkPowerInfo                     0x080033c3   Thumb Code   176  netpro.o(.text)
    AnswerSetDebugSocket                     0x08003473   Thumb Code    22  netpro.o(.text)
    AnswerExcuteList                         0x08003489   Thumb Code   238  netpro.o(.text)
    AnswerPowerInfo                          0x08003577   Thumb Code   320  netpro.o(.text)
    AnawerSetUdp                             0x080036b7   Thumb Code   144  netpro.o(.text)
    AnswerReseetNet                          0x08003747   Thumb Code    10  netpro.o(.text)
    AnswerSetBiaoJiao                        0x08003751   Thumb Code     2  netpro.o(.text)
    AnswerCheckNetFilterTime                 0x08003753   Thumb Code   146  netpro.o(.text)
    AnswerSet3_0Break                        0x080037e5   Thumb Code   144  netpro.o(.text)
    AnswerCleanNetCrc                        0x08003875   Thumb Code    40  netpro.o(.text)
    AnswerCleanRecTimes                      0x0800389d   Thumb Code    36  netpro.o(.text)
    AnswerSetNetFilterTime                   0x080038c1   Thumb Code    56  netpro.o(.text)
    AnswerCheckMac                           0x080038f9   Thumb Code   142  netpro.o(.text)
    AnswerSetMac                             0x08003987   Thumb Code    44  netpro.o(.text)
    AnswerCleanRWptr                         0x080039b3   Thumb Code    32  netpro.o(.text)
    AnswerFactoryTime                        0x080039d3   Thumb Code   168  netpro.o(.text)
    AnswerSetTime                            0x08003a7b   Thumb Code    82  netpro.o(.text)
    AnswerSetResetTimes                      0x08003acd   Thumb Code    28  netpro.o(.text)
    AnswerSetIp                              0x08003ae9   Thumb Code   122  netpro.o(.text)
    AnswerSoftVerb                           0x08003b63   Thumb Code   120  netpro.o(.text)
    AnswerBasePara                           0x08003bdb   Thumb Code   222  netpro.o(.text)
    AnswerIpAddr                             0x08003cb9   Thumb Code   282  netpro.o(.text)
    AnswerCrcInfo                            0x08003dd3   Thumb Code   274  netpro.o(.text)
    AnswerResetCrcFail                       0x08003ee5   Thumb Code    34  netpro.o(.text)
    AnswerCrcFail                            0x08003f07   Thumb Code   228  netpro.o(.text)
    AnswerCleanCrcCntInfo                    0x08003feb   Thumb Code    24  netpro.o(.text)
    AnswerCheckCrcCntInfo                    0x08004003   Thumb Code   122  netpro.o(.text)
    AnswerUnRegisterInfo                     0x0800407d   Thumb Code   210  netpro.o(.text)
    CalPtrLen                                0x0800414f   Thumb Code   116  netpro.o(.text)
    AnswerCurInfo                            0x080041c3   Thumb Code   942  netpro.o(.text)
    CheckRecBuf                              0x08004571   Thumb Code    88  netpro.o(.text)
    HandleCmd                                0x080045c9   Thumb Code   768  netpro.o(.text)
    HandleTcpData                            0x080048c9   Thumb Code   184  netpro.o(.text)
    NetIntProcess                            0x08004981   Thumb Code   450  netpro.o(.text)
    NetPro                                   0x08004b43   Thumb Code   294  netpro.o(.text)
    CanInfoToNet                             0x08004c69   Thumb Code   158  netpro.o(.text)
    SendDebugData                            0x08004d07   Thumb Code   310  netpro.o(.text)
    delay_us                                 0x08004e51   Thumb Code    24  public.o(.text)
    MsTickDiff                               0x08004e69   Thumb Code    36  public.o(.text)
    SecTickDiff                              0x08004e8d   Thumb Code    36  public.o(.text)
    CRC16                                    0x08004eb1   Thumb Code    72  public.o(.text)
    CalCrc16                                 0x08004ef9   Thumb Code    54  public.o(.text)
    CRC16Check                               0x08004f2f   Thumb Code    60  public.o(.text)
    SumAll                                   0x08004f6b   Thumb Code    28  public.o(.text)
    SumCheck                                 0x08004f87   Thumb Code    34  public.o(.text)
    BufCopy                                  0x08004fa9   Thumb Code    26  public.o(.text)
    BufClear                                 0x08004fc3   Thumb Code    24  public.o(.text)
    MakeFeimoCanId                           0x08004fdb   Thumb Code    34  public.o(.text)
    Compare                                  0x08005009   Thumb Code    24  voicepro.o(.text)
    VoicePro                                 0x08005021   Thumb Code   626  voicepro.o(.text)
    Send485DataFromDMA                       0x08005293   Thumb Code    78  voicepro.o(.text)
    CheckCycleIndex                          0x080052e1   Thumb Code    98  voicepro.o(.text)
    Make485FramHeader                        0x08005343   Thumb Code    22  voicepro.o(.text)
    MakeCycleBuf                             0x08005359   Thumb Code   106  voicepro.o(.text)
    HandleRs485Data                          0x080053c3   Thumb Code   194  voicepro.o(.text)
    Rs485Pro                                 0x08005485   Thumb Code   340  voicepro.o(.text)
    Socket_Udp                               0x080055ed   Thumb Code    84  udp.o(.text)
    CanBaudValue                             0x08005645   Thumb Code    42  can.o(.text)
    CAN_IO_Init                              0x0800566f   Thumb Code    46  can.o(.text)
    CanRegisterConfig                        0x0800569d   Thumb Code   310  can.o(.text)
    USB_LP_CAN1_RX0_IRQHandler               0x080057d3   Thumb Code     8  can.o(.text)
    CanIdSwitch                              0x080057db   Thumb Code    50  can.o(.text)
    Can1RecvFunc                             0x0800580d   Thumb Code   588  can.o(.text)
    Can1Init                                 0x08005a59   Thumb Code    12  can.o(.text)
    SET_CS                                   0x08005a65   Thumb Code    42  can.o(.text)
    CLR_SCLK                                 0x08005a8f   Thumb Code    42  can.o(.text)
    GetMISO                                  0x08005ab9   Thumb Code    40  can.o(.text)
    SET_SCLK                                 0x08005ae1   Thumb Code    42  can.o(.text)
    CLR_MOSI                                 0x08005b0b   Thumb Code    42  can.o(.text)
    SET_MOSI                                 0x08005b35   Thumb Code    42  can.o(.text)
    SendByteCan                              0x08005b5f   Thumb Code    82  can.o(.text)
    CLR_CS                                   0x08005bb1   Thumb Code    42  can.o(.text)
    WriteRegCan                              0x08005bdb   Thumb Code    46  can.o(.text)
    MCP2515Reset                             0x08005c09   Thumb Code    26  can.o(.text)
    Mcp2515Init                              0x08005c23   Thumb Code   218  can.o(.text)
    Can2Init                                 0x08005cfd   Thumb Code    92  can.o(.text)
    Can3Init                                 0x08005d59   Thumb Code    74  can.o(.text)
    WriteBurstRegCan                         0x08005da3   Thumb Code    64  can.o(.text)
    ReadRegCan                               0x08005de3   Thumb Code    48  can.o(.text)
    ReadBurstRegCan                          0x08005e13   Thumb Code    94  can.o(.text)
    ModifyReg                                0x08005e71   Thumb Code    56  can.o(.text)
    ReadStatus                               0x08005ea9   Thumb Code    38  can.o(.text)
    ClockInit                                0x08005ed1   Thumb Code    10  cpu.o(.text)
    LedIoInit                                0x08005edb   Thumb Code    36  cpu.o(.text)
    Timer4Init                               0x08005eff   Thumb Code    82  cpu.o(.text)
    Timer2Init                               0x08005f51   Thumb Code    58  cpu.o(.text)
    Timer3Init                               0x08005f8b   Thumb Code    82  cpu.o(.text)
    CpuInit                                  0x08005fdd   Thumb Code    70  cpu.o(.text)
    IWDG_Init                                0x08006023   Thumb Code    28  cpu.o(.text)
    IWDG_Feed                                0x0800603f   Thumb Code    10  cpu.o(.text)
    TIM3_IRQHandler                          0x08006049   Thumb Code    40  cpu.o(.text)
    TIM4_IRQHandler                          0x08006071   Thumb Code    40  cpu.o(.text)
    TIM2_IRQHandler                          0x08006099   Thumb Code    88  cpu.o(.text)
    FmInit                                   0x08006119   Thumb Code    76  fminit.o(.text)
    FramStart                                0x08006165   Thumb Code   114  fminit.o(.text)
    FramStop                                 0x080061d7   Thumb Code   120  fminit.o(.text)
    FramAck                                  0x0800624f   Thumb Code   120  fminit.o(.text)
    FramNAck                                 0x080062c7   Thumb Code   114  fminit.o(.text)
    FramSendByte                             0x08006339   Thumb Code   154  fminit.o(.text)
    FramReadByte                             0x080063d3   Thumb Code   126  fminit.o(.text)
    FramWriteBurstByte                       0x08006451   Thumb Code    98  fminit.o(.text)
    FramReadBurstByte                        0x080064b3   Thumb Code   136  fminit.o(.text)
    UartInit                                 0x08006541   Thumb Code   240  uart.o(.text)
    Dma1Init                                 0x08006631   Thumb Code   138  uart.o(.text)
    Dma2Init                                 0x080066bb   Thumb Code   108  uart.o(.text)
    DMA1_Channel5_IRQHandler                 0x08006727   Thumb Code   124  uart.o(.text)
    DMA1_Channel4_IRQHandler                 0x080067a3   Thumb Code    20  uart.o(.text)
    USART1_IRQHandler                        0x080067b7   Thumb Code    80  uart.o(.text)
    W5500Reset                               0x0800682d   Thumb Code    44  w5500.o(.text)
    W5500IoInit                              0x08006859   Thumb Code   186  w5500.o(.text)
    SendByte                                 0x08006913   Thumb Code    50  w5500.o(.text)
    WriteSocket1Byte                         0x08006945   Thumb Code    74  w5500.o(.text)
    WriteReg1Byte                            0x0800698f   Thumb Code    64  w5500.o(.text)
    WriteReg2Byte                            0x080069cf   Thumb Code    70  w5500.o(.text)
    WriteBurstReg                            0x08006a15   Thumb Code    78  w5500.o(.text)
    LoadNetParameters                        0x08006a63   Thumb Code   190  w5500.o(.text)
    DetectGateway                            0x08006b21   Thumb Code    80  w5500.o(.text)
    ReadSocket1Byte                          0x08006b71   Thumb Code    74  w5500.o(.text)
    WriteSocket2Byte                         0x08006bbb   Thumb Code   110  w5500.o(.text)
    Socket_Lisen                             0x08006c29   Thumb Code    96  w5500.o(.text)
    Socket_Connect                           0x08006c89   Thumb Code    80  w5500.o(.text)
    ReadSocket2Byte                          0x08006cd9   Thumb Code    84  w5500.o(.text)
    WriteSocket4Byte                         0x08006d2d   Thumb Code    80  w5500.o(.text)
    SendSocketData                           0x08006d7d   Thumb Code   262  w5500.o(.text)
    ReadSocketData                           0x08006e83   Thumb Code   258  w5500.o(.text)
    W5500Init                                0x08006f85   Thumb Code    12  w5500.o(.text)
    ReadReg1Byte                             0x08006f91   Thumb Code    58  w5500.o(.text)
    ReadReg2Byte                             0x08006fcb   Thumb Code    76  w5500.o(.text)
    ReadBurstReg                             0x08007017   Thumb Code    84  w5500.o(.text)
    EXTI9_5_IRQHandler                       0x0800706b   Thumb Code    24  w5500.o(.text)
    SD2068Init                               0x08007095   Thumb Code    36  sd2068.o(.text)
    TIM_Start                                0x080070b9   Thumb Code    96  sd2068.o(.text)
    TIM_Stop                                 0x08007119   Thumb Code    90  sd2068.o(.text)
    TIM_Wait_ACK                             0x08007173   Thumb Code    94  sd2068.o(.text)
    TIM_Ack                                  0x080071d1   Thumb Code   102  sd2068.o(.text)
    TIM_NAck                                 0x08007237   Thumb Code   102  sd2068.o(.text)
    TIM_Send_Byte                            0x0800729d   Thumb Code   150  sd2068.o(.text)
    TIM_Read_Byte                            0x08007333   Thumb Code   120  sd2068.o(.text)
    ReadTime                                 0x080073ab   Thumb Code   152  sd2068.o(.text)
    WriteOn                                  0x08007443   Thumb Code    96  sd2068.o(.text)
    WriteOff                                 0x080074a3   Thumb Code    52  sd2068.o(.text)
    WriteTime                                0x080074d7   Thumb Code   128  sd2068.o(.text)
    CheckIPDIndex                            0x0800755d   Thumb Code    40  ipd_zjm.o(.text)
    FilterIPDAddr                            0x08007585   Thumb Code    94  ipd_zjm.o(.text)
    WriteIPDRecord                           0x080075e3   Thumb Code   120  ipd_zjm.o(.text)
    TimeSwitch                               0x0800765b   Thumb Code    36  ipd_zjm.o(.text)
    ReadIPDRecord                            0x0800767f   Thumb Code   116  ipd_zjm.o(.text)
    ReadDetailIPDRecord                      0x080076f3   Thumb Code    70  ipd_zjm.o(.text)
    ReadAllSetValue                          0x08007739   Thumb Code    48  ipd_zjm.o(.text)
    CheckPkPowerIndex                        0x08007771   Thumb Code    38  pekingpower.o(.text)
    FilterPkPowerAddr                        0x08007797   Thumb Code    90  pekingpower.o(.text)
    WritePkPowerRecord                       0x080077f1   Thumb Code   316  pekingpower.o(.text)
    ReadAllPekingPowerRecord                 0x0800792d   Thumb Code    92  pekingpower.o(.text)
    ReadPekingPowerRecord                    0x08007989   Thumb Code    76  pekingpower.o(.text)
    DeviceMangerInit                         0x080079dd   Thumb Code    46  devicemanger.o(.text)
    SwitchersInit                            0x08007a35   Thumb Code    22  switcher.o(.text)
    FilterSwitcher                           0x08007a4b   Thumb Code    58  switcher.o(.text)
    SwitcherOnlineCheck                      0x08007a85   Thumb Code   148  switcher.o(.text)
    MY_NVIC_SetVectorTable                   0x08007b21   Thumb Code    12  sys.o(.text)
    MY_NVIC_PriorityGroupConfig              0x08007b2d   Thumb Code    36  sys.o(.text)
    MY_NVIC_Init                             0x08007b51   Thumb Code   144  sys.o(.text)
    Ex_NVIC_Config                           0x08007be1   Thumb Code   146  sys.o(.text)
    MYRCC_DeInit                             0x08007c73   Thumb Code    90  sys.o(.text)
    Sys_Standby                              0x08007ccd   Thumb Code    68  sys.o(.text)
    Sys_Soft_Reset                           0x08007d11   Thumb Code    12  sys.o(.text)
    JTAG_Set                                 0x08007d1d   Thumb Code    42  sys.o(.text)
    Stm32_Clock_Init                         0x08007d47   Thumb Code   126  sys.o(.text)
    Reset_Handler                            0x08007df5   Thumb Code     4  startup_stm32f10x_hd.o(.text)
    NMI_Handler                              0x08007df9   Thumb Code     2  startup_stm32f10x_hd.o(.text)
    HardFault_Handler                        0x08007dfb   Thumb Code     2  startup_stm32f10x_hd.o(.text)
    MemManage_Handler                        0x08007dfd   Thumb Code     2  startup_stm32f10x_hd.o(.text)
    BusFault_Handler                         0x08007dff   Thumb Code     2  startup_stm32f10x_hd.o(.text)
    UsageFault_Handler                       0x08007e01   Thumb Code     2  startup_stm32f10x_hd.o(.text)
    SVC_Handler                              0x08007e03   Thumb Code     2  startup_stm32f10x_hd.o(.text)
    DebugMon_Handler                         0x08007e05   Thumb Code     2  startup_stm32f10x_hd.o(.text)
    PendSV_Handler                           0x08007e07   Thumb Code     2  startup_stm32f10x_hd.o(.text)
    SysTick_Handler                          0x08007e09   Thumb Code     2  startup_stm32f10x_hd.o(.text)
    ADC1_2_IRQHandler                        0x08007e0b   Thumb Code     0  startup_stm32f10x_hd.o(.text)
    ADC3_IRQHandler                          0x08007e0b   Thumb Code     0  startup_stm32f10x_hd.o(.text)
    CAN1_RX1_IRQHandler                      0x08007e0b   Thumb Code     0  startup_stm32f10x_hd.o(.text)
    CAN1_SCE_IRQHandler                      0x08007e0b   Thumb Code     0  startup_stm32f10x_hd.o(.text)
    DMA1_Channel1_IRQHandler                 0x08007e0b   Thumb Code     0  startup_stm32f10x_hd.o(.text)
    DMA1_Channel2_IRQHandler                 0x08007e0b   Thumb Code     0  startup_stm32f10x_hd.o(.text)
    DMA1_Channel3_IRQHandler                 0x08007e0b   Thumb Code     0  startup_stm32f10x_hd.o(.text)
    DMA1_Channel6_IRQHandler                 0x08007e0b   Thumb Code     0  startup_stm32f10x_hd.o(.text)
    DMA1_Channel7_IRQHandler                 0x08007e0b   Thumb Code     0  startup_stm32f10x_hd.o(.text)
    DMA2_Channel1_IRQHandler                 0x08007e0b   Thumb Code     0  startup_stm32f10x_hd.o(.text)
    DMA2_Channel2_IRQHandler                 0x08007e0b   Thumb Code     0  startup_stm32f10x_hd.o(.text)
    DMA2_Channel3_IRQHandler                 0x08007e0b   Thumb Code     0  startup_stm32f10x_hd.o(.text)
    DMA2_Channel4_5_IRQHandler               0x08007e0b   Thumb Code     0  startup_stm32f10x_hd.o(.text)
    EXTI0_IRQHandler                         0x08007e0b   Thumb Code     0  startup_stm32f10x_hd.o(.text)
    EXTI15_10_IRQHandler                     0x08007e0b   Thumb Code     0  startup_stm32f10x_hd.o(.text)
    EXTI1_IRQHandler                         0x08007e0b   Thumb Code     0  startup_stm32f10x_hd.o(.text)
    EXTI2_IRQHandler                         0x08007e0b   Thumb Code     0  startup_stm32f10x_hd.o(.text)
    EXTI3_IRQHandler                         0x08007e0b   Thumb Code     0  startup_stm32f10x_hd.o(.text)
    EXTI4_IRQHandler                         0x08007e0b   Thumb Code     0  startup_stm32f10x_hd.o(.text)
    FLASH_IRQHandler                         0x08007e0b   Thumb Code     0  startup_stm32f10x_hd.o(.text)
    FSMC_IRQHandler                          0x08007e0b   Thumb Code     0  startup_stm32f10x_hd.o(.text)
    I2C1_ER_IRQHandler                       0x08007e0b   Thumb Code     0  startup_stm32f10x_hd.o(.text)
    I2C1_EV_IRQHandler                       0x08007e0b   Thumb Code     0  startup_stm32f10x_hd.o(.text)
    I2C2_ER_IRQHandler                       0x08007e0b   Thumb Code     0  startup_stm32f10x_hd.o(.text)
    I2C2_EV_IRQHandler                       0x08007e0b   Thumb Code     0  startup_stm32f10x_hd.o(.text)
    PVD_IRQHandler                           0x08007e0b   Thumb Code     0  startup_stm32f10x_hd.o(.text)
    RCC_IRQHandler                           0x08007e0b   Thumb Code     0  startup_stm32f10x_hd.o(.text)
    RTCAlarm_IRQHandler                      0x08007e0b   Thumb Code     0  startup_stm32f10x_hd.o(.text)
    RTC_IRQHandler                           0x08007e0b   Thumb Code     0  startup_stm32f10x_hd.o(.text)
    SDIO_IRQHandler                          0x08007e0b   Thumb Code     0  startup_stm32f10x_hd.o(.text)
    SPI1_IRQHandler                          0x08007e0b   Thumb Code     0  startup_stm32f10x_hd.o(.text)
    SPI2_IRQHandler                          0x08007e0b   Thumb Code     0  startup_stm32f10x_hd.o(.text)
    SPI3_IRQHandler                          0x08007e0b   Thumb Code     0  startup_stm32f10x_hd.o(.text)
    TAMPER_IRQHandler                        0x08007e0b   Thumb Code     0  startup_stm32f10x_hd.o(.text)
    TIM1_BRK_IRQHandler                      0x08007e0b   Thumb Code     0  startup_stm32f10x_hd.o(.text)
    TIM1_CC_IRQHandler                       0x08007e0b   Thumb Code     0  startup_stm32f10x_hd.o(.text)
    TIM1_TRG_COM_IRQHandler                  0x08007e0b   Thumb Code     0  startup_stm32f10x_hd.o(.text)
    TIM1_UP_IRQHandler                       0x08007e0b   Thumb Code     0  startup_stm32f10x_hd.o(.text)
    TIM5_IRQHandler                          0x08007e0b   Thumb Code     0  startup_stm32f10x_hd.o(.text)
    TIM6_IRQHandler                          0x08007e0b   Thumb Code     0  startup_stm32f10x_hd.o(.text)
    TIM7_IRQHandler                          0x08007e0b   Thumb Code     0  startup_stm32f10x_hd.o(.text)
    TIM8_BRK_IRQHandler                      0x08007e0b   Thumb Code     0  startup_stm32f10x_hd.o(.text)
    TIM8_CC_IRQHandler                       0x08007e0b   Thumb Code     0  startup_stm32f10x_hd.o(.text)
    TIM8_TRG_COM_IRQHandler                  0x08007e0b   Thumb Code     0  startup_stm32f10x_hd.o(.text)
    TIM8_UP_IRQHandler                       0x08007e0b   Thumb Code     0  startup_stm32f10x_hd.o(.text)
    UART4_IRQHandler                         0x08007e0b   Thumb Code     0  startup_stm32f10x_hd.o(.text)
    UART5_IRQHandler                         0x08007e0b   Thumb Code     0  startup_stm32f10x_hd.o(.text)
    USART2_IRQHandler                        0x08007e0b   Thumb Code     0  startup_stm32f10x_hd.o(.text)
    USART3_IRQHandler                        0x08007e0b   Thumb Code     0  startup_stm32f10x_hd.o(.text)
    USBWakeUp_IRQHandler                     0x08007e0b   Thumb Code     0  startup_stm32f10x_hd.o(.text)
    USB_HP_CAN1_TX_IRQHandler                0x08007e0b   Thumb Code     0  startup_stm32f10x_hd.o(.text)
    WWDG_IRQHandler                          0x08007e0b   Thumb Code     0  startup_stm32f10x_hd.o(.text)
    __user_initial_stackheap                 0x08007e0d   Thumb Code     0  startup_stm32f10x_hd.o(.text)
    __aeabi_memclr4                          0x08007e2d   Thumb Code     0  rt_memclr_w.o(.text)
    __aeabi_memclr8                          0x08007e2d   Thumb Code     0  rt_memclr_w.o(.text)
    __rt_memclr_w                            0x08007e2d   Thumb Code    78  rt_memclr_w.o(.text)
    _memset_w                                0x08007e31   Thumb Code     0  rt_memclr_w.o(.text)
    __use_two_region_memory                  0x08007e7b   Thumb Code     2  heapauxi.o(.text)
    __rt_heap_escrow$2region                 0x08007e7d   Thumb Code     2  heapauxi.o(.text)
    __rt_heap_expand$2region                 0x08007e7f   Thumb Code     2  heapauxi.o(.text)
    __user_setup_stackheap                   0x08007e81   Thumb Code    74  sys_stackheap_outer.o(.text)
    exit                                     0x08007ecb   Thumb Code    18  exit.o(.text)
    __user_libspace                          0x08007edd   Thumb Code     8  libspace.o(.text)
    __user_perproc_libspace                  0x08007edd   Thumb Code     0  libspace.o(.text)
    __user_perthread_libspace                0x08007edd   Thumb Code     0  libspace.o(.text)
    _sys_exit                                0x08007ee5   Thumb Code     8  sys_exit.o(.text)
    __I$use$semihosting                      0x08007ef1   Thumb Code     0  use_no_semi.o(.text)
    __use_no_semihosting_swi                 0x08007ef1   Thumb Code     2  use_no_semi.o(.text)
    __semihosting_library_function           0x08007ef3   Thumb Code     0  indicate_semi.o(.text)
    __aeabi_fadd                             0x08007ef5   Thumb Code     0  faddsub_clz.o(x$fpl$fadd)
    _fadd                                    0x08007ef5   Thumb Code   196  faddsub_clz.o(x$fpl$fadd)
    __aeabi_fdiv                             0x08007fb9   Thumb Code     0  fdiv.o(x$fpl$fdiv)
    _fdiv                                    0x08007fb9   Thumb Code   384  fdiv.o(x$fpl$fdiv)
    __aeabi_f2uiz                            0x0800813d   Thumb Code     0  ffixu.o(x$fpl$ffixu)
    _ffixu                                   0x0800813d   Thumb Code    62  ffixu.o(x$fpl$ffixu)
    __aeabi_ui2f                             0x0800817d   Thumb Code     0  fflt_clz.o(x$fpl$ffltu)
    _ffltu                                   0x0800817d   Thumb Code    38  fflt_clz.o(x$fpl$ffltu)
    __aeabi_fmul                             0x080081a5   Thumb Code     0  fmul.o(x$fpl$fmul)
    _fmul                                    0x080081a5   Thumb Code   258  fmul.o(x$fpl$fmul)
    __fpl_fnaninf                            0x080082a7   Thumb Code   140  fnaninf.o(x$fpl$fnaninf)
    __fpl_fretinf                            0x08008333   Thumb Code    10  fretinf.o(x$fpl$fretinf)
    __aeabi_frsub                            0x0800833d   Thumb Code     0  faddsub_clz.o(x$fpl$frsb)
    _frsb                                    0x0800833d   Thumb Code    20  faddsub_clz.o(x$fpl$frsb)
    __aeabi_fsub                             0x08008351   Thumb Code     0  faddsub_clz.o(x$fpl$fsub)
    _fsub                                    0x08008351   Thumb Code   234  faddsub_clz.o(x$fpl$fsub)
    __I$use$fp                               0x0800843a   Number         0  usenofp.o(x$fpl$usenofp)
    Region$$Table$$Base                      0x0800843c   Number         0  anon$$obj.o(Region$$Table)
    Region$$Table$$Limit                     0x0800845c   Number         0  anon$$obj.o(Region$$Table)
    Ack                                      0x20000000   Data           4  canpro.o(.data)
    LianDong                                 0x20000004   Data           2  canpro.o(.data)
    RunLevel                                 0x20000006   Data           1  main.o(.data)
    LedTick                                  0x20000008   Data           2  main.o(.data)
    LedRunTime                               0x2000000a   Data           2  main.o(.data)
    UpdateTick                               0x2000000c   Data           2  main.o(.data)
    LianDongTick                             0x2000000e   Data           2  main.o(.data)
    Crc16                                    0x20000010   Data           2  public.o(.data)
    SYS_TICK                                 0x20000012   Data           2  public.o(.data)
    SYS_TickSec                              0x20000014   Data           2  public.o(.data)
    sendCnt                                  0x20000016   Data           2  voicepro.o(.data)
    Timer125MsFlag                           0x20000018   Data           1  cpu.o(.data)
    Can                                      0x2000001c   Data          24  canpro.o(.bss)
    Init                                     0x20000034   Data         260  canpro.o(.bss)
    ConfigBuf                                0x20000138   Data          10  config.o(.bss)
    Device                                   0x20000142   Data        1792  config.o(.bss)
    Excute                                   0x20000842   Data         800  config.o(.bss)
    Power                                    0x20000b62   Data        1410  netpro.o(.bss)
    Sys                                      0x200010e4   Data          30  public.o(.bss)
    Breaks3_0                                0x20001102   Data          41  public.o(.bss)
    Voice                                    0x2000112c   Data       20012  voicepro.o(.bss)
    Rs485                                    0x20005f58   Data        1026  voicepro.o(.bss)
    Net                                      0x2000635a   Data        1546  w5500.o(.bss)
    Time                                     0x20006964   Data          16  sd2068.o(.bss)
    IPDS                                     0x20006974   Data         580  ipd_zjm.o(.bss)
    PekingPowers                             0x20006bb8   Data         820  pekingpower.o(.bss)
    DeviceManger                             0x20006eec   Data          36  devicemanger.o(.bss)
    Switchers                                0x20006f10   Data          32  switcher.o(.bss)
    __libspace_start                         0x20006f30   Data          96  libspace.o(.bss)
    __temporary_stack_top$libspace           0x20006f90   Data           0  libspace.o(.bss)



==============================================================================

Memory Map of the image

  Image Entry point : 0x08000131

  Load Region LR_IROM1 (Base: 0x08000000, Size: 0x00008478, Max: 0x00040000, ABSOLUTE)

    Execution Region ER_IROM1 (Exec base: 0x08000000, Load base: 0x08000000, Size: 0x0000845c, Max: 0x00040000, ABSOLUTE)

    Exec Addr    Load Addr    Size         Type   Attr      Idx    E Section Name        Object

    0x08000000   0x08000000   0x00000130   Data   RO          423    RESET               startup_stm32f10x_hd.o
    0x08000130   0x08000130   0x00000008   Code   RO          434  * !!!main             c_w.l(__main.o)
    0x08000138   0x08000138   0x00000034   Code   RO          618    !!!scatter          c_w.l(__scatter.o)
    0x0800016c   0x0800016c   0x0000001a   Code   RO          620    !!handler_copy      c_w.l(__scatter_copy.o)
    0x08000186   0x08000186   0x00000002   PAD
    0x08000188   0x08000188   0x0000001c   Code   RO          622    !!handler_zi        c_w.l(__scatter_zi.o)
    0x080001a4   0x080001a4   0x00000002   Code   RO          488    .ARM.Collect$$libinit$$00000000  c_w.l(libinit.o)
    0x080001a6   0x080001a6   0x00000000   Code   RO          495    .ARM.Collect$$libinit$$00000002  c_w.l(libinit2.o)
    0x080001a6   0x080001a6   0x00000000   Code   RO          497    .ARM.Collect$$libinit$$00000004  c_w.l(libinit2.o)
    0x080001a6   0x080001a6   0x00000000   Code   RO          500    .ARM.Collect$$libinit$$0000000A  c_w.l(libinit2.o)
    0x080001a6   0x080001a6   0x00000000   Code   RO          502    .ARM.Collect$$libinit$$0000000C  c_w.l(libinit2.o)
    0x080001a6   0x080001a6   0x00000000   Code   RO          504    .ARM.Collect$$libinit$$0000000E  c_w.l(libinit2.o)
    0x080001a6   0x080001a6   0x00000000   Code   RO          507    .ARM.Collect$$libinit$$00000011  c_w.l(libinit2.o)
    0x080001a6   0x080001a6   0x00000000   Code   RO          509    .ARM.Collect$$libinit$$00000013  c_w.l(libinit2.o)
    0x080001a6   0x080001a6   0x00000000   Code   RO          511    .ARM.Collect$$libinit$$00000015  c_w.l(libinit2.o)
    0x080001a6   0x080001a6   0x00000000   Code   RO          513    .ARM.Collect$$libinit$$00000017  c_w.l(libinit2.o)
    0x080001a6   0x080001a6   0x00000000   Code   RO          515    .ARM.Collect$$libinit$$00000019  c_w.l(libinit2.o)
    0x080001a6   0x080001a6   0x00000000   Code   RO          517    .ARM.Collect$$libinit$$0000001B  c_w.l(libinit2.o)
    0x080001a6   0x080001a6   0x00000000   Code   RO          519    .ARM.Collect$$libinit$$0000001D  c_w.l(libinit2.o)
    0x080001a6   0x080001a6   0x00000000   Code   RO          521    .ARM.Collect$$libinit$$0000001F  c_w.l(libinit2.o)
    0x080001a6   0x080001a6   0x00000000   Code   RO          523    .ARM.Collect$$libinit$$00000021  c_w.l(libinit2.o)
    0x080001a6   0x080001a6   0x00000000   Code   RO          525    .ARM.Collect$$libinit$$00000023  c_w.l(libinit2.o)
    0x080001a6   0x080001a6   0x00000000   Code   RO          527    .ARM.Collect$$libinit$$00000025  c_w.l(libinit2.o)
    0x080001a6   0x080001a6   0x00000000   Code   RO          531    .ARM.Collect$$libinit$$0000002C  c_w.l(libinit2.o)
    0x080001a6   0x080001a6   0x00000000   Code   RO          533    .ARM.Collect$$libinit$$0000002E  c_w.l(libinit2.o)
    0x080001a6   0x080001a6   0x00000000   Code   RO          535    .ARM.Collect$$libinit$$00000030  c_w.l(libinit2.o)
    0x080001a6   0x080001a6   0x00000000   Code   RO          537    .ARM.Collect$$libinit$$00000032  c_w.l(libinit2.o)
    0x080001a6   0x080001a6   0x00000002   Code   RO          538    .ARM.Collect$$libinit$$00000033  c_w.l(libinit2.o)
    0x080001a8   0x080001a8   0x00000002   Code   RO          558    .ARM.Collect$$libshutdown$$00000000  c_w.l(libshutdown.o)
    0x080001aa   0x080001aa   0x00000000   Code   RO          571    .ARM.Collect$$libshutdown$$00000002  c_w.l(libshutdown2.o)
    0x080001aa   0x080001aa   0x00000000   Code   RO          573    .ARM.Collect$$libshutdown$$00000004  c_w.l(libshutdown2.o)
    0x080001aa   0x080001aa   0x00000000   Code   RO          576    .ARM.Collect$$libshutdown$$00000007  c_w.l(libshutdown2.o)
    0x080001aa   0x080001aa   0x00000000   Code   RO          579    .ARM.Collect$$libshutdown$$0000000A  c_w.l(libshutdown2.o)
    0x080001aa   0x080001aa   0x00000000   Code   RO          581    .ARM.Collect$$libshutdown$$0000000C  c_w.l(libshutdown2.o)
    0x080001aa   0x080001aa   0x00000000   Code   RO          584    .ARM.Collect$$libshutdown$$0000000F  c_w.l(libshutdown2.o)
    0x080001aa   0x080001aa   0x00000002   Code   RO          585    .ARM.Collect$$libshutdown$$00000010  c_w.l(libshutdown2.o)
    0x080001ac   0x080001ac   0x00000000   Code   RO          458    .ARM.Collect$$rtentry$$00000000  c_w.l(__rtentry.o)
    0x080001ac   0x080001ac   0x00000000   Code   RO          465    .ARM.Collect$$rtentry$$00000002  c_w.l(__rtentry2.o)
    0x080001ac   0x080001ac   0x00000006   Code   RO          477    .ARM.Collect$$rtentry$$00000004  c_w.l(__rtentry4.o)
    0x080001b2   0x080001b2   0x00000000   Code   RO          467    .ARM.Collect$$rtentry$$00000009  c_w.l(__rtentry2.o)
    0x080001b2   0x080001b2   0x00000004   Code   RO          468    .ARM.Collect$$rtentry$$0000000A  c_w.l(__rtentry2.o)
    0x080001b6   0x080001b6   0x00000000   Code   RO          470    .ARM.Collect$$rtentry$$0000000C  c_w.l(__rtentry2.o)
    0x080001b6   0x080001b6   0x00000008   Code   RO          471    .ARM.Collect$$rtentry$$0000000D  c_w.l(__rtentry2.o)
    0x080001be   0x080001be   0x00000002   Code   RO          492    .ARM.Collect$$rtexit$$00000000  c_w.l(rtexit.o)
    0x080001c0   0x080001c0   0x00000000   Code   RO          540    .ARM.Collect$$rtexit$$00000002  c_w.l(rtexit2.o)
    0x080001c0   0x080001c0   0x00000004   Code   RO          541    .ARM.Collect$$rtexit$$00000003  c_w.l(rtexit2.o)
    0x080001c4   0x080001c4   0x00000006   Code   RO          542    .ARM.Collect$$rtexit$$00000004  c_w.l(rtexit2.o)
    0x080001ca   0x080001ca   0x00000002   PAD
    0x080001cc   0x080001cc   0x00000002   Code   RO          395    .emb_text           sys.o
    0x080001ce   0x080001ce   0x00000002   PAD
    0x080001d0   0x080001d0   0x00002014   Code   RO            1    .text               canpro.o
    0x080021e4   0x080021e4   0x00000b68   Code   RO          115    .text               config.o
    0x08002d4c   0x08002d4c   0x000001bc   Code   RO          131    .text               main.o
    0x08002f08   0x08002f08   0x00001f48   Code   RO          157    .text               netpro.o
    0x08004e50   0x08004e50   0x000001b8   Code   RO          185    .text               public.o
    0x08005008   0x08005008   0x000005e4   Code   RO          204    .text               voicepro.o
    0x080055ec   0x080055ec   0x00000058   Code   RO          224    .text               udp.o
    0x08005644   0x08005644   0x0000088a   Code   RO          237    .text               can.o
    0x08005ece   0x08005ece   0x00000002   PAD
    0x08005ed0   0x08005ed0   0x00000248   Code   RO          256    .text               cpu.o
    0x08006118   0x08006118   0x00000428   Code   RO          272    .text               fminit.o
    0x08006540   0x08006540   0x000002ec   Code   RO          284    .text               uart.o
    0x0800682c   0x0800682c   0x00000868   Code   RO          297    .text               w5500.o
    0x08007094   0x08007094   0x000004c8   Code   RO          313    .text               sd2068.o
    0x0800755c   0x0800755c   0x00000214   Code   RO          328    .text               ipd_zjm.o
    0x08007770   0x08007770   0x0000026c   Code   RO          344    .text               pekingpower.o
    0x080079dc   0x080079dc   0x00000058   Code   RO          360    .text               devicemanger.o
    0x08007a34   0x08007a34   0x000000ec   Code   RO          378    .text               switcher.o
    0x08007b20   0x08007b20   0x000002d4   Code   RO          396    .text               sys.o
    0x08007df4   0x08007df4   0x00000038   Code   RO          424    .text               startup_stm32f10x_hd.o
    0x08007e2c   0x08007e2c   0x0000004e   Code   RO          430    .text               c_w.l(rt_memclr_w.o)
    0x08007e7a   0x08007e7a   0x00000006   Code   RO          432    .text               c_w.l(heapauxi.o)
    0x08007e80   0x08007e80   0x0000004a   Code   RO          479    .text               c_w.l(sys_stackheap_outer.o)
    0x08007eca   0x08007eca   0x00000012   Code   RO          481    .text               c_w.l(exit.o)
    0x08007edc   0x08007edc   0x00000008   Code   RO          489    .text               c_w.l(libspace.o)
    0x08007ee4   0x08007ee4   0x0000000c   Code   RO          550    .text               c_w.l(sys_exit.o)
    0x08007ef0   0x08007ef0   0x00000002   Code   RO          561    .text               c_w.l(use_no_semi.o)
    0x08007ef2   0x08007ef2   0x00000000   Code   RO          563    .text               c_w.l(indicate_semi.o)
    0x08007ef2   0x08007ef2   0x00000002   PAD
    0x08007ef4   0x08007ef4   0x000000c4   Code   RO          436    x$fpl$fadd          fz_ws.l(faddsub_clz.o)
    0x08007fb8   0x08007fb8   0x00000184   Code   RO          443    x$fpl$fdiv          fz_ws.l(fdiv.o)
    0x0800813c   0x0800813c   0x0000003e   Code   RO          446    x$fpl$ffixu         fz_ws.l(ffixu.o)
    0x0800817a   0x0800817a   0x00000002   PAD
    0x0800817c   0x0800817c   0x00000026   Code   RO          450    x$fpl$ffltu         fz_ws.l(fflt_clz.o)
    0x080081a2   0x080081a2   0x00000002   PAD
    0x080081a4   0x080081a4   0x00000102   Code   RO          456    x$fpl$fmul          fz_ws.l(fmul.o)
    0x080082a6   0x080082a6   0x0000008c   Code   RO          459    x$fpl$fnaninf       fz_ws.l(fnaninf.o)
    0x08008332   0x08008332   0x0000000a   Code   RO          461    x$fpl$fretinf       fz_ws.l(fretinf.o)
    0x0800833c   0x0800833c   0x00000014   Code   RO          437    x$fpl$frsb          fz_ws.l(faddsub_clz.o)
    0x08008350   0x08008350   0x000000ea   Code   RO          438    x$fpl$fsub          fz_ws.l(faddsub_clz.o)
    0x0800843a   0x0800843a   0x00000000   Code   RO          463    x$fpl$usenofp       fz_ws.l(usenofp.o)
    0x0800843a   0x0800843a   0x00000002   PAD
    0x0800843c   0x0800843c   0x00000020   Data   RO          616    Region$$Table       anon$$obj.o


    Execution Region RW_IRAM1 (Exec base: 0x20000000, Load base: 0x0800845c, Size: 0x00007590, Max: 0x0000c000, ABSOLUTE)

    Exec Addr    Load Addr    Size         Type   Attr      Idx    E Section Name        Object

    0x20000000   0x0800845c   0x00000006   Data   RW            3    .data               canpro.o
    0x20000006   0x08008462   0x0000000a   Data   RW          132    .data               main.o
    0x20000010   0x0800846c   0x00000006   Data   RW          187    .data               public.o
    0x20000016   0x08008472   0x00000002   Data   RW          206    .data               voicepro.o
    0x20000018   0x08008474   0x00000001   Data   RW          257    .data               cpu.o
    0x20000019   0x08008475   0x00000003   PAD
    0x2000001c        -       0x0000011c   Zero   RW            2    .bss                canpro.o
    0x20000138        -       0x00000a2a   Zero   RW          116    .bss                config.o
    0x20000b62        -       0x00000582   Zero   RW          158    .bss                netpro.o
    0x200010e4        -       0x00000047   Zero   RW          186    .bss                public.o
    0x2000112b   0x08008475   0x00000001   PAD
    0x2000112c        -       0x0000522e   Zero   RW          205    .bss                voicepro.o
    0x2000635a        -       0x0000060a   Zero   RW          298    .bss                w5500.o
    0x20006964        -       0x00000010   Zero   RW          314    .bss                sd2068.o
    0x20006974        -       0x00000244   Zero   RW          329    .bss                ipd_zjm.o
    0x20006bb8        -       0x00000334   Zero   RW          345    .bss                pekingpower.o
    0x20006eec        -       0x00000024   Zero   RW          361    .bss                devicemanger.o
    0x20006f10        -       0x00000020   Zero   RW          379    .bss                switcher.o
    0x20006f30        -       0x00000060   Zero   RW          490    .bss                c_w.l(libspace.o)
    0x20006f90        -       0x00000200   Zero   RW          422    HEAP                startup_stm32f10x_hd.o
    0x20007190        -       0x00000400   Zero   RW          421    STACK               startup_stm32f10x_hd.o


==============================================================================

Image component sizes


      Code (inc. data)   RO Data    RW Data    ZI Data      Debug   Object Name

      2186         60          0          0          0       6271   can.o
      8212        212          0          6        284      30226   canpro.o
      2920         66          0          0       2602       7563   config.o
       584         40          0          1          0       2240   cpu.o
        88         42          0          0         36       1454   devicemanger.o
      1064         18          0          0          0       2568   fminit.o
       532          8          0          0        580       2962   ipd_zjm.o
       444         44          0         10          0       3697   main.o
      8008        200          0          0       1410      13431   netpro.o
       620          8          0          0        820       2544   pekingpower.o
       440         12          0          6         71       6107   public.o
      1224         20          0          0         16       2661   sd2068.o
        56         22        304          0       1536        764   startup_stm32f10x_hd.o
       236          8          0          0         32       1592   switcher.o
       726         48          0          0          0       2679   sys.o
       748         38          0          0          0       1689   uart.o
        88          4          0          0          0        597   udp.o
      1508         70          0          2      21038       3349   voicepro.o
      2152         60          0          0       1546       6846   w5500.o

    ----------------------------------------------------------------------
     31840        980        336         28      29972      99240   Object Totals
         0          0         32          0          0          0   (incl. Generated)
         4          0          0          3          1          0   (incl. Padding)

    ----------------------------------------------------------------------

      Code (inc. data)   RO Data    RW Data    ZI Data      Debug   Library Member Name

         8          0          0          0          0         68   __main.o
         0          0          0          0          0          0   __rtentry.o
        12          0          0          0          0          0   __rtentry2.o
         6          0          0          0          0          0   __rtentry4.o
        52          8          0          0          0          0   __scatter.o
        26          0          0          0          0          0   __scatter_copy.o
        28          0          0          0          0          0   __scatter_zi.o
        18          0          0          0          0         80   exit.o
         6          0          0          0          0        152   heapauxi.o
         0          0          0          0          0          0   indicate_semi.o
         2          0          0          0          0          0   libinit.o
         2          0          0          0          0          0   libinit2.o
         2          0          0          0          0          0   libshutdown.o
         2          0          0          0          0          0   libshutdown2.o
         8          4          0          0         96         68   libspace.o
        78          0          0          0          0         80   rt_memclr_w.o
         2          0          0          0          0          0   rtexit.o
        10          0          0          0          0          0   rtexit2.o
        12          4          0          0          0         68   sys_exit.o
        74          0          0          0          0         80   sys_stackheap_outer.o
         2          0          0          0          0         68   use_no_semi.o
       450          8          0          0          0        236   faddsub_clz.o
       388         76          0          0          0         96   fdiv.o
        62          4          0          0          0         84   ffixu.o
        38          0          0          0          0         68   fflt_clz.o
       258          4          0          0          0         84   fmul.o
       140          4          0          0          0         84   fnaninf.o
        10          0          0          0          0         68   fretinf.o
         0          0          0          0          0          0   usenofp.o

    ----------------------------------------------------------------------
      1708        112          0          0         96       1384   Library Totals
        12          0          0          0          0          0   (incl. Padding)

    ----------------------------------------------------------------------

      Code (inc. data)   RO Data    RW Data    ZI Data      Debug   Library Name

       350         16          0          0         96        664   c_w.l
      1346         96          0          0          0        720   fz_ws.l

    ----------------------------------------------------------------------
      1708        112          0          0         96       1384   Library Totals

    ----------------------------------------------------------------------

==============================================================================


      Code (inc. data)   RO Data    RW Data    ZI Data      Debug   

     33548       1092        336         28      30068      98176   Grand Totals
     33548       1092        336         28      30068      98176   ELF Image Totals
     33548       1092        336         28          0          0   ROM Totals

==============================================================================

    Total RO  Size (Code + RO Data)                33884 (  33.09kB)
    Total RW  Size (RW Data + ZI Data)             30096 (  29.39kB)
    Total ROM Size (Code + RO Data + RW Data)      33912 (  33.12kB)

==============================================================================

