Component: ARM Compiler 5.06 update 6 (build 750) Tool: armlink [4d35ed]

==============================================================================

Section Cross References

    canpro.o(.text) refers to can.o(.text) for ReadRegCan
    canpro.o(.text) refers to config.o(.bss) for Excute
    canpro.o(.text) refers to netpro.o(.bss) for Power
    canpro.o(.text) refers to public.o(.text) for MakeFeimoCanId
    canpro.o(.text) refers to netpro.o(.text) for SendDebugData
    canpro.o(.text) refers to canpro.o(.bss) for Can
    canpro.o(.text) refers to devicemanger.o(.bss) for DeviceManger
    canpro.o(.text) refers to canpro.o(.data) for Ack
    canpro.o(.text) refers to public.o(.data) for SYS_TICK
    canpro.o(.text) refers to sd2068.o(.bss) for Time
    canpro.o(.text) refers to public.o(.bss) for Sys
    canpro.o(.text) refers to fminit.o(.text) for FramWriteBurstByte
    canpro.o(.text) refers to config.o(.text) for UpdateWptr
    config.o(.text) refers to public.o(.text) for CalCrc16
    config.o(.text) refers to fminit.o(.text) for FramWriteBurstByte
    config.o(.text) refers to canpro.o(.text) for CheckPowerIndex
    config.o(.text) refers to sd2068.o(.text) for ReadTime
    config.o(.text) refers to config.o(.bss) for ConfigBuf
    config.o(.text) refers to public.o(.bss) for Sys
    config.o(.text) refers to w5500.o(.bss) for Net
    config.o(.text) refers to public.o(.data) for SYS_TICK
    config.o(.text) refers to netpro.o(.bss) for Power
    config.o(.text) refers to canpro.o(.bss) for Init
    main.o(.text) refers to public.o(.text) for MsTickDiff
    main.o(.text) refers to cpu.o(.text) for CpuInit
    main.o(.text) refers to config.o(.text) for ReadDefaultConfig
    main.o(.text) refers to devicemanger.o(.text) for DeviceMangerInit
    main.o(.text) refers to canpro.o(.text) for CanPro
    main.o(.text) refers to voicepro.o(.text) for VoicePro
    main.o(.text) refers to netpro.o(.text) for NetPro
    main.o(.text) refers to public.o(.data) for SYS_TICK
    main.o(.text) refers to main.o(.data) for LedTick
    main.o(.text) refers to public.o(.bss) for Sys
    netpro.o(.text) refers to public.o(.text) for CalCrc16
    netpro.o(.text) refers to w5500.o(.text) for SendSocketData
    netpro.o(.text) refers to w5500.o(.bss) for Net
    netpro.o(.text) refers to public.o(.bss) for Sys
    netpro.o(.text) refers to voicepro.o(.bss) for Voice
    netpro.o(.text) refers to config.o(.bss) for Device
    netpro.o(.text) refers to devicemanger.o(.bss) for DeviceManger
    netpro.o(.text) refers to config.o(.text) for WriteConfig
    netpro.o(.text) refers to canpro.o(.text) for CheckPowerIndex
    netpro.o(.text) refers to netpro.o(.bss) for Power
    netpro.o(.text) refers to sd2068.o(.text) for WriteTime
    netpro.o(.text) refers to sd2068.o(.bss) for Time
    netpro.o(.text) refers to fminit.o(.text) for FramReadBurstByte
    netpro.o(.text) refers to cpu.o(.text) for IWDG_Feed
    netpro.o(.text) refers to udp.o(.text) for Socket_Udp
    netpro.o(.text) refers to public.o(.data) for SYS_TICK
    netpro.o(.text) refers to main.o(.data) for LedRunTime
    netpro.o(.text) refers to rt_memclr_w.o(.text) for __aeabi_memclr4
    netpro.o(.text) refers to canpro.o(.bss) for Init
    public.o(.text) refers to public.o(.data) for SYS_TICK
    voicepro.o(.text) refers to public.o(.text) for MsTickDiff
    voicepro.o(.text) refers to w5500.o(.text) for SendSocketData
    voicepro.o(.text) refers to netpro.o(.text) for SendDebugData
    voicepro.o(.text) refers to voicepro.o(.bss) for Voice
    voicepro.o(.text) refers to public.o(.data) for SYS_TICK
    voicepro.o(.text) refers to public.o(.bss) for Sys
    voicepro.o(.text) refers to cpu.o(.data) for Timer125MsFlag
    voicepro.o(.text) refers to w5500.o(.bss) for Net
    voicepro.o(.text) refers to voicepro.o(.data) for sendCnt
    voicepro.o(.text) refers to config.o(.bss) for Device
    udp.o(.text) refers to w5500.o(.text) for WriteSocket2Byte
    udp.o(.text) refers to public.o(.text) for MsTickDiff
    udp.o(.text) refers to public.o(.data) for SYS_TICK
    can.o(.text) refers to public.o(.text) for MsTickDiff
    can.o(.text) refers to canpro.o(.text) for HandleCanData
    can.o(.text) refers to public.o(.data) for SYS_TICK
    can.o(.text) refers to canpro.o(.bss) for Can
    cpu.o(.text) refers to sys.o(.text) for Stm32_Clock_Init
    cpu.o(.text) refers to fminit.o(.text) for FmInit
    cpu.o(.text) refers to sd2068.o(.text) for SD2068Init
    cpu.o(.text) refers to uart.o(.text) for Dma1Init
    cpu.o(.text) refers to public.o(.data) for SYS_TICK
    cpu.o(.text) refers to voicepro.o(.bss) for Voice
    cpu.o(.text) refers to cpu.o(.data) for Timer125MsFlag
    fminit.o(.text) refers to public.o(.text) for delay_us
    uart.o(.text) refers to fflt_clz.o(x$fpl$ffltu) for __aeabi_ui2f
    uart.o(.text) refers to fdiv.o(x$fpl$fdiv) for __aeabi_fdiv
    uart.o(.text) refers to ffixu.o(x$fpl$ffixu) for __aeabi_f2uiz
[...]
    devicemanger.o(.text) refers to ipd_zjm.o(.text) for WriteIPDRecord
    devicemanger.o(.text) refers to devicemanger.o(.bss) for DeviceManger
    devicemanger.o(.text) refers to pekingpower.o(.text) for WritePkPowerRecord
    sys.o(.text) refers to sys.o(.emb_text) for WFI_SET
    startup_stm32f10x_hd.o(STACK) refers (Special) to heapauxi.o(.text) for __use_two_region_memory
    startup_stm32f10x_hd.o(HEAP) refers (Special) to heapauxi.o(.text) for __use_two_region_memory
    startup_stm32f10x_hd.o(RESET) refers (Special) to heapauxi.o(.text) for __use_two_region_memory
    startup_stm32f10x_hd.o(RESET) refers to startup_stm32f10x_hd.o(STACK) for __initial_sp
    startup_stm32f10x_hd.o(RESET) refers to startup_stm32f10x_hd.o(.text) for Reset_Handler
    startup_stm32f10x_hd.o(RESET) refers to uart.o(.text) for DMA1_Channel4_IRQHandler
    startup_stm32f10x_hd.o(RESET) refers to can.o(.text) for USB_LP_CAN1_RX0_IRQHandler
    startup_stm32f10x_hd.o(RESET) refers to w5500.o(.text) for EXTI9_5_IRQHandler
    startup_stm32f10x_hd.o(RESET) refers to cpu.o(.text) for TIM2_IRQHandler
    startup_stm32f10x_hd.o(.text) refers (Special) to heapauxi.o(.text) for __use_two_region_memory
    startup_stm32f10x_hd.o(.text) refers to __main.o(!!!main) for __main
    startup_stm32f10x_hd.o(.text) refers to startup_stm32f10x_hd.o(HEAP) for Heap_Mem
    startup_stm32f10x_hd.o(.text) refers to startup_stm32f10x_hd.o(STACK) for Stack_Mem
    __main.o(!!!main) refers to __rtentry.o(.ARM.Collect$$rtentry$$00000000) for __rt_entry
    faddsub_clz.o(x$fpl$fadd) refers (Special) to usenofp.o(x$fpl$usenofp) for __I$use$fp
    faddsub_clz.o(x$fpl$fadd) refers to faddsub_clz.o(x$fpl$fsub) for _fsub1
    faddsub_clz.o(x$fpl$fadd) refers to fretinf.o(x$fpl$fretinf) for __fpl_fretinf
    faddsub_clz.o(x$fpl$fadd) refers to fnaninf.o(x$fpl$fnaninf) for __fpl_fnaninf
    faddsub_clz.o(x$fpl$frsb) refers (Special) to usenofp.o(x$fpl$usenofp) for __I$use$fp
    faddsub_clz.o(x$fpl$frsb) refers to faddsub_clz.o(x$fpl$fadd) for _fadd1
    faddsub_clz.o(x$fpl$frsb) refers to faddsub_clz.o(x$fpl$fsub) for _fsub1
    faddsub_clz.o(x$fpl$fsub) refers (Special) to usenofp.o(x$fpl$usenofp) for __I$use$fp
    faddsub_clz.o(x$fpl$fsub) refers to faddsub_clz.o(x$fpl$fadd) for _fadd1
    faddsub_clz.o(x$fpl$fsub) refers to fnaninf.o(x$fpl$fnaninf) for __fpl_fnaninf
    fdiv.o(x$fpl$frdiv) refers (Special) to usenofp.o(x$fpl$usenofp) for __I$use$fp
    fdiv.o(x$fpl$frdiv) refers to fdiv.o(x$fpl$fdiv) for _fdiv1
    fdiv.o(x$fpl$fdiv) refers (Special) to usenofp.o(x$fpl$usenofp) for __I$use$fp
    fdiv.o(x$fpl$fdiv) refers to fretinf.o(x$fpl$fretinf) for __fpl_fretinf
    fdiv.o(x$fpl$fdiv) refers to fnaninf.o(x$fpl$fnaninf) for __fpl_fnaninf
    ffixu.o(x$fpl$ffixu) refers (Special) to usenofp.o(x$fpl$usenofp) for __I$use$fp
    ffixu.o(x$fpl$ffixu) refers to fnaninf.o(x$fpl$fnaninf) for __fpl_fnaninf
    ffixu.o(x$fpl$ffixur) refers (Special) to usenofp.o(x$fpl$usenofp) for __I$use$fp
    ffixu.o(x$fpl$ffixur) refers to fnaninf.o(x$fpl$fnaninf) for __fpl_fnaninf
    fflt_clz.o(x$fpl$ffltu) refers (Special) to usenofp.o(x$fpl$usenofp) for __I$use$fp
    fflt_clz.o(x$fpl$fflt) refers (Special) to usenofp.o(x$fpl$usenofp) for __I$use$fp
    fflt_clz.o(x$fpl$ffltn) refers (Special) to usenofp.o(x$fpl$usenofp) for __I$use$fp
    fmul.o(x$fpl$fmul) refers (Special) to usenofp.o(x$fpl$usenofp) for __I$use$fp
    fmul.o(x$fpl$fmul) refers to fretinf.o(x$fpl$fretinf) for __fpl_fretinf
    fmul.o(x$fpl$fmul) refers to fnaninf.o(x$fpl$fnaninf) for __fpl_fnaninf
    __rtentry.o(.ARM.Collect$$rtentry$$00000000) refers (Special) to __rtentry2.o(.ARM.Collect$$rtentry$$0000000A) for __rt_entry_li
    __rtentry.o(.ARM.Collect$$rtentry$$00000000) refers (Special) to __rtentry2.o(.ARM.Collect$$rtentry$$0000000D) for __rt_entry_main
    __rtentry.o(.ARM.Collect$$rtentry$$00000000) refers (Special) to __rtentry2.o(.ARM.Collect$$rtentry$$0000000C) for __rt_entry_postli_1
    __rtentry.o(.ARM.Collect$$rtentry$$00000000) refers (Special) to __rtentry2.o(.ARM.Collect$$rtentry$$00000009) for __rt_entry_postsh_1
    __rtentry.o(.ARM.Collect$$rtentry$$00000000) refers (Special) to __rtentry2.o(.ARM.Collect$$rtentry$$00000002) for __rt_entry_presh_1
    __rtentry.o(.ARM.Collect$$rtentry$$00000000) refers (Special) to __rtentry4.o(.ARM.Collect$$rtentry$$00000004) for __rt_entry_sh
    fnaninf.o(x$fpl$fnaninf) refers (Special) to usenofp.o(x$fpl$usenofp) for __I$use$fp
    fretinf.o(x$fpl$fretinf) refers (Special) to usenofp.o(x$fpl$usenofp) for __I$use$fp
    __rtentry2.o(.ARM.Collect$$rtentry$$00000008) refers to boardinit2.o(.text) for _platform_post_stackheap_init
    __rtentry2.o(.ARM.Collect$$rtentry$$0000000A) refers to libinit.o(.ARM.Collect$$libinit$$00000000) for __rt_lib_init
    __rtentry2.o(.ARM.Collect$$rtentry$$0000000B) refers to boardinit3.o(.text) for _platform_post_lib_init
    __rtentry2.o(.ARM.Collect$$rtentry$$0000000D) refers to main.o(.text) for main
    __rtentry2.o(.ARM.Collect$$rtentry$$0000000D) refers to exit.o(.text) for exit
    __rtentry2.o(.ARM.exidx) refers to __rtentry2.o(.ARM.Collect$$rtentry$$00000001) for .ARM.Collect$$rtentry$$00000001
    __rtentry2.o(.ARM.exidx) refers to __rtentry2.o(.ARM.Collect$$rtentry$$00000008) for .ARM.Collect$$rtentry$$00000008
    __rtentry2.o(.ARM.exidx) refers to __rtentry2.o(.ARM.Collect$$rtentry$$0000000A) for .ARM.Collect$$rtentry$$0000000A
    __rtentry2.o(.ARM.exidx) refers to __rtentry2.o(.ARM.Collect$$rtentry$$0000000B) for .ARM.Collect$$rtentry$$0000000B
    __rtentry2.o(.ARM.exidx) refers to __rtentry2.o(.ARM.Collect$$rtentry$$0000000D) for .ARM.Collect$$rtentry$$0000000D
    __rtentry4.o(.ARM.Collect$$rtentry$$00000004) refers to sys_stackheap_outer.o(.text) for __user_setup_stackheap
    __rtentry4.o(.ARM.exidx) refers to __rtentry4.o(.ARM.Collect$$rtentry$$00000004) for .ARM.Collect$$rtentry$$00000004
    sys_stackheap_outer.o(.text) refers to libspace.o(.text) for __user_perproc_libspace
    sys_stackheap_outer.o(.text) refers to startup_stm32f10x_hd.o(.text) for __user_initial_stackheap
    exit.o(.text) refers to rtexit.o(.ARM.Collect$$rtexit$$00000000) for __rt_exit
    libinit.o(.ARM.Collect$$libinit$$00000000) refers (Special) to libinit2.o(.ARM.Collect$$libinit$$0000002E) for __rt_lib_init_alloca_1
    libinit.o(.ARM.Collect$$libinit$$00000000) refers (Special) to libinit2.o(.ARM.Collect$$libinit$$0000002C) for __rt_lib_init_argv_1
    libinit.o(.ARM.Collect$$libinit$$00000000) refers (Special) to libinit2.o(.ARM.Collect$$libinit$$0000001B) for __rt_lib_init_atexit_1
    libinit.o(.ARM.Collect$$libinit$$00000000) refers (Special) to libinit2.o(.ARM.Collect$$libinit$$00000021) for __rt_lib_init_clock_1
    libinit.o(.ARM.Collect$$libinit$$00000000) refers (Special) to libinit2.o(.ARM.Collect$$libinit$$00000032) for __rt_lib_init_cpp_1
    libinit.o(.ARM.Collect$$libinit$$00000000) refers (Special) to libinit2.o(.ARM.Collect$$libinit$$00000030) for __rt_lib_init_exceptions_1
    libinit.o(.ARM.Collect$$libinit$$00000000) refers (Special) to libinit2.o(.ARM.Collect$$libinit$$00000002) for __rt_lib_init_fp_1
    libinit.o(.ARM.Collect$$libinit$$00000000) refers (Special) to libinit2.o(.ARM.Collect$$libinit$$0000001F) for __rt_lib_init_fp_trap_1
    libinit.o(.ARM.Collect$$libinit$$00000000) refers (Special) to libinit2.o(.ARM.Collect$$libinit$$00000023) for __rt_lib_init_getenv_1
    libinit.o(.ARM.Collect$$libinit$$00000000) refers (Special) to libinit2.o(.ARM.Collect$$libinit$$0000000A) for __rt_lib_init_heap_1
    libinit.o(.ARM.Collect$$libinit$$00000000) refers (Special) to libinit2.o(.ARM.Collect$$libinit$$00000011) for __rt_lib_init_lc_collate_1
    libinit.o(.ARM.Collect$$libinit$$00000000) refers (Special) to libinit2.o(.ARM.Collect$$libinit$$00000013) for __rt_lib_init_lc_ctype_1
    libinit.o(.ARM.Collect$$libinit$$00000000) refers (Special) to libinit2.o(.ARM.Collect$$libinit$$00000015) for __rt_lib_init_lc_monetary_1
    libinit.o(.ARM.Collect$$libinit$$00000000) refers (Special) to libinit2.o(.ARM.Collect$$libinit$$00000017) for __rt_lib_init_lc_numeric_1
    libinit.o(.ARM.Collect$$libinit$$00000000) refers (Special) to libinit2.o(.ARM.Collect$$libinit$$00000019) for __rt_lib_init_lc_time_1
    libinit.o(.ARM.Collect$$libinit$$00000000) refers (Special) to libinit2.o(.ARM.Collect$$libinit$$00000004) for __rt_lib_init_preinit_1
    libinit.o(.ARM.Collect$$libinit$$00000000) refers (Special) to libinit2.o(.ARM.Collect$$libinit$$0000000E) for __rt_lib_init_rand_1
    libinit.o(.ARM.Collect$$libinit$$00000000) refers (Special) to libinit2.o(.ARM.Collect$$libinit$$00000033) for __rt_lib_init_return
    libinit.o(.ARM.Collect$$libinit$$00000000) refers (Special) to libinit2.o(.ARM.Collect$$libinit$$0000001D) for __rt_lib_init_signal_1
    libinit.o(.ARM.Collect$$libinit$$00000000) refers (Special) to libinit2.o(.ARM.Collect$$libinit$$00000025) for __rt_lib_init_stdio_1
    libinit.o(.ARM.Collect$$libinit$$00000000) refers (Special) to libinit2.o(.ARM.Collect$$libinit$$0000000C) for __rt_lib_init_user_alloc_1
    libspace.o(.text) refers to libspace.o(.bss) for __libspace_start
    rtexit.o(.ARM.Collect$$rtexit$$00000000) refers (Special) to rtexit2.o(.ARM.Collect$$rtexit$$00000004) for __rt_exit_exit
    rtexit.o(.ARM.Collect$$rtexit$$00000000) refers (Special) to rtexit2.o(.ARM.Collect$$rtexit$$00000003) for __rt_exit_ls
    rtexit.o(.ARM.Collect$$rtexit$$00000000) refers (Special) to rtexit2.o(.ARM.Collect$$rtexit$$00000002) for __rt_exit_prels_1
    rtexit.o(.ARM.exidx) refers (Special) to rtexit2.o(.ARM.Collect$$rtexit$$00000004) for __rt_exit_exit
    rtexit.o(.ARM.exidx) refers (Special) to rtexit2.o(.ARM.Collect$$rtexit$$00000003) for __rt_exit_ls
    rtexit.o(.ARM.exidx) refers (Special) to rtexit2.o(.ARM.Collect$$rtexit$$00000002) for __rt_exit_prels_1
    rtexit.o(.ARM.exidx) refers to rtexit.o(.ARM.Collect$$rtexit$$00000000) for .ARM.Collect$$rtexit$$00000000
    libinit2.o(.ARM.Collect$$libinit$$00000010) refers to libinit2.o(.ARM.Collect$$libinit$$0000000F) for .ARM.Collect$$libinit$$0000000F
    libinit2.o(.ARM.Collect$$libinit$$00000012) refers to libinit2.o(.ARM.Collect$$libinit$$0000000F) for .ARM.Collect$$libinit$$0000000F
    libinit2.o(.ARM.Collect$$libinit$$00000014) refers to libinit2.o(.ARM.Collect$$libinit$$0000000F) for .ARM.Collect$$libinit$$0000000F
    libinit2.o(.ARM.Collect$$libinit$$00000016) refers to libinit2.o(.ARM.Collect$$libinit$$0000000F) for .ARM.Collect$$libinit$$0000000F
    libinit2.o(.ARM.Collect$$libinit$$00000018) refers to libinit2.o(.ARM.Collect$$libinit$$0000000F) for .ARM.Collect$$libinit$$0000000F
    libinit2.o(.ARM.Collect$$libinit$$00000026) refers to argv_veneer.o(.emb_text) for __ARM_argv_veneer
    libinit2.o(.ARM.Collect$$libinit$$00000027) refers to argv_veneer.o(.emb_text) for __ARM_argv_veneer
    rtexit2.o(.ARM.Collect$$rtexit$$00000003) refers to libshutdown.o(.ARM.Collect$$libshutdown$$00000000) for __rt_lib_shutdown
    rtexit2.o(.ARM.Collect$$rtexit$$00000004) refers to sys_exit.o(.text) for _sys_exit
    rtexit2.o(.ARM.exidx) refers to rtexit2.o(.ARM.Collect$$rtexit$$00000001) for .ARM.Collect$$rtexit$$00000001
    rtexit2.o(.ARM.exidx) refers to rtexit2.o(.ARM.Collect$$rtexit$$00000003) for .ARM.Collect$$rtexit$$00000003
    rtexit2.o(.ARM.exidx) refers to rtexit2.o(.ARM.Collect$$rtexit$$00000004) for .ARM.Collect$$rtexit$$00000004
    argv_veneer.o(.emb_text) refers to no_argv.o(.text) for __ARM_get_argv
    sys_exit.o(.text) refers (Special) to use_no_semi.o(.text) for __I$use$semihosting
    sys_exit.o(.text) refers (Special) to indicate_semi.o(.text) for __semihosting_library_function
    _get_argv_nomalloc.o(.text) refers (Special) to hrguard.o(.text) for __heap_region$guard
    _get_argv_nomalloc.o(.text) refers to defsig_rtmem_outer.o(.text) for __rt_SIGRTMEM
    _get_argv_nomalloc.o(.text) refers to sys_command.o(.text) for _sys_command_string
    libshutdown.o(.ARM.Collect$$libshutdown$$00000000) refers (Special) to libshutdown2.o(.ARM.Collect$$libshutdown$$00000002) for __rt_lib_shutdown_cpp_1
    libshutdown.o(.ARM.Collect$$libshutdown$$00000000) refers (Special) to libshutdown2.o(.ARM.Collect$$libshutdown$$00000007) for __rt_lib_shutdown_fp_trap_1
    libshutdown.o(.ARM.Collect$$libshutdown$$00000000) refers (Special) to libshutdown2.o(.ARM.Collect$$libshutdown$$0000000F) for __rt_lib_shutdown_heap_1
    libshutdown.o(.ARM.Collect$$libshutdown$$00000000) refers (Special) to libshutdown2.o(.ARM.Collect$$libshutdown$$00000010) for __rt_lib_shutdown_return
    libshutdown.o(.ARM.Collect$$libshutdown$$00000000) refers (Special) to libshutdown2.o(.ARM.Collect$$libshutdown$$0000000A) for __rt_lib_shutdown_signal_1
    libshutdown.o(.ARM.Collect$$libshutdown$$00000000) refers (Special) to libshutdown2.o(.ARM.Collect$$libshutdown$$00000004) for __rt_lib_shutdown_stdio_1
    libshutdown.o(.ARM.Collect$$libshutdown$$00000000) refers (Special) to libshutdown2.o(.ARM.Collect$$libshutdown$$0000000C) for __rt_lib_shutdown_user_alloc_1
    sys_command.o(.text) refers (Special) to use_no_semi.o(.text) for __I$use$semihosting
    sys_command.o(.text) refers (Special) to indicate_semi.o(.text) for __semihosting_library_function
    defsig_rtmem_outer.o(.text) refers to defsig_rtmem_inner.o(.text) for __rt_SIGRTMEM_inner
    defsig_rtmem_outer.o(.text) refers to defsig_exit.o(.text) for __sig_exit
    defsig_rtmem_formal.o(.text) refers to rt_raise.o(.text) for __rt_raise
    rt_raise.o(.text) refers to __raise.o(.text) for __raise
    rt_raise.o(.text) refers to sys_exit.o(.text) for _sys_exit
    defsig_exit.o(.text) refers to sys_exit.o(.text) for _sys_exit
    defsig_rtmem_inner.o(.text) refers to defsig_general.o(.text) for __default_signal_display
    __raise.o(.text) refers to defsig.o(CL$$defsig) for __default_signal_handler
    defsig_general.o(.text) refers to sys_wrch.o(.text) for _ttywrch
    sys_wrch.o(.text) refers (Special) to use_no_semi.o(.text) for __I$use$semihosting
    sys_wrch.o(.text) refers (Special) to indicate_semi.o(.text) for __semihosting_library_function
    defsig.o(CL$$defsig) refers to defsig_rtmem_inner.o(.text) for __rt_SIGRTMEM_inner
    defsig_abrt_inner.o(.text) refers to defsig_general.o(.text) for __default_signal_display
    defsig_fpe_inner.o(.text) refers to defsig_general.o(.text) for __default_signal_display
    defsig_rtred_inner.o(.text) refers to defsig_general.o(.text) for __default_signal_display
    defsig_stak_inner.o(.text) refers to defsig_general.o(.text) for __default_signal_display
    defsig_pvfn_inner.o(.text) refers to defsig_general.o(.text) for __default_signal_display
    defsig_cppl_inner.o(.text) refers to defsig_general.o(.text) for __default_signal_display
    defsig_segv_inner.o(.text) refers to defsig_general.o(.text) for __default_signal_display
    defsig_other.o(.text) refers to defsig_general.o(.text) for __default_signal_display


==============================================================================

Removing Unused input sections from the image.

    Removing can.o(.bss), (20 bytes).

1 unused section(s) (total 20 bytes) removed from the image.

==============================================================================

Image Symbol Table

    Local Symbols

    Symbol Name                              Value     Ov Type        Size  Object(Section)

    ../clib/angel/boardlib.s                 0x00000000   Number         0  boardinit2.o ABSOLUTE
    ../clib/angel/boardlib.s                 0x00000000   Number         0  boardinit1.o ABSOLUTE
    ../clib/angel/boardlib.s                 0x00000000   Number         0  boardinit3.o ABSOLUTE
    ../clib/angel/boardlib.s                 0x00000000   Number         0  boardshut.o ABSOLUTE
    ../clib/angel/handlers.s                 0x00000000   Number         0  __scatter_zi.o ABSOLUTE
    ../clib/angel/handlers.s                 0x00000000   Number         0  __scatter_copy.o ABSOLUTE
    ../clib/angel/kernel.s                   0x00000000   Number         0  __rtentry4.o ABSOLUTE
    ../clib/angel/kernel.s                   0x00000000   Number         0  __rtentry.o ABSOLUTE
    ../clib/angel/kernel.s                   0x00000000   Number         0  rtexit.o ABSOLUTE
    ../clib/angel/kernel.s                   0x00000000   Number         0  rtexit2.o ABSOLUTE
    ../clib/angel/kernel.s                   0x00000000   Number         0  __rtentry2.o ABSOLUTE
    ../clib/angel/rt.s                       0x00000000   Number         0  rt_raise.o ABSOLUTE
    ../clib/angel/scatter.s                  0x00000000   Number         0  __scatter.o ABSOLUTE
    ../clib/angel/startup.s                  0x00000000   Number         0  __main.o ABSOLUTE
    ../clib/angel/sys.s                      0x00000000   Number         0  libspace.o ABSOLUTE
    ../clib/angel/sys.s                      0x00000000   Number         0  sys_stackheap_outer.o ABSOLUTE
    ../clib/angel/sys.s                      0x00000000   Number         0  use_no_semi.o ABSOLUTE
    ../clib/angel/sys.s                      0x00000000   Number         0  indicate_semi.o ABSOLUTE
    ../clib/angel/sysapp.c                   0x00000000   Number         0  sys_command.o ABSOLUTE
    ../clib/angel/sysapp.c                   0x00000000   Number         0  sys_exit.o ABSOLUTE
    ../clib/angel/sysapp.c                   0x00000000   Number         0  sys_wrch.o ABSOLUTE
    ../clib/armsys.c                         0x00000000   Number         0  argv_veneer.o ABSOLUTE
    ../clib/armsys.c                         0x00000000   Number         0  argv_veneer.o ABSOLUTE
    ../clib/armsys.c                         0x00000000   Number         0  _get_argv_nomalloc.o ABSOLUTE
    ../clib/armsys.c                         0x00000000   Number         0  no_argv.o ABSOLUTE
    ../clib/heapalloc.c                      0x00000000   Number         0  hrguard.o ABSOLUTE
    ../clib/heapaux.c                        0x00000000   Number         0  heapauxi.o ABSOLUTE
    ../clib/libinit.s                        0x00000000   Number         0  libshutdown.o ABSOLUTE
    ../clib/libinit.s                        0x00000000   Number         0  libinit2.o ABSOLUTE
    ../clib/libinit.s                        0x00000000   Number         0  libshutdown2.o ABSOLUTE
    ../clib/libinit.s                        0x00000000   Number         0  libinit.o ABSOLUTE
    ../clib/memcpset.s                       0x00000000   Number         0  rt_memclr_w.o ABSOLUTE
    ../clib/signal.c                         0x00000000   Number         0  defsig_rtred_inner.o ABSOLUTE
    ../clib/signal.c                         0x00000000   Number         0  defsig_pvfn_inner.o ABSOLUTE
    ../clib/signal.c                         0x00000000   Number         0  defsig_fpe_inner.o ABSOLUTE
    ../clib/signal.c                         0x00000000   Number         0  defsig_abrt_inner.o ABSOLUTE
    ../clib/signal.c                         0x00000000   Number         0  defsig_exit.o ABSOLUTE
    ../clib/signal.c                         0x00000000   Number         0  defsig_cppl_inner.o ABSOLUTE
    ../clib/signal.c                         0x00000000   Number         0  defsig_rtmem_inner.o ABSOLUTE
    ../clib/signal.c                         0x00000000   Number         0  defsig_general.o ABSOLUTE
    ../clib/signal.c                         0x00000000   Number         0  __raise.o ABSOLUTE
    ../clib/signal.c                         0x00000000   Number         0  defsig_rtmem_outer.o ABSOLUTE
    ../clib/signal.c                         0x00000000   Number         0  defsig_segv_inner.o ABSOLUTE
    ../clib/signal.c                         0x00000000   Number         0  defsig_other.o ABSOLUTE
    ../clib/signal.c                         0x00000000   Number         0  defsig_rtmem_formal.o ABSOLUTE
    ../clib/signal.c                         0x00000000   Number         0  defsig_stak_inner.o ABSOLUTE
    ../clib/signal.s                         0x00000000   Number         0  defsig.o ABSOLUTE
    ../clib/stdlib.c                         0x00000000   Number         0  exit.o ABSOLUTE
    ../fplib/faddsub.s                       0x00000000   Number         0  faddsub_clz.o ABSOLUTE
    ../fplib/fdiv.s                          0x00000000   Number         0  fdiv.o ABSOLUTE
    ../fplib/ffixu.s                         0x00000000   Number         0  ffixu.o ABSOLUTE
    ../fplib/fflt.s                          0x00000000   Number         0  fflt_clz.o ABSOLUTE
    ../fplib/fmul.s                          0x00000000   Number         0  fmul.o ABSOLUTE
    ../fplib/fnaninf.s                       0x00000000   Number         0  fnaninf.o ABSOLUTE
    ../fplib/fpinit.s                        0x00000000   Number         0  fpinit.o ABSOLUTE
    ../fplib/fretinf.s                       0x00000000   Number         0  fretinf.o ABSOLUTE
    ../fplib/usenofp.s                       0x00000000   Number         0  usenofp.o ABSOLUTE
    ..\App\CanPro.c                          0x00000000   Number         0  canpro.o ABSOLUTE
    ..\App\Config.c                          0x00000000   Number         0  config.o ABSOLUTE
    ..\App\NetPro.c                          0x00000000   Number         0  netpro.o ABSOLUTE
    ..\App\Public.c                          0x00000000   Number         0  public.o ABSOLUTE
    ..\App\Udp.c                             0x00000000   Number         0  udp.o ABSOLUTE
    ..\App\VoicePro.c                        0x00000000   Number         0  voicepro.o ABSOLUTE
    ..\App\main.c                            0x00000000   Number         0  main.o ABSOLUTE
    ..\Device\DeviceManger.c                 0x00000000   Number         0  devicemanger.o ABSOLUTE
    ..\Device\IPD_ZJM.c                      0x00000000   Number         0  ipd_zjm.o ABSOLUTE
    ..\Device\PekingPower.c                  0x00000000   Number         0  pekingpower.o ABSOLUTE
    ..\Hardware\CPU.c                        0x00000000   Number         0  cpu.o ABSOLUTE
    ..\Hardware\Can.c                        0x00000000   Number         0  can.o ABSOLUTE
    ..\Hardware\FmInit.c                     0x00000000   Number         0  fminit.o ABSOLUTE
    ..\Hardware\SD2068.c                     0x00000000   Number         0  sd2068.o ABSOLUTE
    ..\Hardware\Uart.c                       0x00000000   Number         0  uart.o ABSOLUTE
    ..\Hardware\W5500.C                      0x00000000   Number         0  w5500.o ABSOLUTE
    ..\Lib\startup_stm32f10x_hd.s            0x00000000   Number         0  startup_stm32f10x_hd.o ABSOLUTE
    ..\Lib\stm32f10x_lib.c                   0x00000000   Number         0  stm32f10x_lib.o ABSOLUTE
    ..\Lib\sys.c                             0x00000000   Number         0  sys.o ABSOLUTE
    ..\\Lib\\sys.c                           0x00000000   Number         0  sys.o ABSOLUTE
    dc.s                                     0x00000000   Number         0  dc.o ABSOLUTE
    RESET                                    0x08010000   Section      304  startup_stm32f10x_hd.o(RESET)
    !!!main                                  0x08010130   Section        8  __main.o(!!!main)
    !!!scatter                               0x08010138   Section       52  __scatter.o(!!!scatter)
    !!handler_copy                           0x0801016c   Section       26  __scatter_copy.o(!!handler_copy)
    !!handler_zi                             0x08010188   Section       28  __scatter_zi.o(!!handler_zi)
    .ARM.Collect$$libinit$$00000000          0x080101a4   Section        2  libinit.o(.ARM.Collect$$libinit$$00000000)
    .ARM.Collect$$libinit$$00000002          0x080101a6   Section        0  libinit2.o(.ARM.Collect$$libinit$$00000002)
    .ARM.Collect$$libinit$$00000004          0x080101a6   Section        0  libinit2.o(.ARM.Collect$$libinit$$00000004)
    .ARM.Collect$$libinit$$0000000A          0x080101a6   Section        0  libinit2.o(.ARM.Collect$$libinit$$0000000A)
    .ARM.Collect$$libinit$$0000000C          0x080101a6   Section        0  libinit2.o(.ARM.Collect$$libinit$$0000000C)
    .ARM.Collect$$libinit$$0000000E          0x080101a6   Section        0  libinit2.o(.ARM.Collect$$libinit$$0000000E)
    .ARM.Collect$$libinit$$00000011          0x080101a6   Section        0  libinit2.o(.ARM.Collect$$libinit$$00000011)
    .ARM.Collect$$libinit$$00000013          0x080101a6   Section        0  libinit2.o(.ARM.Collect$$libinit$$00000013)
    .ARM.Collect$$libinit$$00000015          0x080101a6   Section        0  libinit2.o(.ARM.Collect$$libinit$$00000015)
    .ARM.Collect$$libinit$$00000017          0x080101a6   Section        0  libinit2.o(.ARM.Collect$$libinit$$00000017)
    .ARM.Collect$$libinit$$00000019          0x080101a6   Section        0  libinit2.o(.ARM.Collect$$libinit$$00000019)
    .ARM.Collect$$libinit$$0000001B          0x080101a6   Section        0  libinit2.o(.ARM.Collect$$libinit$$0000001B)
    .ARM.Collect$$libinit$$0000001D          0x080101a6   Section        0  libinit2.o(.ARM.Collect$$libinit$$0000001D)
    .ARM.Collect$$libinit$$0000001F          0x080101a6   Section        0  libinit2.o(.ARM.Collect$$libinit$$0000001F)
    .ARM.Collect$$libinit$$00000021          0x080101a6   Section        0  libinit2.o(.ARM.Collect$$libinit$$00000021)
    .ARM.Collect$$libinit$$00000023          0x080101a6   Section        0  libinit2.o(.ARM.Collect$$libinit$$00000023)
    .ARM.Collect$$libinit$$00000025          0x080101a6   Section        0  libinit2.o(.ARM.Collect$$libinit$$00000025)
    .ARM.Collect$$libinit$$0000002C          0x080101a6   Section        0  libinit2.o(.ARM.Collect$$libinit$$0000002C)
    .ARM.Collect$$libinit$$0000002E          0x080101a6   Section        0  libinit2.o(.ARM.Collect$$libinit$$0000002E)
    .ARM.Collect$$libinit$$00000030          0x080101a6   Section        0  libinit2.o(.ARM.Collect$$libinit$$00000030)
    .ARM.Collect$$libinit$$00000032          0x080101a6   Section        0  libinit2.o(.ARM.Collect$$libinit$$00000032)
    .ARM.Collect$$libinit$$00000033          0x080101a6   Section        2  libinit2.o(.ARM.Collect$$libinit$$00000033)
    .ARM.Collect$$libshutdown$$00000000      0x080101a8   Section        2  libshutdown.o(.ARM.Collect$$libshutdown$$00000000)
    .ARM.Collect$$libshutdown$$00000002      0x080101aa   Section        0  libshutdown2.o(.ARM.Collect$$libshutdown$$00000002)
    .ARM.Collect$$libshutdown$$00000004      0x080101aa   Section        0  libshutdown2.o(.ARM.Collect$$libshutdown$$00000004)
    .ARM.Collect$$libshutdown$$00000007      0x080101aa   Section        0  libshutdown2.o(.ARM.Collect$$libshutdown$$00000007)
    .ARM.Collect$$libshutdown$$0000000A      0x080101aa   Section        0  libshutdown2.o(.ARM.Collect$$libshutdown$$0000000A)
    .ARM.Collect$$libshutdown$$0000000C      0x080101aa   Section        0  libshutdown2.o(.ARM.Collect$$libshutdown$$0000000C)
    .ARM.Collect$$libshutdown$$0000000F      0x080101aa   Section        0  libshutdown2.o(.ARM.Collect$$libshutdown$$0000000F)
    .ARM.Collect$$libshutdown$$00000010      0x080101aa   Section        2  libshutdown2.o(.ARM.Collect$$libshutdown$$00000010)
    .ARM.Collect$$rtentry$$00000000          0x080101ac   Section        0  __rtentry.o(.ARM.Collect$$rtentry$$00000000)
    .ARM.Collect$$rtentry$$00000002          0x080101ac   Section        0  __rtentry2.o(.ARM.Collect$$rtentry$$00000002)
    .ARM.Collect$$rtentry$$00000004          0x080101ac   Section        6  __rtentry4.o(.ARM.Collect$$rtentry$$00000004)
    .ARM.Collect$$rtentry$$00000009          0x080101b2   Section        0  __rtentry2.o(.ARM.Collect$$rtentry$$00000009)
    .ARM.Collect$$rtentry$$0000000A          0x080101b2   Section        4  __rtentry2.o(.ARM.Collect$$rtentry$$0000000A)
    .ARM.Collect$$rtentry$$0000000C          0x080101b6   Section        0  __rtentry2.o(.ARM.Collect$$rtentry$$0000000C)
    .ARM.Collect$$rtentry$$0000000D          0x080101b6   Section        8  __rtentry2.o(.ARM.Collect$$rtentry$$0000000D)
    .ARM.Collect$$rtexit$$00000000           0x080101be   Section        2  rtexit.o(.ARM.Collect$$rtexit$$00000000)
    .ARM.Collect$$rtexit$$00000002           0x080101c0   Section        0  rtexit2.o(.ARM.Collect$$rtexit$$00000002)
    .ARM.Collect$$rtexit$$00000003           0x080101c0   Section        4  rtexit2.o(.ARM.Collect$$rtexit$$00000003)
    .ARM.Collect$$rtexit$$00000004           0x080101c4   Section        6  rtexit2.o(.ARM.Collect$$rtexit$$00000004)
    .emb_text                                0x080101cc   Section        2  sys.o(.emb_text)
    .text                                    0x080101d0   Section        0  canpro.o(.text)
    .text                                    0x08012070   Section        0  config.o(.text)
    .text                                    0x08012c2c   Section        0  main.o(.text)
    .text                                    0x08012e00   Section        0  netpro.o(.text)
    .text                                    0x08014bdc   Section        0  public.o(.text)
    .text                                    0x08014d94   Section        0  voicepro.o(.text)
    .text                                    0x08015378   Section        0  udp.o(.text)
    .text                                    0x080153d0   Section        0  can.o(.text)
    .text                                    0x08015c5c   Section        0  cpu.o(.text)
    .text                                    0x08015ea4   Section        0  fminit.o(.text)
    .text                                    0x080162cc   Section        0  uart.o(.text)
    .text                                    0x080165b8   Section        0  w5500.o(.text)
    .text                                    0x08016e20   Section        0  sd2068.o(.text)
    .text                                    0x080172e8   Section        0  ipd_zjm.o(.text)
    .text                                    0x080174fc   Section        0  pekingpower.o(.text)
    .text                                    0x08017768   Section        0  devicemanger.o(.text)
    .text                                    0x080177a8   Section        0  sys.o(.text)
    .text                                    0x08017a7c   Section       56  startup_stm32f10x_hd.o(.text)
    .text                                    0x08017ab4   Section       78  rt_memclr_w.o(.text)
    .text                                    0x08017b02   Section        0  heapauxi.o(.text)
    .text                                    0x08017b08   Section       74  sys_stackheap_outer.o(.text)
    .text                                    0x08017b52   Section        0  exit.o(.text)
    .text                                    0x08017b64   Section        8  libspace.o(.text)
    .text                                    0x08017b6c   Section        0  sys_exit.o(.text)
    .text                                    0x08017b78   Section        2  use_no_semi.o(.text)
    .text                                    0x08017b7a   Section        0  indicate_semi.o(.text)
    x$fpl$fadd                               0x08017b7c   Section      196  faddsub_clz.o(x$fpl$fadd)
    _fadd1                                   0x08017b8b   Thumb Code     0  faddsub_clz.o(x$fpl$fadd)
    x$fpl$fdiv                               0x08017c40   Section      388  fdiv.o(x$fpl$fdiv)
    _fdiv1                                   0x08017c41   Thumb Code     0  fdiv.o(x$fpl$fdiv)
    x$fpl$ffixu                              0x08017dc4   Section       62  ffixu.o(x$fpl$ffixu)
    x$fpl$ffltu                              0x08017e04   Section       38  fflt_clz.o(x$fpl$ffltu)
    x$fpl$fmul                               0x08017e2c   Section      258  fmul.o(x$fpl$fmul)
    x$fpl$fnaninf                            0x08017f2e   Section      140  fnaninf.o(x$fpl$fnaninf)
    x$fpl$fretinf                            0x08017fba   Section       10  fretinf.o(x$fpl$fretinf)
    x$fpl$frsb                               0x08017fc4   Section       20  faddsub_clz.o(x$fpl$frsb)
    x$fpl$fsub                               0x08017fd8   Section      234  faddsub_clz.o(x$fpl$fsub)
    _fsub1                                   0x08017fe7   Thumb Code     0  faddsub_clz.o(x$fpl$fsub)
    x$fpl$usenofp                            0x080180c2   Section        0  usenofp.o(x$fpl$usenofp)
    .data                                    0x20000000   Section        6  canpro.o(.data)
    .data                                    0x20000006   Section        8  main.o(.data)
    .data                                    0x2000000e   Section        6  public.o(.data)
    .data                                    0x20000014   Section        2  voicepro.o(.data)
    .data                                    0x20000016   Section        1  cpu.o(.data)
    .bss                                     0x20000018   Section     1284  canpro.o(.bss)
    .bss                                     0x2000051c   Section     2346  config.o(.bss)
    .bss                                     0x20000e46   Section     1410  netpro.o(.bss)
    .bss                                     0x200013c8   Section       32  public.o(.bss)
    .bss                                     0x200013e8   Section    21038  voicepro.o(.bss)
    .bss                                     0x20006616   Section     1546  w5500.o(.bss)
    .bss                                     0x20006c20   Section       16  sd2068.o(.bss)
    .bss                                     0x20006c30   Section      580  ipd_zjm.o(.bss)
    .bss                                     0x20006e74   Section      820  pekingpower.o(.bss)
    .bss                                     0x200071a8   Section       28  devicemanger.o(.bss)
    .bss                                     0x200071c4   Section       96  libspace.o(.bss)
    HEAP                                     0x20007228   Section      512  startup_stm32f10x_hd.o(HEAP)
    Heap_Mem                                 0x20007228   Data         512  startup_stm32f10x_hd.o(HEAP)
    STACK                                    0x20007428   Section     1024  startup_stm32f10x_hd.o(STACK)
    Stack_Mem                                0x20007428   Data        1024  startup_stm32f10x_hd.o(STACK)
    __initial_sp                             0x20007828   Data           0  startup_stm32f10x_hd.o(STACK)

    Global Symbols

    Symbol Name                              Value     Ov Type        Size  Object(Section)

    BuildAttributes$$THM_ISAv4$P$D$K$B$S$PE$A:L22UL41UL21$X:L11$S22US41US21$IEEE1$IW$USESV6$~STKCKD$USESV7$~SHL$OSPACE$ROPI$EBA8$UX$STANDARDLIB$REQ8$PRES8$EABIv2 0x00000000   Number         0  anon$$obj.o ABSOLUTE
    __ARM_use_no_argv                        0x00000000   Number         0  main.o ABSOLUTE
    __ARM_exceptions_init                     - Undefined Weak Reference
    __alloca_initialize                       - Undefined Weak Reference
    __arm_preinit_                            - Undefined Weak Reference
    __cpp_initialize__aeabi_                  - Undefined Weak Reference
    __cxa_finalize                            - Undefined Weak Reference
    __rt_locale                               - Undefined Weak Reference
    __sigvec_lookup                           - Undefined Weak Reference
    _atexit_init                              - Undefined Weak Reference
    _call_atexit_fns                          - Undefined Weak Reference
    _clock_init                               - Undefined Weak Reference
    _fp_trap_init                             - Undefined Weak Reference
    _fp_trap_shutdown                         - Undefined Weak Reference
    _get_lc_collate                           - Undefined Weak Reference
    _get_lc_ctype                             - Undefined Weak Reference
    _get_lc_monetary                          - Undefined Weak Reference
    _get_lc_numeric                           - Undefined Weak Reference
    _get_lc_time                              - Undefined Weak Reference
    _getenv_init                              - Undefined Weak Reference
    _handle_redirection                       - Undefined Weak Reference
    _init_alloc                               - Undefined Weak Reference
    _init_user_alloc                          - Undefined Weak Reference
    _initio                                   - Undefined Weak Reference
    _rand_init                                - Undefined Weak Reference
    _signal_finish                            - Undefined Weak Reference
    _signal_init                              - Undefined Weak Reference
    _terminate_alloc                          - Undefined Weak Reference
    _terminate_user_alloc                     - Undefined Weak Reference
    _terminateio                              - Undefined Weak Reference
    __Vectors_Size                           0x00000130   Number         0  startup_stm32f10x_hd.o ABSOLUTE
    __Vectors                                0x08010000   Data           4  startup_stm32f10x_hd.o(RESET)
    __Vectors_End                            0x08010130   Data           0  startup_stm32f10x_hd.o(RESET)
    __main                                   0x08010131   Thumb Code     8  __main.o(!!!main)
    __scatterload                            0x08010139   Thumb Code     0  __scatter.o(!!!scatter)
    __scatterload_rt2                        0x08010139   Thumb Code    44  __scatter.o(!!!scatter)
    __scatterload_rt2_thumb_only             0x08010139   Thumb Code     0  __scatter.o(!!!scatter)
    __scatterload_null                       0x08010147   Thumb Code     0  __scatter.o(!!!scatter)
    __scatterload_copy                       0x0801016d   Thumb Code    26  __scatter_copy.o(!!handler_copy)
    __scatterload_zeroinit                   0x08010189   Thumb Code    28  __scatter_zi.o(!!handler_zi)
    __rt_lib_init                            0x080101a5   Thumb Code     0  libinit.o(.ARM.Collect$$libinit$$00000000)
    __rt_lib_init_alloca_1                   0x080101a7   Thumb Code     0  libinit2.o(.ARM.Collect$$libinit$$0000002E)
    __rt_lib_init_argv_1                     0x080101a7   Thumb Code     0  libinit2.o(.ARM.Collect$$libinit$$0000002C)
    __rt_lib_init_atexit_1                   0x080101a7   Thumb Code     0  libinit2.o(.ARM.Collect$$libinit$$0000001B)
    __rt_lib_init_clock_1                    0x080101a7   Thumb Code     0  libinit2.o(.ARM.Collect$$libinit$$00000021)
    __rt_lib_init_cpp_1                      0x080101a7   Thumb Code     0  libinit2.o(.ARM.Collect$$libinit$$00000032)
    __rt_lib_init_exceptions_1               0x080101a7   Thumb Code     0  libinit2.o(.ARM.Collect$$libinit$$00000030)
    __rt_lib_init_fp_1                       0x080101a7   Thumb Code     0  libinit2.o(.ARM.Collect$$libinit$$00000002)
    __rt_lib_init_fp_trap_1                  0x080101a7   Thumb Code     0  libinit2.o(.ARM.Collect$$libinit$$0000001F)
    __rt_lib_init_getenv_1                   0x080101a7   Thumb Code     0  libinit2.o(.ARM.Collect$$libinit$$00000023)
    __rt_lib_init_heap_1                     0x080101a7   Thumb Code     0  libinit2.o(.ARM.Collect$$libinit$$0000000A)
    __rt_lib_init_lc_collate_1               0x080101a7   Thumb Code     0  libinit2.o(.ARM.Collect$$libinit$$00000011)
    __rt_lib_init_lc_ctype_1                 0x080101a7   Thumb Code     0  libinit2.o(.ARM.Collect$$libinit$$00000013)
    __rt_lib_init_lc_monetary_1              0x080101a7   Thumb Code     0  libinit2.o(.ARM.Collect$$libinit$$00000015)
    __rt_lib_init_lc_numeric_1               0x080101a7   Thumb Code     0  libinit2.o(.ARM.Collect$$libinit$$00000017)
    __rt_lib_init_lc_time_1                  0x080101a7   Thumb Code     0  libinit2.o(.ARM.Collect$$libinit$$00000019)
    __rt_lib_init_preinit_1                  0x080101a7   Thumb Code     0  libinit2.o(.ARM.Collect$$libinit$$00000004)
    __rt_lib_init_rand_1                     0x080101a7   Thumb Code     0  libinit2.o(.ARM.Collect$$libinit$$0000000E)
    __rt_lib_init_return                     0x080101a7   Thumb Code     0  libinit2.o(.ARM.Collect$$libinit$$00000033)
    __rt_lib_init_signal_1                   0x080101a7   Thumb Code     0  libinit2.o(.ARM.Collect$$libinit$$0000001D)
    __rt_lib_init_stdio_1                    0x080101a7   Thumb Code     0  libinit2.o(.ARM.Collect$$libinit$$00000025)
    __rt_lib_init_user_alloc_1               0x080101a7   Thumb Code     0  libinit2.o(.ARM.Collect$$libinit$$0000000C)
    __rt_lib_shutdown                        0x080101a9   Thumb Code     0  libshutdown.o(.ARM.Collect$$libshutdown$$00000000)
    __rt_lib_shutdown_cpp_1                  0x080101ab   Thumb Code     0  libshutdown2.o(.ARM.Collect$$libshutdown$$00000002)
    __rt_lib_shutdown_fp_trap_1              0x080101ab   Thumb Code     0  libshutdown2.o(.ARM.Collect$$libshutdown$$00000007)
    __rt_lib_shutdown_heap_1                 0x080101ab   Thumb Code     0  libshutdown2.o(.ARM.Collect$$libshutdown$$0000000F)
    __rt_lib_shutdown_return                 0x080101ab   Thumb Code     0  libshutdown2.o(.ARM.Collect$$libshutdown$$00000010)
    __rt_lib_shutdown_signal_1               0x080101ab   Thumb Code     0  libshutdown2.o(.ARM.Collect$$libshutdown$$0000000A)
    __rt_lib_shutdown_stdio_1                0x080101ab   Thumb Code     0  libshutdown2.o(.ARM.Collect$$libshutdown$$00000004)
    __rt_lib_shutdown_user_alloc_1           0x080101ab   Thumb Code     0  libshutdown2.o(.ARM.Collect$$libshutdown$$0000000C)
    __rt_entry                               0x080101ad   Thumb Code     0  __rtentry.o(.ARM.Collect$$rtentry$$00000000)
    __rt_entry_presh_1                       0x080101ad   Thumb Code     0  __rtentry2.o(.ARM.Collect$$rtentry$$00000002)
    __rt_entry_sh                            0x080101ad   Thumb Code     0  __rtentry4.o(.ARM.Collect$$rtentry$$00000004)
    __rt_entry_li                            0x080101b3   Thumb Code     0  __rtentry2.o(.ARM.Collect$$rtentry$$0000000A)
    __rt_entry_postsh_1                      0x080101b3   Thumb Code     0  __rtentry2.o(.ARM.Collect$$rtentry$$00000009)
    __rt_entry_main                          0x080101b7   Thumb Code     0  __rtentry2.o(.ARM.Collect$$rtentry$$0000000D)
    __rt_entry_postli_1                      0x080101b7   Thumb Code     0  __rtentry2.o(.ARM.Collect$$rtentry$$0000000C)
    __rt_exit                                0x080101bf   Thumb Code     0  rtexit.o(.ARM.Collect$$rtexit$$00000000)
    __rt_exit_ls                             0x080101c1   Thumb Code     0  rtexit2.o(.ARM.Collect$$rtexit$$00000003)
    __rt_exit_prels_1                        0x080101c1   Thumb Code     0  rtexit2.o(.ARM.Collect$$rtexit$$00000002)
    __rt_exit_exit                           0x080101c5   Thumb Code     0  rtexit2.o(.ARM.Collect$$rtexit$$00000004)
    WFI_SET                                  0x080101cd   Thumb Code     2  sys.o(.emb_text)
    CheckTriggerBus                          0x080101d1   Thumb Code   364  canpro.o(.text)
    CheckLianDongInfo                        0x0801033d   Thumb Code    74  canpro.o(.text)
    CheckLianDongInfo_Switch                 0x08010387   Thumb Code   144  canpro.o(.text)
    CheckPowerIndex                          0x08010417   Thumb Code    38  canpro.o(.text)
    FilterPowerAddr                          0x0801043d   Thumb Code    90  canpro.o(.text)
    MakeCanBusStatus                         0x08010497   Thumb Code    44  canpro.o(.text)
    CanBusBelong                             0x080104c3   Thumb Code    48  canpro.o(.text)
    CheckCanTxBufMcp2515                     0x080104f3   Thumb Code    68  canpro.o(.text)
    SendDataCAN23                            0x08010537   Thumb Code   190  canpro.o(.text)
    CheckCanTxBuf                            0x080105f5   Thumb Code    34  canpro.o(.text)
    SendDataCAN1                             0x08010617   Thumb Code   130  canpro.o(.text)
    CanSendData                              0x08010699   Thumb Code    60  canpro.o(.text)
    IpdControlDeal                           0x080106d5   Thumb Code   336  canpro.o(.text)
    MakeFramID                               0x08010825   Thumb Code    18  canpro.o(.text)
    NetInfoToCanOrRs485                      0x08010837   Thumb Code   120  canpro.o(.text)
    TimeChange                               0x080108af   Thumb Code    60  canpro.o(.text)
    WriteSensorRecord                        0x080108eb   Thumb Code   532  canpro.o(.text)
    MakeSensorCanData                        0x08010aff   Thumb Code   434  canpro.o(.text)
    SendCanToOtherBus                        0x08010cb1   Thumb Code   132  canpro.o(.text)
    MakeMASWirelessSensor                    0x08010d35   Thumb Code   422  canpro.o(.text)
    AckFunc                                  0x08010edb   Thumb Code    38  canpro.o(.text)
    CheckCrc                                 0x08010f01   Thumb Code   244  canpro.o(.text)
    SyncTime                                 0x08010ff5   Thumb Code   106  canpro.o(.text)
    CheckTime                                0x0801105f   Thumb Code   116  canpro.o(.text)
    WritePowerRecord                         0x080110d3   Thumb Code   106  canpro.o(.text)
    HandleCanData                            0x0801113d   Thumb Code  2120  canpro.o(.text)
    CanMcp2515RecFunc                        0x08011985   Thumb Code   450  canpro.o(.text)
    CanPro                                   0x08011b47   Thumb Code   120  canpro.o(.text)
    CanSendInitInfo                          0x08011bbf   Thumb Code   418  canpro.o(.text)
    MakeLianDongBuf                          0x08011d61   Thumb Code    90  canpro.o(.text)
    SendLianDong                             0x08011dbb   Thumb Code   578  canpro.o(.text)
    CheckWorn                                0x08011ffd   Thumb Code    52  canpro.o(.text)
    ShiftTimeDiff                            0x08012031   Thumb Code    34  canpro.o(.text)
    WriteConfig                              0x08012071   Thumb Code    50  config.o(.text)
    ConfigCheck                              0x080120a3   Thumb Code    34  config.o(.text)
    ReadFactoryTime                          0x080120c5   Thumb Code    26  config.o(.text)
    ReadDefaultAddr                          0x080120df   Thumb Code     8  config.o(.text)
    ReadDefaultIpAddr                        0x080120e7   Thumb Code    90  config.o(.text)
    ReadDefaultGateWayIp                     0x08012141   Thumb Code    68  config.o(.text)
    ReadDefaultUdp                           0x08012185   Thumb Code   108  config.o(.text)
    ReadDefaultMAC                           0x080121f1   Thumb Code   120  config.o(.text)
    ReadDefaultResetTimes                    0x08012269   Thumb Code    36  config.o(.text)
    ReadDefaultReadPtr                       0x0801228d   Thumb Code    62  config.o(.text)
    ReadDefaultWritePtr                      0x080122cb   Thumb Code    62  config.o(.text)
    ReadDefaultFilterTime                    0x08012309   Thumb Code    60  config.o(.text)
    UpdateFilterTime                         0x08012345   Thumb Code    28  config.o(.text)
    ReadDefaultCrcCnt                        0x08012361   Thumb Code    30  config.o(.text)
    UpdateRptr                               0x0801237f   Thumb Code    28  config.o(.text)
    UpdateWptr                               0x0801239b   Thumb Code    28  config.o(.text)
    ReadDefaultInitLen                       0x080123b7   Thumb Code    60  config.o(.text)
    ReadDefaultInitCrc                       0x080123f3   Thumb Code    60  config.o(.text)
    UpdatePowerInfo                          0x0801242f   Thumb Code    36  config.o(.text)
    UpdateDeviceInfo                         0x08012453   Thumb Code   414  config.o(.text)
    CalDeviceCrc                             0x080125f1   Thumb Code   768  config.o(.text)
    ReadDeviceDefine                         0x080128f1   Thumb Code   138  config.o(.text)
    ReadDefaultInit                          0x0801297b   Thumb Code   106  config.o(.text)
    ReadDefaultConfig                        0x080129e5   Thumb Code    70  config.o(.text)
    ReadInitInfo                             0x08012a2b   Thumb Code   440  config.o(.text)
    ReadRecord                               0x08012be3   Thumb Code    52  config.o(.text)
    FlashRunLed                              0x08012c2d   Thumb Code    72  main.o(.text)
    main                                     0x08012c75   Thumb Code   360  main.o(.text)
    MakeFrameHeader                          0x08012e01   Thumb Code    52  netpro.o(.text)
    AnswerWrongAck                           0x08012e35   Thumb Code   110  netpro.o(.text)
    AnswerCycleSec                           0x08012ea3   Thumb Code   402  netpro.o(.text)
    AnswerAck                                0x08013035   Thumb Code   110  netpro.o(.text)
    AnswerErrorBitsInfo                      0x080130a3   Thumb Code   170  netpro.o(.text)
    AnswerGetIPDInfo                         0x0801314d   Thumb Code   226  netpro.o(.text)
    AnswerForBootLoader                      0x0801322f   Thumb Code    60  netpro.o(.text)
    AnswerGetPkPowerInfo                     0x0801326b   Thumb Code   176  netpro.o(.text)
    AnswerSetDebugSocket                     0x0801331b   Thumb Code    22  netpro.o(.text)
    AnswerExcuteList                         0x08013331   Thumb Code   238  netpro.o(.text)
    AnswerPowerInfo                          0x0801341f   Thumb Code   320  netpro.o(.text)
    AnawerSetUdp                             0x0801355f   Thumb Code   118  netpro.o(.text)
    AnswerReseetNet                          0x080135d5   Thumb Code     8  netpro.o(.text)
    AnswerSetBiaoJiao                        0x080135dd   Thumb Code    68  netpro.o(.text)
    AnswerCheckNetFilterTime                 0x08013621   Thumb Code   138  netpro.o(.text)
    AnswerSetNetFilterTime                   0x080136ab   Thumb Code    58  netpro.o(.text)
    AnswerCheckMac                           0x080136e5   Thumb Code   136  netpro.o(.text)
    AnswerSetMac                             0x0801376d   Thumb Code    40  netpro.o(.text)
    AnswerCleanRWptr                         0x08013795   Thumb Code    30  netpro.o(.text)
    AnswerFactoryTime                        0x080137b3   Thumb Code   174  netpro.o(.text)
    AnswerSetTime                            0x08013861   Thumb Code    94  netpro.o(.text)
    AnswerSetResetTimes                      0x080138bf   Thumb Code    26  netpro.o(.text)
    AnswerSetIp                              0x080138d9   Thumb Code    92  netpro.o(.text)
    AnswerSoftVerb                           0x08013935   Thumb Code   120  netpro.o(.text)
    AnswerBasePara                           0x080139ad   Thumb Code   240  netpro.o(.text)
    AnswerIpAddr                             0x08013a9d   Thumb Code   282  netpro.o(.text)
    AnswerCrcInfo                            0x08013bb7   Thumb Code   210  netpro.o(.text)
    AnswerResetCrcFail                       0x08013c89   Thumb Code    32  netpro.o(.text)
    AnswerCrcFail                            0x08013ca9   Thumb Code   210  netpro.o(.text)
    AnswerCleanCrcCntInfo                    0x08013d7b   Thumb Code    22  netpro.o(.text)
    AnswerCheckCrcCntInfo                    0x08013d91   Thumb Code   122  netpro.o(.text)
    AnswerUnRegisterInfo                     0x08013e0b   Thumb Code   228  netpro.o(.text)
    CalPtrLen                                0x08013eef   Thumb Code   116  netpro.o(.text)
    AnswerCurInfo                            0x08013f63   Thumb Code   938  netpro.o(.text)
    CheckRecBuf                              0x0801430d   Thumb Code    88  netpro.o(.text)
    HandleCmd                                0x08014365   Thumb Code   764  netpro.o(.text)
    HandleTcpData                            0x08014661   Thumb Code   184  netpro.o(.text)
    NetIntProcess                            0x08014719   Thumb Code   450  netpro.o(.text)
    NetPro                                   0x080148db   Thumb Code   264  netpro.o(.text)
    CanInfoToNet                             0x080149e3   Thumb Code   182  netpro.o(.text)
    SendDebugData                            0x08014a99   Thumb Code   310  netpro.o(.text)
    delay_us                                 0x08014bdd   Thumb Code    24  public.o(.text)
    MsTickDiff                               0x08014bf5   Thumb Code    36  public.o(.text)
    SecTickDiff                              0x08014c19   Thumb Code    36  public.o(.text)
    CRC16                                    0x08014c3d   Thumb Code    72  public.o(.text)
    CalCrc16                                 0x08014c85   Thumb Code    54  public.o(.text)
    CRC16Check                               0x08014cbb   Thumb Code    60  public.o(.text)
    SumAll                                   0x08014cf7   Thumb Code    28  public.o(.text)
    SumCheck                                 0x08014d13   Thumb Code    34  public.o(.text)
    BufCopy                                  0x08014d35   Thumb Code    26  public.o(.text)
    BufClear                                 0x08014d4f   Thumb Code    24  public.o(.text)
    MakeFeimoCanId                           0x08014d67   Thumb Code    34  public.o(.text)
    Compare                                  0x08014d95   Thumb Code    24  voicepro.o(.text)
    VoicePro                                 0x08014dad   Thumb Code   626  voicepro.o(.text)
    Send485DataFromDMA                       0x0801501f   Thumb Code    78  voicepro.o(.text)
    CheckCycleIndex                          0x0801506d   Thumb Code    98  voicepro.o(.text)
    Make485FramHeader                        0x080150cf   Thumb Code    22  voicepro.o(.text)
    MakeCycleBuf                             0x080150e5   Thumb Code   106  voicepro.o(.text)
    HandleRs485Data                          0x0801514f   Thumb Code   194  voicepro.o(.text)
    Rs485Pro                                 0x08015211   Thumb Code   340  voicepro.o(.text)
    Socket_Udp                               0x08015379   Thumb Code    84  udp.o(.text)
    CanBaudValue                             0x080153d1   Thumb Code    42  can.o(.text)
    CAN_IO_Init                              0x080153fb   Thumb Code    46  can.o(.text)
    CanRegisterConfig                        0x08015429   Thumb Code   310  can.o(.text)
    USB_LP_CAN1_RX0_IRQHandler               0x0801555f   Thumb Code     8  can.o(.text)
    CanIdSwitch                              0x08015567   Thumb Code    50  can.o(.text)
    Can1RecvFunc                             0x08015599   Thumb Code   588  can.o(.text)
    Can1Init                                 0x080157e5   Thumb Code    12  can.o(.text)
    SET_CS                                   0x080157f1   Thumb Code    42  can.o(.text)
    CLR_SCLK                                 0x0801581b   Thumb Code    42  can.o(.text)
    GetMISO                                  0x08015845   Thumb Code    38  can.o(.text)
    SET_SCLK                                 0x0801586b   Thumb Code    42  can.o(.text)
    CLR_MOSI                                 0x08015895   Thumb Code    42  can.o(.text)
    SET_MOSI                                 0x080158bf   Thumb Code    42  can.o(.text)
    SendByteCan                              0x080158e9   Thumb Code    82  can.o(.text)
    CLR_CS                                   0x0801593b   Thumb Code    42  can.o(.text)
    WriteRegCan                              0x08015965   Thumb Code    46  can.o(.text)
    MCP2515Reset                             0x08015993   Thumb Code    26  can.o(.text)
    Mcp2515Init                              0x080159ad   Thumb Code   218  can.o(.text)
    Can2Init                                 0x08015a87   Thumb Code    92  can.o(.text)
    Can3Init                                 0x08015ae3   Thumb Code    74  can.o(.text)
    WriteBurstRegCan                         0x08015b2d   Thumb Code    64  can.o(.text)
    ReadRegCan                               0x08015b6d   Thumb Code    48  can.o(.text)
    ReadBurstRegCan                          0x08015b9d   Thumb Code    96  can.o(.text)
    ModifyReg                                0x08015bfd   Thumb Code    56  can.o(.text)
    ReadStatus                               0x08015c35   Thumb Code    38  can.o(.text)
    ClockInit                                0x08015c5d   Thumb Code    10  cpu.o(.text)
    LedIoInit                                0x08015c67   Thumb Code    36  cpu.o(.text)
    Timer4Init                               0x08015c8b   Thumb Code    82  cpu.o(.text)
    Timer2Init                               0x08015cdd   Thumb Code    58  cpu.o(.text)
    Timer3Init                               0x08015d17   Thumb Code    82  cpu.o(.text)
    CpuInit                                  0x08015d69   Thumb Code    70  cpu.o(.text)
    IWDG_Init                                0x08015daf   Thumb Code    28  cpu.o(.text)
    IWDG_Feed                                0x08015dcb   Thumb Code    10  cpu.o(.text)
    TIM3_IRQHandler                          0x08015dd5   Thumb Code    40  cpu.o(.text)
    TIM4_IRQHandler                          0x08015dfd   Thumb Code    40  cpu.o(.text)
    TIM2_IRQHandler                          0x08015e25   Thumb Code    88  cpu.o(.text)
    FmInit                                   0x08015ea5   Thumb Code    76  fminit.o(.text)
    FramStart                                0x08015ef1   Thumb Code   114  fminit.o(.text)
    FramStop                                 0x08015f63   Thumb Code   120  fminit.o(.text)
    FramAck                                  0x08015fdb   Thumb Code   120  fminit.o(.text)
    FramNAck                                 0x08016053   Thumb Code   114  fminit.o(.text)
    FramSendByte                             0x080160c5   Thumb Code   154  fminit.o(.text)
    FramReadByte                             0x0801615f   Thumb Code   126  fminit.o(.text)
    FramWriteBurstByte                       0x080161dd   Thumb Code    98  fminit.o(.text)
    FramReadBurstByte                        0x0801623f   Thumb Code   136  fminit.o(.text)
    UartInit                                 0x080162cd   Thumb Code   240  uart.o(.text)
    Dma1Init                                 0x080163bd   Thumb Code   138  uart.o(.text)
    Dma2Init                                 0x08016447   Thumb Code   108  uart.o(.text)
    DMA1_Channel5_IRQHandler                 0x080164b3   Thumb Code   124  uart.o(.text)
    DMA1_Channel4_IRQHandler                 0x0801652f   Thumb Code    20  uart.o(.text)
    USART1_IRQHandler                        0x08016543   Thumb Code    80  uart.o(.text)
    W5500Reset                               0x080165b9   Thumb Code    44  w5500.o(.text)
    W5500IoInit                              0x080165e5   Thumb Code   186  w5500.o(.text)
    SendByte                                 0x0801669f   Thumb Code    50  w5500.o(.text)
    WriteSocket1Byte                         0x080166d1   Thumb Code    74  w5500.o(.text)
    WriteReg1Byte                            0x0801671b   Thumb Code    64  w5500.o(.text)
    WriteReg2Byte                            0x0801675b   Thumb Code    70  w5500.o(.text)
    WriteBurstReg                            0x080167a1   Thumb Code    78  w5500.o(.text)
    LoadNetParameters                        0x080167ef   Thumb Code   190  w5500.o(.text)
    DetectGateway                            0x080168ad   Thumb Code    80  w5500.o(.text)
    ReadSocket1Byte                          0x080168fd   Thumb Code    74  w5500.o(.text)
    WriteSocket2Byte                         0x08016947   Thumb Code   110  w5500.o(.text)
    Socket_Lisen                             0x080169b5   Thumb Code    96  w5500.o(.text)
    Socket_Connect                           0x08016a15   Thumb Code    80  w5500.o(.text)
    ReadSocket2Byte                          0x08016a65   Thumb Code    84  w5500.o(.text)
    WriteSocket4Byte                         0x08016ab9   Thumb Code    80  w5500.o(.text)
    SendSocketData                           0x08016b09   Thumb Code   262  w5500.o(.text)
    ReadSocketData                           0x08016c0f   Thumb Code   258  w5500.o(.text)
    W5500Init                                0x08016d11   Thumb Code    12  w5500.o(.text)
    ReadReg1Byte                             0x08016d1d   Thumb Code    58  w5500.o(.text)
    ReadReg2Byte                             0x08016d57   Thumb Code    76  w5500.o(.text)
    ReadBurstReg                             0x08016da3   Thumb Code    84  w5500.o(.text)
    EXTI9_5_IRQHandler                       0x08016df7   Thumb Code    24  w5500.o(.text)
    SD2068Init                               0x08016e21   Thumb Code    36  sd2068.o(.text)
    TIM_Start                                0x08016e45   Thumb Code    96  sd2068.o(.text)
    TIM_Stop                                 0x08016ea5   Thumb Code    90  sd2068.o(.text)
    TIM_Wait_ACK                             0x08016eff   Thumb Code    94  sd2068.o(.text)
    TIM_Ack                                  0x08016f5d   Thumb Code   102  sd2068.o(.text)
    TIM_NAck                                 0x08016fc3   Thumb Code   102  sd2068.o(.text)
    TIM_Send_Byte                            0x08017029   Thumb Code   150  sd2068.o(.text)
    TIM_Read_Byte                            0x080170bf   Thumb Code   120  sd2068.o(.text)
    ReadTime                                 0x08017137   Thumb Code   152  sd2068.o(.text)
    WriteOn                                  0x080171cf   Thumb Code    96  sd2068.o(.text)
    WriteOff                                 0x0801722f   Thumb Code    52  sd2068.o(.text)
    WriteTime                                0x08017263   Thumb Code   128  sd2068.o(.text)
    CheckIPDIndex                            0x080172e9   Thumb Code    40  ipd_zjm.o(.text)
    FilterIPDAddr                            0x08017311   Thumb Code    94  ipd_zjm.o(.text)
    WriteIPDRecord                           0x0801736f   Thumb Code   120  ipd_zjm.o(.text)
    TimeSwitch                               0x080173e7   Thumb Code    36  ipd_zjm.o(.text)
    ReadIPDRecord                            0x0801740b   Thumb Code   116  ipd_zjm.o(.text)
    ReadDetailIPDRecord                      0x0801747f   Thumb Code    70  ipd_zjm.o(.text)
    ReadAllSetValue                          0x080174c5   Thumb Code    48  ipd_zjm.o(.text)
    CheckPkPowerIndex                        0x080174fd   Thumb Code    38  pekingpower.o(.text)
    FilterPkPowerAddr                        0x08017523   Thumb Code    90  pekingpower.o(.text)
    WritePkPowerRecord                       0x0801757d   Thumb Code   316  pekingpower.o(.text)
    ReadAllPekingPowerRecord                 0x080176b9   Thumb Code    92  pekingpower.o(.text)
    ReadPekingPowerRecord                    0x08017715   Thumb Code    76  pekingpower.o(.text)
    DeviceMangerInit                         0x08017769   Thumb Code    32  devicemanger.o(.text)
    MY_NVIC_SetVectorTable                   0x080177a9   Thumb Code    12  sys.o(.text)
    MY_NVIC_PriorityGroupConfig              0x080177b5   Thumb Code    36  sys.o(.text)
    MY_NVIC_Init                             0x080177d9   Thumb Code   144  sys.o(.text)
    Ex_NVIC_Config                           0x08017869   Thumb Code   146  sys.o(.text)
    MYRCC_DeInit                             0x080178fb   Thumb Code    90  sys.o(.text)
    Sys_Standby                              0x08017955   Thumb Code    68  sys.o(.text)
    Sys_Soft_Reset                           0x08017999   Thumb Code    12  sys.o(.text)
    JTAG_Set                                 0x080179a5   Thumb Code    42  sys.o(.text)
    Stm32_Clock_Init                         0x080179cf   Thumb Code   126  sys.o(.text)
    Reset_Handler                            0x08017a7d   Thumb Code     4  startup_stm32f10x_hd.o(.text)
    NMI_Handler                              0x08017a81   Thumb Code     2  startup_stm32f10x_hd.o(.text)
    HardFault_Handler                        0x08017a83   Thumb Code     2  startup_stm32f10x_hd.o(.text)
    MemManage_Handler                        0x08017a85   Thumb Code     2  startup_stm32f10x_hd.o(.text)
    BusFault_Handler                         0x08017a87   Thumb Code     2  startup_stm32f10x_hd.o(.text)
    UsageFault_Handler                       0x08017a89   Thumb Code     2  startup_stm32f10x_hd.o(.text)
    SVC_Handler                              0x08017a8b   Thumb Code     2  startup_stm32f10x_hd.o(.text)
    DebugMon_Handler                         0x08017a8d   Thumb Code     2  startup_stm32f10x_hd.o(.text)
    PendSV_Handler                           0x08017a8f   Thumb Code     2  startup_stm32f10x_hd.o(.text)
    SysTick_Handler                          0x08017a91   Thumb Code     2  startup_stm32f10x_hd.o(.text)
    ADC1_2_IRQHandler                        0x08017a93   Thumb Code     0  startup_stm32f10x_hd.o(.text)
    ADC3_IRQHandler                          0x08017a93   Thumb Code     0  startup_stm32f10x_hd.o(.text)
    CAN1_RX1_IRQHandler                      0x08017a93   Thumb Code     0  startup_stm32f10x_hd.o(.text)
    CAN1_SCE_IRQHandler                      0x08017a93   Thumb Code     0  startup_stm32f10x_hd.o(.text)
    DMA1_Channel1_IRQHandler                 0x08017a93   Thumb Code     0  startup_stm32f10x_hd.o(.text)
    DMA1_Channel2_IRQHandler                 0x08017a93   Thumb Code     0  startup_stm32f10x_hd.o(.text)
    DMA1_Channel3_IRQHandler                 0x08017a93   Thumb Code     0  startup_stm32f10x_hd.o(.text)
    DMA1_Channel6_IRQHandler                 0x08017a93   Thumb Code     0  startup_stm32f10x_hd.o(.text)
    DMA1_Channel7_IRQHandler                 0x08017a93   Thumb Code     0  startup_stm32f10x_hd.o(.text)
    DMA2_Channel1_IRQHandler                 0x08017a93   Thumb Code     0  startup_stm32f10x_hd.o(.text)
    DMA2_Channel2_IRQHandler                 0x08017a93   Thumb Code     0  startup_stm32f10x_hd.o(.text)
    DMA2_Channel3_IRQHandler                 0x08017a93   Thumb Code     0  startup_stm32f10x_hd.o(.text)
    DMA2_Channel4_5_IRQHandler               0x08017a93   Thumb Code     0  startup_stm32f10x_hd.o(.text)
    EXTI0_IRQHandler                         0x08017a93   Thumb Code     0  startup_stm32f10x_hd.o(.text)
    EXTI15_10_IRQHandler                     0x08017a93   Thumb Code     0  startup_stm32f10x_hd.o(.text)
    EXTI1_IRQHandler                         0x08017a93   Thumb Code     0  startup_stm32f10x_hd.o(.text)
    EXTI2_IRQHandler                         0x08017a93   Thumb Code     0  startup_stm32f10x_hd.o(.text)
    EXTI3_IRQHandler                         0x08017a93   Thumb Code     0  startup_stm32f10x_hd.o(.text)
    EXTI4_IRQHandler                         0x08017a93   Thumb Code     0  startup_stm32f10x_hd.o(.text)
    FLASH_IRQHandler                         0x08017a93   Thumb Code     0  startup_stm32f10x_hd.o(.text)
    FSMC_IRQHandler                          0x08017a93   Thumb Code     0  startup_stm32f10x_hd.o(.text)
    I2C1_ER_IRQHandler                       0x08017a93   Thumb Code     0  startup_stm32f10x_hd.o(.text)
    I2C1_EV_IRQHandler                       0x08017a93   Thumb Code     0  startup_stm32f10x_hd.o(.text)
    I2C2_ER_IRQHandler                       0x08017a93   Thumb Code     0  startup_stm32f10x_hd.o(.text)
    I2C2_EV_IRQHandler                       0x08017a93   Thumb Code     0  startup_stm32f10x_hd.o(.text)
    PVD_IRQHandler                           0x08017a93   Thumb Code     0  startup_stm32f10x_hd.o(.text)
    RCC_IRQHandler                           0x08017a93   Thumb Code     0  startup_stm32f10x_hd.o(.text)
    RTCAlarm_IRQHandler                      0x08017a93   Thumb Code     0  startup_stm32f10x_hd.o(.text)
    RTC_IRQHandler                           0x08017a93   Thumb Code     0  startup_stm32f10x_hd.o(.text)
    SDIO_IRQHandler                          0x08017a93   Thumb Code     0  startup_stm32f10x_hd.o(.text)
    SPI1_IRQHandler                          0x08017a93   Thumb Code     0  startup_stm32f10x_hd.o(.text)
    SPI2_IRQHandler                          0x08017a93   Thumb Code     0  startup_stm32f10x_hd.o(.text)
    SPI3_IRQHandler                          0x08017a93   Thumb Code     0  startup_stm32f10x_hd.o(.text)
    TAMPER_IRQHandler                        0x08017a93   Thumb Code     0  startup_stm32f10x_hd.o(.text)
    TIM1_BRK_IRQHandler                      0x08017a93   Thumb Code     0  startup_stm32f10x_hd.o(.text)
    TIM1_CC_IRQHandler                       0x08017a93   Thumb Code     0  startup_stm32f10x_hd.o(.text)
    TIM1_TRG_COM_IRQHandler                  0x08017a93   Thumb Code     0  startup_stm32f10x_hd.o(.text)
    TIM1_UP_IRQHandler                       0x08017a93   Thumb Code     0  startup_stm32f10x_hd.o(.text)
    TIM5_IRQHandler                          0x08017a93   Thumb Code     0  startup_stm32f10x_hd.o(.text)
    TIM6_IRQHandler                          0x08017a93   Thumb Code     0  startup_stm32f10x_hd.o(.text)
    TIM7_IRQHandler                          0x08017a93   Thumb Code     0  startup_stm32f10x_hd.o(.text)
    TIM8_BRK_IRQHandler                      0x08017a93   Thumb Code     0  startup_stm32f10x_hd.o(.text)
    TIM8_CC_IRQHandler                       0x08017a93   Thumb Code     0  startup_stm32f10x_hd.o(.text)
    TIM8_TRG_COM_IRQHandler                  0x08017a93   Thumb Code     0  startup_stm32f10x_hd.o(.text)
    TIM8_UP_IRQHandler                       0x08017a93   Thumb Code     0  startup_stm32f10x_hd.o(.text)
    UART4_IRQHandler                         0x08017a93   Thumb Code     0  startup_stm32f10x_hd.o(.text)
    UART5_IRQHandler                         0x08017a93   Thumb Code     0  startup_stm32f10x_hd.o(.text)
    USART2_IRQHandler                        0x08017a93   Thumb Code     0  startup_stm32f10x_hd.o(.text)
    USART3_IRQHandler                        0x08017a93   Thumb Code     0  startup_stm32f10x_hd.o(.text)
    USBWakeUp_IRQHandler                     0x08017a93   Thumb Code     0  startup_stm32f10x_hd.o(.text)
    USB_HP_CAN1_TX_IRQHandler                0x08017a93   Thumb Code     0  startup_stm32f10x_hd.o(.text)
    WWDG_IRQHandler                          0x08017a93   Thumb Code     0  startup_stm32f10x_hd.o(.text)
    __user_initial_stackheap                 0x08017a95   Thumb Code     0  startup_stm32f10x_hd.o(.text)
    __aeabi_memclr4                          0x08017ab5   Thumb Code     0  rt_memclr_w.o(.text)
    __aeabi_memclr8                          0x08017ab5   Thumb Code     0  rt_memclr_w.o(.text)
    __rt_memclr_w                            0x08017ab5   Thumb Code    78  rt_memclr_w.o(.text)
    _memset_w                                0x08017ab9   Thumb Code     0  rt_memclr_w.o(.text)
    __use_two_region_memory                  0x08017b03   Thumb Code     2  heapauxi.o(.text)
    __rt_heap_escrow$2region                 0x08017b05   Thumb Code     2  heapauxi.o(.text)
    __rt_heap_expand$2region                 0x08017b07   Thumb Code     2  heapauxi.o(.text)
    __user_setup_stackheap                   0x08017b09   Thumb Code    74  sys_stackheap_outer.o(.text)
    exit                                     0x08017b53   Thumb Code    18  exit.o(.text)
    __user_libspace                          0x08017b65   Thumb Code     8  libspace.o(.text)
    __user_perproc_libspace                  0x08017b65   Thumb Code     0  libspace.o(.text)
    __user_perthread_libspace                0x08017b65   Thumb Code     0  libspace.o(.text)
    _sys_exit                                0x08017b6d   Thumb Code     8  sys_exit.o(.text)
    __I$use$semihosting                      0x08017b79   Thumb Code     0  use_no_semi.o(.text)
    __use_no_semihosting_swi                 0x08017b79   Thumb Code     2  use_no_semi.o(.text)
    __semihosting_library_function           0x08017b7b   Thumb Code     0  indicate_semi.o(.text)
    __aeabi_fadd                             0x08017b7d   Thumb Code     0  faddsub_clz.o(x$fpl$fadd)
    _fadd                                    0x08017b7d   Thumb Code   196  faddsub_clz.o(x$fpl$fadd)
    __aeabi_fdiv                             0x08017c41   Thumb Code     0  fdiv.o(x$fpl$fdiv)
    _fdiv                                    0x08017c41   Thumb Code   384  fdiv.o(x$fpl$fdiv)
    __aeabi_f2uiz                            0x08017dc5   Thumb Code     0  ffixu.o(x$fpl$ffixu)
    _ffixu                                   0x08017dc5   Thumb Code    62  ffixu.o(x$fpl$ffixu)
    __aeabi_ui2f                             0x08017e05   Thumb Code     0  fflt_clz.o(x$fpl$ffltu)
    _ffltu                                   0x08017e05   Thumb Code    38  fflt_clz.o(x$fpl$ffltu)
    __aeabi_fmul                             0x08017e2d   Thumb Code     0  fmul.o(x$fpl$fmul)
    _fmul                                    0x08017e2d   Thumb Code   258  fmul.o(x$fpl$fmul)
    __fpl_fnaninf                            0x08017f2f   Thumb Code   140  fnaninf.o(x$fpl$fnaninf)
    __fpl_fretinf                            0x08017fbb   Thumb Code    10  fretinf.o(x$fpl$fretinf)
    __aeabi_frsub                            0x08017fc5   Thumb Code     0  faddsub_clz.o(x$fpl$frsb)
    _frsb                                    0x08017fc5   Thumb Code    20  faddsub_clz.o(x$fpl$frsb)
    __aeabi_fsub                             0x08017fd9   Thumb Code     0  faddsub_clz.o(x$fpl$fsub)
    _fsub                                    0x08017fd9   Thumb Code   234  faddsub_clz.o(x$fpl$fsub)
    __I$use$fp                               0x080180c2   Number         0  usenofp.o(x$fpl$usenofp)
    Region$$Table$$Base                      0x080180c4   Number         0  anon$$obj.o(Region$$Table)
    Region$$Table$$Limit                     0x080180e4   Number         0  anon$$obj.o(Region$$Table)
    Ack                                      0x20000000   Data           4  canpro.o(.data)
    LianDongStatus                           0x20000004   Data           1  canpro.o(.data)
    Shift                                    0x20000005   Data           1  canpro.o(.data)
    RunLevel                                 0x20000006   Data           1  main.o(.data)
    LedTick                                  0x20000008   Data           2  main.o(.data)
    LedRunTime                               0x2000000a   Data           2  main.o(.data)
    UpdateTick                               0x2000000c   Data           2  main.o(.data)
    Crc16                                    0x2000000e   Data           2  public.o(.data)
    SYS_TICK                                 0x20000010   Data           2  public.o(.data)
    SYS_TickSec                              0x20000012   Data           2  public.o(.data)
    sendCnt                                  0x20000014   Data           2  voicepro.o(.data)
    Timer125MsFlag                           0x20000016   Data           1  cpu.o(.data)
    Can                                      0x20000018   Data          24  canpro.o(.bss)
    Init                                     0x20000030   Data         260  canpro.o(.bss)
    LianDong                                 0x20000134   Data        1000  canpro.o(.bss)
    ConfigBuf                                0x2000051c   Data          10  config.o(.bss)
    Device                                   0x20000526   Data        1536  config.o(.bss)
    Excute                                   0x20000b26   Data         800  config.o(.bss)
    Power                                    0x20000e46   Data        1410  netpro.o(.bss)
    Sys                                      0x200013c8   Data          32  public.o(.bss)
    Voice                                    0x200013e8   Data       20012  voicepro.o(.bss)
    Rs485                                    0x20006214   Data        1026  voicepro.o(.bss)
    Net                                      0x20006616   Data        1546  w5500.o(.bss)
    Time                                     0x20006c20   Data          16  sd2068.o(.bss)
    IPDS                                     0x20006c30   Data         580  ipd_zjm.o(.bss)
    PekingPowers                             0x20006e74   Data         820  pekingpower.o(.bss)
    DeviceManger                             0x200071a8   Data          28  devicemanger.o(.bss)
    __libspace_start                         0x200071c4   Data          96  libspace.o(.bss)
    __temporary_stack_top$libspace           0x20007224   Data           0  libspace.o(.bss)



==============================================================================

Memory Map of the image

  Image Entry point : 0x08010131

  Load Region LR_IROM1 (Base: 0x08010000, Size: 0x000080fc, Max: 0x00040000, ABSOLUTE)

    Execution Region ER_IROM1 (Exec base: 0x08010000, Load base: 0x08010000, Size: 0x000080e4, Max: 0x00040000, ABSOLUTE)

    Exec Addr    Load Addr    Size         Type   Attr      Idx    E Section Name        Object

    0x08010000   0x08010000   0x00000130   Data   RO          394    RESET               startup_stm32f10x_hd.o
    0x08010130   0x08010130   0x00000008   Code   RO          405  * !!!main             c_w.l(__main.o)
    0x08010138   0x08010138   0x00000034   Code   RO          589    !!!scatter          c_w.l(__scatter.o)
    0x0801016c   0x0801016c   0x0000001a   Code   RO          591    !!handler_copy      c_w.l(__scatter_copy.o)
    0x08010186   0x08010186   0x00000002   PAD
    0x08010188   0x08010188   0x0000001c   Code   RO          593    !!handler_zi        c_w.l(__scatter_zi.o)
    0x080101a4   0x080101a4   0x00000002   Code   RO          459    .ARM.Collect$$libinit$$00000000  c_w.l(libinit.o)
    0x080101a6   0x080101a6   0x00000000   Code   RO          466    .ARM.Collect$$libinit$$00000002  c_w.l(libinit2.o)
    0x080101a6   0x080101a6   0x00000000   Code   RO          468    .ARM.Collect$$libinit$$00000004  c_w.l(libinit2.o)
    0x080101a6   0x080101a6   0x00000000   Code   RO          471    .ARM.Collect$$libinit$$0000000A  c_w.l(libinit2.o)
    0x080101a6   0x080101a6   0x00000000   Code   RO          473    .ARM.Collect$$libinit$$0000000C  c_w.l(libinit2.o)
    0x080101a6   0x080101a6   0x00000000   Code   RO          475    .ARM.Collect$$libinit$$0000000E  c_w.l(libinit2.o)
    0x080101a6   0x080101a6   0x00000000   Code   RO          478    .ARM.Collect$$libinit$$00000011  c_w.l(libinit2.o)
    0x080101a6   0x080101a6   0x00000000   Code   RO          480    .ARM.Collect$$libinit$$00000013  c_w.l(libinit2.o)
    0x080101a6   0x080101a6   0x00000000   Code   RO          482    .ARM.Collect$$libinit$$00000015  c_w.l(libinit2.o)
    0x080101a6   0x080101a6   0x00000000   Code   RO          484    .ARM.Collect$$libinit$$00000017  c_w.l(libinit2.o)
    0x080101a6   0x080101a6   0x00000000   Code   RO          486    .ARM.Collect$$libinit$$00000019  c_w.l(libinit2.o)
    0x080101a6   0x080101a6   0x00000000   Code   RO          488    .ARM.Collect$$libinit$$0000001B  c_w.l(libinit2.o)
    0x080101a6   0x080101a6   0x00000000   Code   RO          490    .ARM.Collect$$libinit$$0000001D  c_w.l(libinit2.o)
    0x080101a6   0x080101a6   0x00000000   Code   RO          492    .ARM.Collect$$libinit$$0000001F  c_w.l(libinit2.o)
    0x080101a6   0x080101a6   0x00000000   Code   RO          494    .ARM.Collect$$libinit$$00000021  c_w.l(libinit2.o)
    0x080101a6   0x080101a6   0x00000000   Code   RO          496    .ARM.Collect$$libinit$$00000023  c_w.l(libinit2.o)
    0x080101a6   0x080101a6   0x00000000   Code   RO          498    .ARM.Collect$$libinit$$00000025  c_w.l(libinit2.o)
    0x080101a6   0x080101a6   0x00000000   Code   RO          502    .ARM.Collect$$libinit$$0000002C  c_w.l(libinit2.o)
    0x080101a6   0x080101a6   0x00000000   Code   RO          504    .ARM.Collect$$libinit$$0000002E  c_w.l(libinit2.o)
    0x080101a6   0x080101a6   0x00000000   Code   RO          506    .ARM.Collect$$libinit$$00000030  c_w.l(libinit2.o)
    0x080101a6   0x080101a6   0x00000000   Code   RO          508    .ARM.Collect$$libinit$$00000032  c_w.l(libinit2.o)
    0x080101a6   0x080101a6   0x00000002   Code   RO          509    .ARM.Collect$$libinit$$00000033  c_w.l(libinit2.o)
    0x080101a8   0x080101a8   0x00000002   Code   RO          529    .ARM.Collect$$libshutdown$$00000000  c_w.l(libshutdown.o)
    0x080101aa   0x080101aa   0x00000000   Code   RO          542    .ARM.Collect$$libshutdown$$00000002  c_w.l(libshutdown2.o)
    0x080101aa   0x080101aa   0x00000000   Code   RO          544    .ARM.Collect$$libshutdown$$00000004  c_w.l(libshutdown2.o)
    0x080101aa   0x080101aa   0x00000000   Code   RO          547    .ARM.Collect$$libshutdown$$00000007  c_w.l(libshutdown2.o)
    0x080101aa   0x080101aa   0x00000000   Code   RO          550    .ARM.Collect$$libshutdown$$0000000A  c_w.l(libshutdown2.o)
    0x080101aa   0x080101aa   0x00000000   Code   RO          552    .ARM.Collect$$libshutdown$$0000000C  c_w.l(libshutdown2.o)
    0x080101aa   0x080101aa   0x00000000   Code   RO          555    .ARM.Collect$$libshutdown$$0000000F  c_w.l(libshutdown2.o)
    0x080101aa   0x080101aa   0x00000002   Code   RO          556    .ARM.Collect$$libshutdown$$00000010  c_w.l(libshutdown2.o)
    0x080101ac   0x080101ac   0x00000000   Code   RO          429    .ARM.Collect$$rtentry$$00000000  c_w.l(__rtentry.o)
    0x080101ac   0x080101ac   0x00000000   Code   RO          436    .ARM.Collect$$rtentry$$00000002  c_w.l(__rtentry2.o)
    0x080101ac   0x080101ac   0x00000006   Code   RO          448    .ARM.Collect$$rtentry$$00000004  c_w.l(__rtentry4.o)
    0x080101b2   0x080101b2   0x00000000   Code   RO          438    .ARM.Collect$$rtentry$$00000009  c_w.l(__rtentry2.o)
    0x080101b2   0x080101b2   0x00000004   Code   RO          439    .ARM.Collect$$rtentry$$0000000A  c_w.l(__rtentry2.o)
    0x080101b6   0x080101b6   0x00000000   Code   RO          441    .ARM.Collect$$rtentry$$0000000C  c_w.l(__rtentry2.o)
    0x080101b6   0x080101b6   0x00000008   Code   RO          442    .ARM.Collect$$rtentry$$0000000D  c_w.l(__rtentry2.o)
    0x080101be   0x080101be   0x00000002   Code   RO          463    .ARM.Collect$$rtexit$$00000000  c_w.l(rtexit.o)
    0x080101c0   0x080101c0   0x00000000   Code   RO          511    .ARM.Collect$$rtexit$$00000002  c_w.l(rtexit2.o)
    0x080101c0   0x080101c0   0x00000004   Code   RO          512    .ARM.Collect$$rtexit$$00000003  c_w.l(rtexit2.o)
    0x080101c4   0x080101c4   0x00000006   Code   RO          513    .ARM.Collect$$rtexit$$00000004  c_w.l(rtexit2.o)
    0x080101ca   0x080101ca   0x00000002   PAD
    0x080101cc   0x080101cc   0x00000002   Code   RO          366    .emb_text           sys.o
    0x080101ce   0x080101ce   0x00000002   PAD
    0x080101d0   0x080101d0   0x00001ea0   Code   RO            1    .text               canpro.o
    0x08012070   0x08012070   0x00000bbc   Code   RO          110    .text               config.o
    0x08012c2c   0x08012c2c   0x000001d4   Code   RO          126    .text               main.o
    0x08012e00   0x08012e00   0x00001ddc   Code   RO          151    .text               netpro.o
    0x08014bdc   0x08014bdc   0x000001b8   Code   RO          179    .text               public.o
    0x08014d94   0x08014d94   0x000005e4   Code   RO          195    .text               voicepro.o
    0x08015378   0x08015378   0x00000058   Code   RO          215    .text               udp.o
    0x080153d0   0x080153d0   0x0000088a   Code   RO          228    .text               can.o
    0x08015c5a   0x08015c5a   0x00000002   PAD
    0x08015c5c   0x08015c5c   0x00000248   Code   RO          247    .text               cpu.o
    0x08015ea4   0x08015ea4   0x00000428   Code   RO          263    .text               fminit.o
    0x080162cc   0x080162cc   0x000002ec   Code   RO          275    .text               uart.o
    0x080165b8   0x080165b8   0x00000868   Code   RO          288    .text               w5500.o
    0x08016e20   0x08016e20   0x000004c8   Code   RO          304    .text               sd2068.o
    0x080172e8   0x080172e8   0x00000214   Code   RO          319    .text               ipd_zjm.o
    0x080174fc   0x080174fc   0x0000026c   Code   RO          335    .text               pekingpower.o
    0x08017768   0x08017768   0x00000040   Code   RO          351    .text               devicemanger.o
    0x080177a8   0x080177a8   0x000002d4   Code   RO          367    .text               sys.o
    0x08017a7c   0x08017a7c   0x00000038   Code   RO          395    .text               startup_stm32f10x_hd.o
    0x08017ab4   0x08017ab4   0x0000004e   Code   RO          401    .text               c_w.l(rt_memclr_w.o)
    0x08017b02   0x08017b02   0x00000006   Code   RO          403    .text               c_w.l(heapauxi.o)
    0x08017b08   0x08017b08   0x0000004a   Code   RO          450    .text               c_w.l(sys_stackheap_outer.o)
    0x08017b52   0x08017b52   0x00000012   Code   RO          452    .text               c_w.l(exit.o)
    0x08017b64   0x08017b64   0x00000008   Code   RO          460    .text               c_w.l(libspace.o)
    0x08017b6c   0x08017b6c   0x0000000c   Code   RO          521    .text               c_w.l(sys_exit.o)
    0x08017b78   0x08017b78   0x00000002   Code   RO          532    .text               c_w.l(use_no_semi.o)
    0x08017b7a   0x08017b7a   0x00000000   Code   RO          534    .text               c_w.l(indicate_semi.o)
    0x08017b7a   0x08017b7a   0x00000002   PAD
    0x08017b7c   0x08017b7c   0x000000c4   Code   RO          407    x$fpl$fadd          fz_ws.l(faddsub_clz.o)
    0x08017c40   0x08017c40   0x00000184   Code   RO          414    x$fpl$fdiv          fz_ws.l(fdiv.o)
    0x08017dc4   0x08017dc4   0x0000003e   Code   RO          417    x$fpl$ffixu         fz_ws.l(ffixu.o)
    0x08017e02   0x08017e02   0x00000002   PAD
    0x08017e04   0x08017e04   0x00000026   Code   RO          421    x$fpl$ffltu         fz_ws.l(fflt_clz.o)
    0x08017e2a   0x08017e2a   0x00000002   PAD
    0x08017e2c   0x08017e2c   0x00000102   Code   RO          427    x$fpl$fmul          fz_ws.l(fmul.o)
    0x08017f2e   0x08017f2e   0x0000008c   Code   RO          430    x$fpl$fnaninf       fz_ws.l(fnaninf.o)
    0x08017fba   0x08017fba   0x0000000a   Code   RO          432    x$fpl$fretinf       fz_ws.l(fretinf.o)
    0x08017fc4   0x08017fc4   0x00000014   Code   RO          408    x$fpl$frsb          fz_ws.l(faddsub_clz.o)
    0x08017fd8   0x08017fd8   0x000000ea   Code   RO          409    x$fpl$fsub          fz_ws.l(faddsub_clz.o)
    0x080180c2   0x080180c2   0x00000000   Code   RO          434    x$fpl$usenofp       fz_ws.l(usenofp.o)
    0x080180c2   0x080180c2   0x00000002   PAD
    0x080180c4   0x080180c4   0x00000020   Data   RO          587    Region$$Table       anon$$obj.o


    Execution Region RW_IRAM1 (Exec base: 0x20000000, Load base: 0x080180e4, Size: 0x00007828, Max: 0x0000c000, ABSOLUTE)

    Exec Addr    Load Addr    Size         Type   Attr      Idx    E Section Name        Object

    0x20000000   0x080180e4   0x00000006   Data   RW            3    .data               canpro.o
    0x20000006   0x080180ea   0x00000008   Data   RW          127    .data               main.o
    0x2000000e   0x080180f2   0x00000006   Data   RW          181    .data               public.o
    0x20000014   0x080180f8   0x00000002   Data   RW          197    .data               voicepro.o
    0x20000016   0x080180fa   0x00000001   Data   RW          248    .data               cpu.o
    0x20000017   0x080180fb   0x00000001   PAD
    0x20000018        -       0x00000504   Zero   RW            2    .bss                canpro.o
    0x2000051c        -       0x0000092a   Zero   RW          111    .bss                config.o
    0x20000e46        -       0x00000582   Zero   RW          152    .bss                netpro.o
    0x200013c8        -       0x00000020   Zero   RW          180    .bss                public.o
    0x200013e8        -       0x0000522e   Zero   RW          196    .bss                voicepro.o
    0x20006616        -       0x0000060a   Zero   RW          289    .bss                w5500.o
    0x20006c20        -       0x00000010   Zero   RW          305    .bss                sd2068.o
    0x20006c30        -       0x00000244   Zero   RW          320    .bss                ipd_zjm.o
    0x20006e74        -       0x00000334   Zero   RW          336    .bss                pekingpower.o
    0x200071a8        -       0x0000001c   Zero   RW          352    .bss                devicemanger.o
    0x200071c4        -       0x00000060   Zero   RW          461    .bss                c_w.l(libspace.o)
    0x20007224   0x080180fb   0x00000004   PAD
    0x20007228        -       0x00000200   Zero   RW          393    HEAP                startup_stm32f10x_hd.o
    0x20007428        -       0x00000400   Zero   RW          392    STACK               startup_stm32f10x_hd.o


==============================================================================

Image component sizes


      Code (inc. data)   RO Data    RW Data    ZI Data      Debug   Object Name

      2186         62          0          0          0       6303   can.o
      7840        208          0          6       1284      29795   canpro.o
      3004         68          0          0       2346       7675   config.o
       584         40          0          1          0       2268   cpu.o
        64         32          0          0         28        662   devicemanger.o
      1064         18          0          0          0       2596   fminit.o
       532          8          0          0        580       3010   ipd_zjm.o
       468         44          0          8          0       3580   main.o
      7644        178          0          0       1410      12800   netpro.o
       620          8          0          0        820       2588   pekingpower.o
       440         12          0          6         32       3637   public.o
      1224         20          0          0         16       2689   sd2068.o
        56         22        304          0       1536        776   startup_stm32f10x_hd.o
       726         48          0          0          0       2703   sys.o
       748         38          0          0          0       1709   uart.o
        88          4          0          0          0        613   udp.o
      1508         70          0          2      21038       3389   voicepro.o
      2152         60          0          0       1546       6890   w5500.o

    ----------------------------------------------------------------------
     30952        940        336         24      30636      93683   Object Totals
         0          0         32          0          0          0   (incl. Generated)
         4          0          0          1          0          0   (incl. Padding)

    ----------------------------------------------------------------------

      Code (inc. data)   RO Data    RW Data    ZI Data      Debug   Library Member Name

         8          0          0          0          0         68   __main.o
         0          0          0          0          0          0   __rtentry.o
        12          0          0          0          0          0   __rtentry2.o
         6          0          0          0          0          0   __rtentry4.o
        52          8          0          0          0          0   __scatter.o
        26          0          0          0          0          0   __scatter_copy.o
        28          0          0          0          0          0   __scatter_zi.o
        18          0          0          0          0         80   exit.o
         6          0          0          0          0        152   heapauxi.o
         0          0          0          0          0          0   indicate_semi.o
         2          0          0          0          0          0   libinit.o
         2          0          0          0          0          0   libinit2.o
         2          0          0          0          0          0   libshutdown.o
         2          0          0          0          0          0   libshutdown2.o
         8          4          0          0         96         68   libspace.o
        78          0          0          0          0         80   rt_memclr_w.o
         2          0          0          0          0          0   rtexit.o
        10          0          0          0          0          0   rtexit2.o
        12          4          0          0          0         68   sys_exit.o
        74          0          0          0          0         80   sys_stackheap_outer.o
         2          0          0          0          0         68   use_no_semi.o
       450          8          0          0          0        236   faddsub_clz.o
       388         76          0          0          0         96   fdiv.o
        62          4          0          0          0         84   ffixu.o
        38          0          0          0          0         68   fflt_clz.o
       258          4          0          0          0         84   fmul.o
       140          4          0          0          0         84   fnaninf.o
        10          0          0          0          0         68   fretinf.o
         0          0          0          0          0          0   usenofp.o

    ----------------------------------------------------------------------
      1708        112          0          0        100       1384   Library Totals
        12          0          0          0          4          0   (incl. Padding)

    ----------------------------------------------------------------------

      Code (inc. data)   RO Data    RW Data    ZI Data      Debug   Library Name

       350         16          0          0         96        664   c_w.l
      1346         96          0          0          0        720   fz_ws.l

    ----------------------------------------------------------------------
      1708        112          0          0        100       1384   Library Totals

    ----------------------------------------------------------------------

==============================================================================


      Code (inc. data)   RO Data    RW Data    ZI Data      Debug   

     32660       1052        336         24      30736      92723   Grand Totals
     32660       1052        336         24      30736      92723   ELF Image Totals
     32660       1052        336         24          0          0   ROM Totals

==============================================================================

    Total RO  Size (Code + RO Data)                32996 (  32.22kB)
    Total RW  Size (RW Data + ZI Data)             30760 (  30.04kB)
    Total ROM Size (Code + RO Data + RW Data)      33020 (  32.25kB)

==============================================================================

